******************************************************************************
                  TI ARM Linker Unix v18.12.2                  
******************************************************************************
>> Linked Thu Jun  6 15:54:01 2019

OUTPUT FILE NAME:   <uartecho_EK_TM4C123GXL_TI.out>
ENTRY POINT SYMBOL: "_c_int00"  address: 00005681


MEMORY CONFIGURATION

         name            origin    length      used     unused   attr    fill
----------------------  --------  ---------  --------  --------  ----  --------
  FLASH                 00000000   00040000  0000a118  00035ee8  R  X
  SRAM                  20000000   00008000  0000245e  00005ba2  RW X


SEGMENT ALLOCATION MAP

run origin  load origin   length   init length attrs members
----------  ----------- ---------- ----------- ----- -------
00000000    00000000    0000a120   0000a120    r-x
  00000000    00000000    0000003c   0000003c    r-- .resetVecs
  00000040    00000040    000074e2   000074e2    r-x .text
  00007524    00007524    00002972   00002972    r-- .const
  00009e98    00009e98    00000288   00000288    r-- .cinit
20000000    20000000    00000360   00000000    rw-
  20000000    20000000    00000360   00000000    rw- .vecs
20000380    20000380    00002100   00000000    rw-
  20000380    20000380    00001830   00000000    rw- .bss
  20001bb0    20001bb0    000005ce   00000000    rw- .data
  20002180    20002180    00000300   00000000    rw- .stack


SECTION ALLOCATION MAP

 output                                  attributes/
section   page    origin      length       input sections
--------  ----  ----------  ----------   ----------------
.text      0    00000040    000074e2     
                  00000040    00000430     sysbios.aem4f : BIOS.obj (.text:ti_sysbios_family_arm_m3_Hwi_excDumpRegs__I)
                  00000470    0000034c     ti.targets.arm.rtsarm.aem4f : System.oem4f (.text:xdc_runtime_System_doPrint__I)
                  000007bc    00000004     driverlib.lib : uart.obj (.text:UARTIntClear)
                  000007c0    000002ec     sysbios.aem4f : BIOS.obj (.text:ti_sysbios_knl_Semaphore_pend__E)
                  00000aac    00000004     rtsv7M4_T_le_v4SPD16_eabi.lib : exit.c.obj (.text:abort:abort)
                  00000ab0    0000026c     sysbios.aem4f : BIOS.obj (.text:ti_sysbios_heaps_HeapMem_free__E)
                  00000d1c    00000004     uartecho_pem4f.oem4f (.text:ti_sysbios_BIOS_RtsGateProxy_enter__E)
                  00000d20    00000250     sysbios.aem4f : BIOS.obj (.text:ti_sysbios_heaps_HeapMem_alloc__E)
                  00000f70    00000234                   : BIOS.obj (.text:ti_sysbios_knl_Task_Instance_finalize__E)
                  000011a4    0000020c     drivers_tivaware.aem4f : UARTTiva.oem4f (.text:UARTTiva_open)
                  000013b0    000001f4     sysbios.aem4f : BIOS.obj (.text:ti_sysbios_family_arm_m3_Hwi_excHandlerMax__I)
                  000015a4    00000004     uartecho_pem4f.oem4f (.text:ti_sysbios_BIOS_RtsGateProxy_leave__E)
                  000015a8    000001c0     sysbios.aem4f : BIOS.obj (.text:ti_sysbios_knl_Task_Instance_init__E)
                  00001768    0000018c                   : BIOS.obj (.text:ti_sysbios_family_arm_lm4_Timer_start__E)
                  000018f4    00000004                   : BIOS.obj (.text:ti_sysbios_family_arm_lm4_Timer_masterEnable__I)
                  000018f8    00000178                   : BIOS.obj (.text:ti_sysbios_family_arm_lm4_TimestampProvider_get64__E)
                  00001a70    00000174                   : BIOS.obj (.text:ti_sysbios_family_arm_m3_Hwi_excBusFault__I)
                  00001be4    00000004     uartecho_pem4f.oem4f (.text:ti_sysbios_family_arm_m3_Hwi_destruct)
                  00001be8    00000164     sysbios.aem4f : BIOS.obj (.text:ti_sysbios_family_arm_m3_Hwi_excUsageFault__I)
                  00001d4c    00000150     drivers_tivaware.aem4f : GPIOTiva.oem4f (.text:GPIO_setConfig)
                  00001e9c    00000004     uartecho_pem4f.oem4f (.text:ti_sysbios_family_arm_m3_TaskSupport_Module__startupDone__S)
                  00001ea0    00000148     sysbios.aem4f : BIOS.obj (.text:ti_sysbios_family_arm_m3_Hwi_excMemFault__I)
                  00001fe8    00000140                   : BIOS.obj (.text:ti_sysbios_knl_Semaphore_post__E)
                  00002128    0000013c                   : BIOS.obj (.text:ti_sysbios_heaps_HeapMem_Instance_init__E)
                  00002264    00000004     uartecho_pem4f.oem4f (.text:ti_sysbios_heaps_HeapMem_Module_GateProxy_enter__E)
                  00002268    0000013c     sysbios.aem4f : BIOS.obj (.text:ti_sysbios_knl_Clock_workFunc__E)
                  000023a4    0000013c     uartecho_pem4f.oem4f (.text:ti_uia_loggers_LoggerStopMode_writeMemoryRange__E)
                  000024e0    00000138     sysbios.aem4f : BIOS.obj (.text:ti_sysbios_family_arm_m3_Hwi_dispatchC__I)
                  00002618    00000130     driverlib.lib : gpio.obj (.text:GPIOPadConfigSet)
                  00002748    0000012c     uartecho.obj (.text:main)
                  00002874    00000004     uartecho_pem4f.oem4f (.text:ti_sysbios_heaps_HeapMem_Module_GateProxy_leave__E)
                  00002878    0000011c     sysbios.aem4f : BIOS.obj (.text:ti_sysbios_knl_Clock_Instance_init__E)
                  00002994    00000004     uartecho_pem4f.oem4f (.text:ti_sysbios_knl_Clock_TimerProxy_getMaxTicks__E)
                  00002998    0000011c     sysbios.aem4f : BIOS.obj (.text:ti_sysbios_knl_Swi_run__I)
                  00002ab4    00000118     ti.targets.arm.rtsarm.aem4f : Error.oem4f (.text:xdc_runtime_Error_policyDefault__E)
                  00002bcc    00000110     uartecho_pem4f.oem4f (.text:ti_uia_loggers_LoggerStopMode_write8__E)
                  00002cdc    00000100     Boot.aem4f : Boot_sysctl.oem4f (.text:ti_catalog_arm_cortexm4_tiva_ce_Boot_sysCtlClockSetI__I)
                  00002ddc    00000100     ti.targets.arm.rtsarm.aem4f : Core-mem.oem4f (.text:xdc_runtime_Core_createObject__I)
                  00002edc    000000f8     uartecho_pem4f.oem4f (.text:ti_uia_loggers_LoggerStopMode_write4__E)
                  00002fd4    000000f8     ti.targets.arm.rtsarm.aem4f : Startup.oem4f (.text:xdc_runtime_Startup_startMods__I)
                  000030cc    000000f8     uartecho_pem4f.oem4f (.text:xdc_runtime_System_printfExtend__I)
                  000031c4    000000f4     sysbios.aem4f : m3_Hwi_asm.obj (.text:ti_sysbios_family_arm_m3_Hwi_dispatch__I)
                  000032b8    000000ec     uartecho_pem4f.oem4f (.text:ti_uia_loggers_LoggerStopMode_write1__E)
                  000033a4    000000ec     uartecho_pem4f.oem4f (.text:ti_uia_loggers_LoggerStopMode_write2__E)
                  00003490    000000dc     uartecho_pem4f.oem4f (.text:ti_uia_loggers_LoggerStopMode_write0__E)
                  0000356c    00000004     uartecho_pem4f.oem4f (.text:ti_sysbios_knl_Clock_TimerProxy_getPeriod__E)
                  00003570    000000d8     sysbios.aem4f : BIOS.obj (.text:ti_sysbios_family_arm_lm4_TimestampProvider_get32__E)
                  00003648    000000cc                   : BIOS.obj (.text:ti_sysbios_knl_Task_schedule__I)
                  00003714    000000cc     ti.targets.arm.rtsarm.aem4f : Core-smem.oem4f (.text:xdc_runtime_Core_constructObject__I)
                  000037e0    000000bc     sysbios.aem4f : BIOS.obj (.text:ti_sysbios_family_arm_m3_Hwi_excDebugMon__I)
                  0000389c    00000004     uartecho_pem4f.oem4f (.text:ti_sysbios_knl_Clock_destruct)
                  000038a0    000000bc     sysbios.aem4f : BIOS.obj (.text:ti_sysbios_family_arm_m3_Hwi_excHardFault__I)
                  0000395c    00000004     uartecho_pem4f.oem4f (.text:ti_sysbios_knl_Queue_destruct)
                  00003960    000000bc     sysbios.aem4f : BIOS.obj (.text:ti_sysbios_knl_Task_startCore__E)
                  00003a1c    00000004     uartecho_pem4f.oem4f (.text:ti_sysbios_knl_Semaphore_destruct)
                  00003a20    000000bc     sysbios.aem4f : BIOS.obj (.text:ti_sysbios_utils_Load_updateLoads__E)
                  00003adc    00000004     ti.uia.loggers.aem4f : LoggerStopMode.oem4f (.text:ti_uia_loggers_LoggerStopMode_getContents__E)
                  00003ae0    000000b4     sysbios.aem4f : BIOS.obj (.text:ti_sysbios_gates_GateMutex_enter__E)
                  00003b94    00000004     uartecho_pem4f.oem4f (.text:ti_uia_loggers_LoggerStopMode_getFilterLevel__E)
                  00003b98    000000b4     sysbios.aem4f : BIOS.obj (.text:ti_sysbios_knl_Task_checkStacks__E)
                  00003c4c    00000004     ti.uia.loggers.aem4f : LoggerStopMode.oem4f (.text:ti_uia_loggers_LoggerStopMode_getInstanceId__E)
                  00003c50    000000b0     sysbios.aem4f : BIOS.obj (.text:ti_sysbios_utils_Load_idleFxn__E)
                  00003d00    000000ac     drivers_tivaware.aem4f : UARTTiva.oem4f (.text:readTaskBlocking)
                  00003dac    00000004     ti.uia.loggers.aem4f : LoggerStopMode.oem4f (.text:ti_uia_loggers_LoggerStopMode_getMaxLength__E)
                  00003db0    000000ac     sysbios.aem4f : BIOS.obj (.text:ti_sysbios_family_arm_lm4_Timer_enableTiva__I)
                  00003e5c    00000004     ti.uia.loggers.aem4f : LoggerStopMode.oem4f (.text:ti_uia_loggers_LoggerStopMode_getPriority__E)
                  00003e60    000000ac     sysbios.aem4f : BIOS.obj (.text:ti_sysbios_knl_Swi_post__E)
                  00003f0c    00000004     ti.uia.loggers.aem4f : LoggerStopMode.oem4f (.text:ti_uia_loggers_LoggerStopMode_getTransferType__E)
                  00003f10    000000a8     sysbios.aem4f : BIOS.obj (.text:ti_sysbios_family_arm_lm4_Timer_enableTimers__I)
                  00003fb8    000000a8                   : BIOS.obj (.text:ti_sysbios_knl_Task_blockI__E)
                  00004060    000000a8                   : BIOS.obj (.text:ti_sysbios_knl_Task_postInit__I)
                  00004108    000000a4                   : BIOS.obj (.text:ti_sysbios_knl_Clock_Instance_finalize__E)
                  000041ac    000000a0     auto_init.aem4f : auto_init.oem4f (.text)
                  0000424c    000000a0     ti.targets.arm.rtsarm.aem4f : Text.oem4f (.text:xdc_runtime_Text_putMod__E)
                  000042ec    0000009c     rtsv7M4_T_le_v4SPD16_eabi.lib : memcpy_t2.asm.obj (.text)
                  00004388    0000009c     sysbios.aem4f : BIOS.obj (.text:ti_sysbios_knl_Semaphore_Instance_init__E)
                  00004424    0000009a     ti.targets.arm.rtsarm.aem4f : Text.oem4f (.text:xdc_runtime_Text_putSite__E)
                  000044be    00000098     drivers_tivaware.aem4f : UARTTiva.oem4f (.text:UARTTiva_readPolling)
                  00004556    00000002     rtsv7M4_T_le_v4SPD16_eabi.lib : _lock.c.obj (.text:_nop)
                  00004558    00000098     Boot.aem4f : Boot.oem4f (.text:ti_catalog_arm_cortexm4_tiva_ce_Boot_sysCtlClockSet__E)
                  000045f0    00000094     drivers_tivaware.aem4f : UARTTiva.oem4f (.text:UARTTiva_write)
                  00004684    00000004     ti.targets.arm.rtsarm.aem4f : Error.oem4f (.text:xdc_runtime_Error_getSite__E)
                  00004688    00000094     sysbios.aem4f : BIOS.obj (.text:ti_sysbios_family_arm_m3_Hwi_Instance_init__E)
                  0000471c    00000004     uartecho_pem4f.oem4f (.text:xdc_runtime_System_Module_GateProxy_enter__E)
                  00004720    00000094     sysbios.aem4f : BIOS.obj (.text:ti_sysbios_family_arm_m3_Hwi_initNVIC__E)
                  000047b4    00000004     uartecho_pem4f.oem4f (.text:xdc_runtime_System_Module_GateProxy_leave__E)
                  000047b8    00000094     sysbios.aem4f : BIOS.obj (.text:ti_sysbios_knl_Task_exit__E)
                  0000484c    00000004     ti.targets.arm.rtsarm.aem4f : System.oem4f (.text:xdc_runtime_System_aprintf_va__F)
                  00004850    00000090     sysbios.aem4f : BIOS.obj (.text:ti_sysbios_knl_Task_unblockI__E)
                  000048e0    00000090     ti.uia.loggers.aem4f : LoggerStopMode.oem4f (.text:ti_uia_loggers_LoggerStopMode_initQueueDescriptor__E)
                  00004970    0000008c     drivers_tivaware.aem4f : GPIOTiva.oem4f (.text:GPIO_init)
                  000049fc    0000008c                            : UARTTiva.oem4f (.text:UARTTiva_control)
                  00004a88    0000008c     sysbios.aem4f : m3_TaskSupport_asm.obj (.text:ti_sysbios_family_arm_m3_TaskSupport_buildTaskStack)
                  00004b14    0000008a     drivers_tivaware.aem4f : UARTTiva.oem4f (.text:readIsrTextBlocking)
                  00004b9e    00000002     rtsv7M4_T_le_v4SPD16_eabi.lib : div0.asm.obj (.text)
                  00004ba0    00000088     uartecho.obj (.text:echoFxn)
                  00004c28    00000084     sysbios.aem4f : BIOS.obj (.text:ti_sysbios_family_arm_m3_Hwi_postInit__I)
                  00004cac    00000082     drivers_tivaware.aem4f : UARTTiva.oem4f (.text:readIsrTextCallback)
                  00004d2e    0000007a                            : UARTTiva.oem4f (.text:readTaskCallback)
                  00004da8    0000007a     rtsv7M4_T_le_v4SPD16_eabi.lib : memset_t2.asm.obj (.text)
                  00004e22    00000006     driverlib.lib : gpio.obj (.text:GPIOIntClear)
                  00004e28    00000074     sysbios.aem4f : BIOS.obj (.text:ti_sysbios_knl_Clock_start__E)
                  00004e9c    00000074     ti.uia.runtime.aem4f : QueueDescriptor.oem4f (.text:ti_uia_runtime_QueueDescriptor_addToList__E)
                  00004f10    0000006d     ti.targets.arm.rtsarm.aem4f : System.oem4f (.text:xdc_runtime_System_formatNum__I)
                  00004f7d    00000001     --HOLE-- [fill = 0]
                  00004f7e    00000002     uartecho_pem4f.oem4f (.text:ti_sysbios_BIOS_nullFunc__I)
                  00004f80    0000006c     sysbios.aem4f : BIOS.obj (.text:ti_sysbios_knl_Swi_restoreHwi__E)
                  00004fec    0000006c     drivers_tivaware.aem4f : UARTTiva.oem4f (.text:writeData)
                  00005058    0000006c     ti.targets.arm.rtsarm.aem4f : Error.oem4f (.text:xdc_runtime_Error_print__E)
                  000050c4    0000006c                                 : Memory.oem4f (.text:xdc_runtime_Memory_alloc__E)
                  00005130    00000068     rtsv7M4_T_le_v4SPD16_eabi.lib : copy_decompress_lzss.c.obj (.text:decompress:lzss:__TI_decompress_lzss)
                  00005198    00000066     ti.uia.loggers.aem4f : LoggerStopMode.oem4f (.text:ti_uia_loggers_LoggerStopMode_flush__E)
                  000051fe    00000066     ti.targets.arm.rtsarm.aem4f : Core-mem.oem4f (.text:xdc_runtime_Core_deleteObject__I)
                  00005264    00000064     drivers_tivaware.aem4f : GPIOTiva.oem4f (.text:GPIO_hwiIntFxn)
                  000052c8    00000064     sysbios.aem4f : BIOS.obj (.text:ti_sysbios_family_arm_lm4_Timer_Module_startup__E)
                  0000532c    00000064     uartecho_pem4f.oem4f (.text:ti_sysbios_family_arm_m3_Hwi_create)
                  00005390    00000060     sysbios.aem4f : BIOS.obj (.text:ti_sysbios_family_arm_lm4_Timer_isrStub__E)
                  000053f0    00000060                   : BIOS.obj (.text:ti_sysbios_knl_Clock_logTick__E)
                  00005450    00000060                   : BIOS.obj (.text:ti_sysbios_utils_Load_logCPULoad__I)
                  000054b0    0000005e     drivers_tivaware.aem4f : UARTTiva.oem4f (.text:readIsrBinaryBlocking)
                  0000550e    00000002     uartecho_pem4f.oem4f (.text:ti_uia_loggers_LoggerStopMode_setFilterLevel__E)
                  00005510    0000005c     sysbios.aem4f : BIOS.obj (.text:ti_sysbios_knl_Swi_schedule__I)
                  0000556c    00000004     ti.targets.arm.rtsarm.aem4f : System.oem4f (.text:xdc_runtime_System_printf_va__F)
                  00005570    0000005c     sysbios.aem4f : BIOS.obj (.text:ti_sysbios_knl_Task_Module_startup__E)
                  000055cc    0000005b     ti.targets.arm.rtsarm.aem4f : Text.oem4f (.text:xdc_runtime_Text_putLab__E)
                  00005627    00000001     --HOLE-- [fill = 0]
                  00005628    00000058     rtsv7M4_T_le_v4SPD16_eabi.lib : hostwrite.c.obj (.text:HOSTwrite)
                  00005680    00000058     boot.aem4f : boot.oem4f (.text)
                  000056d8    00000058     uartecho_pem4f.oem4f (.text:ti_sysbios_family_arm_m3_Hwi_construct)
                  00005730    00000058     sysbios.aem4f : m3_Hwi_asm_switch.obj (.text:ti_sysbios_family_arm_m3_Hwi_initStacks__E)
                  00005788    00000056     driverlib.lib : gpio.obj (.text:GPIOIntTypeSet)
                  000057de    00000054     drivers_tivaware.aem4f : UARTTiva.oem4f (.text:readIsrBinaryCallback)
                  00005832    00000002     ti.uia.loggers.aem4f : LoggerStopMode.oem4f (.text:ti_uia_loggers_LoggerStopMode_setPriority__E)
                  00005834    00000054     uartecho_pem4f.oem4f (.text:ti_sysbios_knl_Task_construct)
                  00005888    00000054     ti.targets.arm.rtsarm.aem4f : Assert.oem4f (.text:xdc_runtime_Assert_raise__I)
                  000058dc    00000050     drivers_tivaware.aem4f : GPIOTiva.oem4f (.text:GPIO_setCallback)
                  0000592c    00000050                            : GPIOTiva.oem4f (.text:GPIO_write)
                  0000597c    00000050                            : UARTTiva.oem4f (.text:UARTTiva_writeCancel)
                  000059cc    00000002     uartecho_pem4f.oem4f (.text:xdc_runtime_Startup_reset__I)
                  000059ce    00000002     --HOLE-- [fill = 0]
                  000059d0    00000050     sysbios.aem4f : BIOS.obj (.text:ti_sysbios_family_arm_m3_Hwi_Module_startup__E)
                  00005a20    00000050     ti.targets.arm.rtsarm.aem4f : Startup.oem4f (.text:xdc_runtime_Startup_exec__E)
                  00005a70    00000050                                 : Text.oem4f (.text:xdc_runtime_Text_visitRope2__I)
                  00005ac0    0000004c     drivers_tivaware.aem4f : UARTTiva.oem4f (.text:UARTTiva_close)
                  00005b0c    0000004c     rtsv7M4_T_le_v4SPD16_eabi.lib : cpy_tbl.c.obj (.text:copy_in)
                  00005b58    0000004c     sysbios.aem4f : BIOS.obj (.text:ti_sysbios_heaps_HeapMem_getStats__E)
                  00005ba4    00000004     --HOLE-- [fill = 0]
                  00005ba8    0000004c                   : BIOS.obj (.text:ti_sysbios_knl_Swi_runLoop__I)
                  00005bf4    00000004     --HOLE-- [fill = 0]
                  00005bf8    0000004c                   : BIOS.obj (.text:ti_sysbios_knl_Task_allBlockedFunction__I)
                  00005c44    0000004c     ti.uia.loggers.aem4f : LoggerStopMode.oem4f (.text:ti_uia_loggers_LoggerStopMode_Module_startup__E)
                  00005c90    00000048     driverlib.lib : gpio.obj (.text:GPIOPinConfigure)
                  00005cd8    00000048     sysbios.aem4f : BIOS.obj (.text:ti_sysbios_family_arm_m3_Hwi_disableInterrupt__E)
                  00005d20    00000048                   : BIOS.obj (.text:ti_sysbios_family_arm_m3_Hwi_enableInterrupt__E)
                  00005d68    00000048                   : BIOS.obj (.text:ti_sysbios_family_arm_m3_Hwi_excReserved__I)
                  00005db0    00000046     drivers_tivaware.aem4f : RingBuf.oem4f (.text:RingBuf_put)
                  00005df6    00000046     ti.targets.arm.rtsarm.aem4f : Core-params.oem4f (.text:xdc_runtime_Core_assignParams__I)
                  00005e3c    00000004     --HOLE-- [fill = 0]
                  00005e40    00000044     sysbios.aem4f : BIOS.obj (.text:ti_sysbios_family_arm_lm4_Timer_stop__E)
                  00005e84    00000004     --HOLE-- [fill = 0]
                  00005e88    00000044                   : BIOS.obj (.text:ti_sysbios_family_arm_m3_Hwi_getStackInfo__E)
                  00005ecc    00000044     ti.uia.loggers.aem4f : LoggerStopMode.oem4f (.text:ti_uia_loggers_LoggerStopMode_initBuffer__I)
                  00005f10    00000044     ti.targets.arm.rtsarm.aem4f : Error.oem4f (.text:xdc_runtime_Error_setX__E)
                  00005f54    00000044                                 : SysMin.oem4f (.text:xdc_runtime_SysMin_flush__E)
                  00005f98    00000044                                 : Text.oem4f (.text:xdc_runtime_Text_xprintf__I)
                  00005fdc    00000042     driverlib.lib : uart.obj (.text:UARTConfigSetExpClk)
                  0000601e    00000042     drivers_tivaware.aem4f : UARTTiva.oem4f (.text:UARTTiva_hwiIntFxn)
                  00006060    00000042                            : UARTTiva.oem4f (.text:UARTTiva_writePolling)
                  000060a2    00000002     --HOLE-- [fill = 0]
                  000060a4    00000040     EK_TM4C123GXL.obj (.text:EK_TM4C123GXL_initGeneral)
                  000060e4    00000040     drivers_tivaware.aem4f : RingBuf.oem4f (.text:RingBuf_get)
                  00006124    00000040                            : UARTTiva.oem4f (.text:UARTTiva_read)
                  00006164    00000040     rtsv7M4_T_le_v4SPD16_eabi.lib : u_divt2.asm.obj (.text)
                  000061a4    00000004     --HOLE-- [fill = 0]
                  000061a8    00000040     sysbios.aem4f : BIOS.obj (.text:ti_sysbios_family_arm_lm4_Timer_startup__E)
                  000061e8    0000003c                   : BIOS.obj (.text:ti_sysbios_family_arm_m3_Hwi_excSvCall__I)
                  00006224    00000004     --HOLE-- [fill = 0]
                  00006228    0000003c                   : BIOS.obj (.text:ti_sysbios_heaps_HeapMem_init__I)
                  00006264    00000004     --HOLE-- [fill = 0]
                  00006268    0000003c                   : BIOS.obj (.text:ti_sysbios_knl_Swi_startup__E)
                  000062a4    00000038     drivers_tivaware.aem4f : UART.oem4f (.text:UART_init)
                  000062dc    00000038     rtsv7M4_T_le_v4SPD16_eabi.lib : trgmsg.c.obj (.text:__TI_writemsg)
                  00006314    00000004     --HOLE-- [fill = 0]
                  00006318    00000038     sysbios.aem4f : BIOS.obj (.text:ti_sysbios_family_arm_m3_Hwi_excNoIsr__I)
                  00006350    00000038                   : BIOS.obj (.text:ti_sysbios_knl_Task_processVitalTaskFlag__I)
                  00006388    00000038     ti.targets.arm.rtsarm.aem4f : SysMin.oem4f (.text:xdc_runtime_SysMin_putch__E)
                  000063c0    00000038                                 : System.oem4f (.text:xdc_runtime_System_atexit__E)
                  000063f8    00000036     drivers_tivaware.aem4f : UARTTiva.oem4f (.text:UARTTiva_readCancel)
                  0000642e    00000002     --HOLE-- [fill = 0]
                  00006430    00000034     driverlib.lib : sysctl.obj (.text:SysCtlPeripheralEnable)
                  00006464    00000034     rtsv7M4_T_le_v4SPD16_eabi.lib : trgmsg.c.obj (.text:__TI_readmsg)
                  00006498    00000034     sysbios.aem4f : BIOS.obj (.text:ti_sysbios_family_arm_m3_Hwi_Instance_finalize__E)
                  000064cc    00000004     --HOLE-- [fill = 0]
                  000064d0    00000034                   : BIOS.obj (.text:ti_sysbios_family_arm_m3_Hwi_excNmi__I)
                  00006504    00000004     --HOLE-- [fill = 0]
                  00006508    00000034                   : BIOS.obj (.text:ti_sysbios_hal_Hwi_checkStack)
                  0000653c    00000034     uartecho_pem4f.oem4f (.text:ti_sysbios_knl_Clock_construct)
                  00006570    00000034     ti.uia.loggers.aem4f : LoggerStopMode.oem4f (.text:ti_uia_loggers_LoggerStopMode_reset__E)
                  000065a4    00000034     ti.targets.arm.rtsarm.aem4f : Core-label.oem4f (.text:xdc_runtime_Core_assignLabel__I)
                  000065d8    00000033                                 : Text.oem4f (.text:xdc_runtime_Text_printVisFxn__I)
                  0000660b    00000005     --HOLE-- [fill = 0]
                  00006610    00000032     sysbios.aem4f : BIOS.obj (.text:ti_sysbios_hal_Hwi_initStack)
                  00006642    00000006     driverlib.lib : gpio.obj (.text:GPIOPinWrite)
                  00006648    00000032     sysbios.aem4f : BIOS.obj (.text:ti_sysbios_knl_Semaphore_pendTimeout__I)
                  0000667a    00000002     --HOLE-- [fill = 0]
                  0000667c    00000030     EK_TM4C123GXL.obj (.text:EK_TM4C123GXL_initGPIO)
                  000066ac    00000030     drivers_tivaware.aem4f : UART.oem4f (.text:UART_open)
                  000066dc    00000030     uartecho_pem4f.oem4f (.text:ti_sysbios_BIOS_atExitFunc__I)
                  0000670c    00000004     --HOLE-- [fill = 0]
                  00006710    00000030     sysbios.aem4f : BIOS.obj (.text:ti_sysbios_family_arm_m3_TaskSupport_start__E)
                  00006740    00000030     uartecho_pem4f.oem4f (.text:ti_sysbios_gates_GateHwi_Object__create__S)
                  00006770    00000030     uartecho_pem4f.oem4f (.text:ti_sysbios_gates_GateMutex_Object__create__S)
                  000067a0    00000030     uartecho_pem4f.oem4f (.text:ti_sysbios_heaps_HeapMem_Object__create__S)
                  000067d0    00000030     uartecho_pem4f.oem4f (.text:ti_sysbios_knl_Semaphore_construct)
                  00006800    00000030     sysbios.aem4f : BIOS.obj (.text:ti_sysbios_utils_Load_updateCurrentThreadTime__E)
                  00006830    00000030     uartecho_pem4f.oem4f (.text:ti_uia_loggers_LoggerStopMode_Object__create__S)
                  00006860    00000030     ti.targets.arm.rtsarm.aem4f : SysMin.oem4f (.text:xdc_runtime_SysMin_abort__E)
                  00006890    00000030                                 : System.oem4f (.text:xdc_runtime_System_processAtExit__E)
                  000068c0    0000002c     EK_TM4C123GXL.obj (.text:EK_TM4C123GXL_initUART)
                  000068ec    0000002c     uartecho_pem4f.oem4f (.text:ti_sysbios_knl_Clock_doTick__I)
                  00006918    0000002c     uartecho_pem4f.oem4f (.text:ti_sysbios_knl_Queue_construct)
                  00006944    00000004     --HOLE-- [fill = 0]
                  00006948    0000002c     sysbios.aem4f : BIOS.obj (.text:ti_sysbios_knl_Task_restore__E)
                  00006974    0000002c     ti.targets.arm.rtsarm.aem4f : Text.oem4f (.text:xdc_runtime_Text_cordText__E)
                  000069a0    0000002a     driverlib.lib : gpio.obj (.text:GPIODirModeSet)
                  000069ca    0000002a     ti.targets.arm.rtsarm.aem4f : System.oem4f (.text:xdc_runtime_System_putchar__I)
                  000069f4    00000004     --HOLE-- [fill = 0]
                  000069f8    00000028     sysbios.aem4f : BIOS.obj (.text:ti_sysbios_knl_Swi_Module_startup__E)
                  00006a20    00000026                   : m3_Hwi_asm.obj (.text:ti_sysbios_family_arm_m3_Hwi_pendSV__I)
                  00006a46    00000026     ti.targets.arm.rtsarm.aem4f : System.oem4f (.text:xdc_runtime_System_avprintf__E)
                  00006a6c    00000024     uartecho_pem4f.oem4f (.text:ti_sysbios_BIOS_registerRTSLock__I)
                  00006a90    00000024     uartecho_pem4f.oem4f (.text:ti_sysbios_BIOS_removeRTSLock__I)
                  00006ab4    00000024     uartecho_pem4f.oem4f (.text:ti_sysbios_BIOS_startFunc__I)
                  00006ad8    00000024     sysbios.aem4f : BIOS.obj (.text:ti_sysbios_family_arm_m3_Hwi_doTaskRestore__I)
                  00006afc    00000024     uartecho_pem4f.oem4f (.text:ti_sysbios_gates_GateMutex_Object__delete__S)
                  00006b20    00000024     sysbios.aem4f : BIOS.obj (.text:ti_sysbios_knl_Clock_Module_startup__E)
                  00006b44    00000024     ti.targets.arm.rtsarm.aem4f : System.oem4f (.text:xdc_runtime_System_vprintf__E)
                  00006b68    00000022     sysbios.aem4f : BIOS.obj (.text:ti_sysbios_family_arm_lm4_Timer_write__I)
                  00006b8a    00000022     uartecho_pem4f.oem4f (.text:xdc_runtime_SysMin_output__I)
                  00006bac    00000020     uartecho_pem4f.oem4f (.text:ti_sysbios_BIOS_rtsLock__I)
                  00006bcc    00000020     sysbios.aem4f : m3_Hwi_asm.obj (.text:ti_sysbios_family_arm_m3_Hwi_excHandlerAsm__I)
                  00006bec    00000004     --HOLE-- [fill = 0]
                  00006bf0    00000020                   : BIOS.obj (.text:ti_sysbios_family_arm_m3_Hwi_excHandler__I)
                  00006c10    00000020     uartecho_pem4f.oem4f (.text:ti_sysbios_gates_GateHwi_Object__delete__S)
                  00006c30    00000020     uartecho_pem4f.oem4f (.text:ti_sysbios_heaps_HeapMem_Object__delete__S)
                  00006c50    00000020     uartecho_pem4f.oem4f (.text:ti_sysbios_knl_Clock_Object__destruct__S)
                  00006c70    00000020     sysbios.aem4f : BIOS.obj (.text:ti_sysbios_knl_Idle_run__E)
                  00006c90    00000020     uartecho_pem4f.oem4f (.text:ti_sysbios_knl_Semaphore_Object__destruct__S)
                  00006cb0    00000020     uartecho_pem4f.oem4f (.text:ti_uia_loggers_LoggerStopMode_Object__delete__S)
                  00006cd0    00000020     ti.targets.arm.rtsarm.aem4f : Registry.oem4f (.text:xdc_runtime_Registry_findById__E)
                  00006cf0    00000020                                 : SysMin.oem4f (.text:xdc_runtime_SysMin_Module_startup__E)
                  00006d10    0000001e     uartecho_pem4f.oem4f (.text:ti_sysbios_BIOS_errorRaiseHook__I)
                  00006d2e    0000001e     sysbios.aem4f : m3_Hwi_asm_switch.obj (.text:ti_sysbios_family_xxx_Hwi_switchAndRunFunc)
                  00006d4c    0000001c     driverlib.lib : uart.obj (.text:UARTDisable)
                  00006d68    0000001c     drivers_tivaware.aem4f : GPIOTiva.oem4f (.text:getGpioIntIndex)
                  00006d84    0000001c     uartecho_pem4f.oem4f (.text:ti_sysbios_family_arm_m3_Hwi_Object__destruct__S)
                  00006da0    0000001c     sysbios.aem4f : BIOS.obj (.text:ti_sysbios_gates_GateMutex_Instance_init__E)
                  00006dbc    0000001c     uartecho_pem4f.oem4f (.text:ti_sysbios_knl_Queue_Object__destruct__S)
                  00006dd8    0000001c     sysbios.aem4f : BIOS.obj (.text:ti_sysbios_knl_Task_enter__I)
                  00006df4    0000001c     ti.uia.loggers.aem4f : LoggerStopMode.oem4f (.text:ti_uia_loggers_LoggerStopMode_Instance_init__E)
                  00006e10    0000001c     ti.targets.arm.rtsarm.aem4f : Error.oem4f (.text:xdc_runtime_Error_raiseX__E)
                  00006e2c    0000001c                                 : Memory.oem4f (.text:xdc_runtime_Memory_valloc__E)
                  00006e48    0000001c                                 : SysMin.oem4f (.text:xdc_runtime_SysMin_exit__E)
                  00006e64    0000001c                                 : System.oem4f (.text:xdc_runtime_System_abort__E)
                  00006e80    0000001a     uartecho_pem4f.oem4f (.text:ti_sysbios_family_arm_m3_Hwi_Handle__label__S)
                  00006e9a    0000001a     uartecho_pem4f.oem4f (.text:ti_sysbios_gates_GateHwi_Handle__label__S)
                  00006eb4    0000001a     uartecho_pem4f.oem4f (.text:ti_sysbios_gates_GateMutex_Handle__label__S)
                  00006ece    0000001a     uartecho_pem4f.oem4f (.text:ti_sysbios_heaps_HeapMem_Handle__label__S)
                  00006ee8    0000001a     uartecho_pem4f.oem4f (.text:ti_sysbios_knl_Swi_Handle__label__S)
                  00006f02    0000001a     uartecho_pem4f.oem4f (.text:ti_sysbios_knl_Task_Handle__label__S)
                  00006f1c    0000001a     uartecho_pem4f.oem4f (.text:ti_uia_loggers_LoggerStopMode_Handle__label__S)
                  00006f36    0000001a     uartecho_pem4f.oem4f (.text:xdc_runtime_System_aprintf__E)
                  00006f50    0000001a     uartecho_pem4f.oem4f (.text:xdc_runtime_System_printf__E)
                  00006f6a    00000002     --HOLE-- [fill = 0]
                  00006f6c    00000018     drivers_tivaware.aem4f : UART.oem4f (.text:UART_Params_init)
                  00006f84    00000018     rtsv7M4_T_le_v4SPD16_eabi.lib : args_main.c.obj (.text:_args_main)
                  00006f9c    00000018     uartecho_pem4f.oem4f (.text:ti_sysbios_BIOS_rtsUnlock__I)
                  00006fb4    00000018     uartecho_pem4f.oem4f (.text:ti_sysbios_family_arm_lm4_Timer_Module__startupDone__F)
                  00006fcc    00000018     uartecho_pem4f.oem4f (.text:ti_sysbios_family_arm_m3_Hwi_Module__startupDone__F)
                  00006fe4    00000018     sysbios.aem4f : m3_TaskSupport_asm.obj (.text:ti_sysbios_family_arm_m3_TaskSupport_swap__E)
                  00006ffc    00000004     --HOLE-- [fill = 0]
                  00007000    00000018                   : BIOS.obj (.text:ti_sysbios_gates_GateMutex_leave__E)
                  00007018    00000018     ti.targets.arm.rtsarm.aem4f : Error.oem4f (.text:xdc_runtime_Error_check__E)
                  00007030    00000018                                 : System.oem4f (.text:xdc_runtime_System_exit__E)
                  00007048    00000018                                 : Text.oem4f (.text:xdc_runtime_Text_ropeText__E)
                  00007060    00000016     uartecho_pem4f.oem4f (.text:ti_sysbios_BIOS_exitFunc__I)
                  00007076    00000016     uartecho.obj (.text:ti_sysbios_knl_Task_Params_init)
                  0000708c    00000016     ti.uia.loggers.aem4f : LoggerStopMode.oem4f (.text:ti_uia_loggers_LoggerStopMode_disable__E)
                  000070a2    00000016                          : LoggerStopMode.oem4f (.text:ti_uia_loggers_LoggerStopMode_enable__E)
                  000070b8    00000014     driverlib.lib : uart.obj (.text:UARTEnable)
                  000070cc    00000014     rtsv7M4_T_le_v4SPD16_eabi.lib : strlen.c.obj (.text:strlen)
                  000070e0    00000014     uartecho_pem4f.oem4f (.text:ti_sysbios_family_arm_m3_Hwi_Object__get__S)
                  000070f4    00000004     --HOLE-- [fill = 0]
                  000070f8    00000014     sysbios.aem4f : BIOS.obj (.text:ti_sysbios_family_arm_m3_Hwi_switchFromBootStack__E)
                  0000710c    00000014     uartecho_pem4f.oem4f (.text:ti_sysbios_heaps_HeapMem_Object__get__S)
                  00007120    00000014     uartecho_pem4f.oem4f (.text:ti_sysbios_knl_Swi_Object__get__S)
                  00007134    00000012     driverlib.lib : gpio.obj (.text:GPIOPinTypeGPIOInput)
                  00007146    00000012                   : gpio.obj (.text:GPIOPinTypeUART)
                  00007158    00000012     drivers_tivaware.aem4f : RingBuf.oem4f (.text:RingBuf_construct)
                  0000716a    00000006     driverlib.lib : uart.obj (.text:UARTFIFOLevelSet)
                  00007170    00000012     sysbios.aem4f : BIOS.obj (.text:ti_sysbios_hal_Hwi_Module_startup__E)
                  00007182    00000012     uartecho_pem4f.oem4f (.text:xdc_runtime_Startup_exec__I)
                  00007194    00000010     drivers_tivaware.aem4f : UARTTiva.oem4f (.text:readBlockingTimeout)
                  000071a4    00000004     --HOLE-- [fill = 0]
                  000071a8    00000010     sysbios.aem4f : BIOS.obj (.text:ti_sysbios_BIOS_getCpuFreq__E)
                  000071b8    00000010                   : BIOS.obj (.text:ti_sysbios_BIOS_setThreadType__E)
                  000071c8    00000010                   : BIOS.obj (.text:ti_sysbios_BIOS_start__E)
                  000071d8    00000010                   : BIOS.obj (.text:ti_sysbios_family_arm_lm4_TimestampProvider_rolloverFunc__E)
                  000071e8    00000010                   : m3_TaskSupport_asm.obj (.text:ti_sysbios_family_arm_m3_TaskSupport_glue)
                  000071f8    00000010                   : BIOS.obj (.text:ti_sysbios_gates_GateMutex_Instance_finalize__E)
                  00007208    00000010                   : BIOS.obj (.text:ti_sysbios_knl_Semaphore_Instance_finalize__E)
                  00007218    00000010                   : BIOS.obj (.text:ti_sysbios_knl_Swi_disable__E)
                  00007228    00000010     uartecho_pem4f.oem4f (.text:ti_sysbios_knl_Task_Object__get__S)
                  00007238    00000010     sysbios.aem4f : BIOS.obj (.text:ti_sysbios_knl_Task_disable__E)
                  00007248    00000010     uartecho_pem4f.oem4f (.text:ti_uia_loggers_LoggerStopMode_Object__get__S)
                  00007258    00000010     ti.uia.loggers.aem4f : LoggerStopMode.oem4f (.text:ti_uia_loggers_LoggerStopMode_isEmpty__E)
                  00007268    00000010     ti.targets.arm.rtsarm.aem4f : Gate.oem4f (.text:xdc_runtime_Gate_leaveSystem__E)
                  00007278    00000010                                 : Memory.oem4f (.text:xdc_runtime_Memory_free__E)
                  00007288    00000010                                 : SysMin.oem4f (.text:xdc_runtime_SysMin_ready__E)
                  00007298    00000010                                 : System.oem4f (.text:xdc_runtime_System_vsnprintf__E)
                  000072a8    00000010     uartecho_pem4f.oem4f (.text:xdc_runtime_Text_visitRope__I)
                  000072b8    0000000e     driverlib.lib : gpio.obj (.text:GPIOIntStatus)
                  000072c6    0000000e                   : uart.obj (.text:UARTCharGetNonBlocking)
                  000072d4    0000000e                   : uart.obj (.text:UARTCharPutNonBlocking)
                  000072e2    0000000e     rtsv7M4_T_le_v4SPD16_eabi.lib : copy_decompress_none.c.obj (.text:decompress:none:__TI_decompress_none)
                  000072f0    0000000e     sysbios.aem4f : BIOS.obj (.text:ti_sysbios_knl_Idle_loop__E)
                  000072fe    00000002     --HOLE-- [fill = 0]
                  00007300    0000000e                   : BIOS.obj (.text:ti_sysbios_knl_Queue_empty__E)
                  0000730e    00000002     --HOLE-- [fill = 0]
                  00007310    0000000c     uartecho_pem4f.oem4f (.text:.bootCodeSection:ti_catalog_arm_cortexm4_tiva_ce_Boot_init__I)
                  0000731c    0000000c     drivers_tivaware.aem4f : RingBuf.oem4f (.text:RingBuf_peek)
                  00007328    0000000c     driverlib.lib : uart.obj (.text:UARTFlowControlSet)
                  00007334    0000000c     drivers_tivaware.aem4f : UARTTiva.oem4f (.text:UARTTiva_init)
                  00007340    0000000c     rtsv7M4_T_le_v4SPD16_eabi.lib : _lock.c.obj (.text:_register_lock)
                  0000734c    0000000c                                   : _lock.c.obj (.text:_register_unlock)
                  00007358    0000000c                                   : copy_zero_init.c.obj (.text:decompress:ZI:__TI_zero_init)
                  00007364    00000004     --HOLE-- [fill = 0]
                  00007368    0000000c     sysbios.aem4f : BIOS.obj (.text:ti_sysbios_family_arm_lm4_Timer_getMaxTicks__E)
                  00007374    00000004     --HOLE-- [fill = 0]
                  00007378    0000000c                   : BIOS.obj (.text:ti_sysbios_family_arm_lm4_TimestampProvider_startTimer__E)
                  00007384    0000000c     uartecho_pem4f.oem4f (.text:ti_sysbios_family_arm_m3_Hwi_Params__init__S)
                  00007390    0000000c     sysbios.aem4f : BIOS.obj (.text:ti_sysbios_family_arm_m3_Hwi_disableFxn__E)
                  0000739c    00000004     --HOLE-- [fill = 0]
                  000073a0    0000000c                   : BIOS.obj (.text:ti_sysbios_family_arm_m3_TaskSupport_checkStack__E)
                  000073ac    00000004     --HOLE-- [fill = 0]
                  000073b0    0000000c                   : BIOS.obj (.text:ti_sysbios_family_arm_m3_TaskSupport_getStackAlignment__E)
                  000073bc    00000004     --HOLE-- [fill = 0]
                  000073c0    0000000c                   : BIOS.obj (.text:ti_sysbios_gates_GateHwi_enter__E)
                  000073cc    0000000c     uartecho_pem4f.oem4f (.text:ti_sysbios_knl_Clock_Params__init__S)
                  000073d8    0000000c     uartecho_pem4f.oem4f (.text:ti_sysbios_knl_Queue_Object__get__S)
                  000073e4    0000000c     uartecho_pem4f.oem4f (.text:ti_sysbios_knl_Semaphore_Params__init__S)
                  000073f0    0000000c     uartecho_pem4f.oem4f (.text:ti_sysbios_knl_Task_Params__init__S)
                  000073fc    0000000c     ti.targets.arm.rtsarm.aem4f : Error.oem4f (.text:xdc_runtime_Error_init__E)
                  00007408    0000000c                                 : Gate.oem4f (.text:xdc_runtime_Gate_enterSystem__E)
                  00007414    0000000c                                 : Memory.oem4f (.text:xdc_runtime_Memory_calloc__E)
                  00007420    0000000c                                 : Memory.oem4f (.text:xdc_runtime_Memory_getMaxDefaultTypeAlign__E)
                  0000742c    0000000a     driverlib.lib : uart.obj (.text:UARTCharGet)
                  00007436    0000000a                   : uart.obj (.text:UARTCharPut)
                  00007440    0000000a                   : uart.obj (.text:UARTIntDisable)
                  0000744a    0000000a                   : uart.obj (.text:UARTIntStatus)
                  00007454    0000000a     drivers_tivaware.aem4f : UART.oem4f (.text:UART_read)
                  0000745e    0000000a                            : UART.oem4f (.text:UART_write)
                  00007468    0000000a     uartecho_pem4f.oem4f (.text:xdc_runtime_IHeap_alloc)
                  00007472    0000000a     uartecho_pem4f.oem4f (.text:xdc_runtime_IHeap_free)
                  0000747c    00000008     driverlib.lib : uart.obj (.text:UARTIntEnable)
                  00007484    00000008                   : uart.obj (.text:UARTRxErrorGet)
                  0000748c    00000008     drivers_tivaware.aem4f : UARTTiva.oem4f (.text:readSemCallback)
                  00007494    00000008     sysbios.aem4f : BIOS.obj (.text:ti_sysbios_family_arm_lm4_Timer_masterDisable__I)
                  0000749c    00000004     --HOLE-- [fill = 0]
                  000074a0    00000008                   : BIOS.obj (.text:ti_sysbios_family_arm_m3_Hwi_doSwiRestore__I)
                  000074a8    00000008                   : BIOS.obj (.text:ti_sysbios_family_arm_m3_Hwi_startup__E)
                  000074b0    00000008     drivers_tivaware.aem4f : UARTTiva.oem4f (.text:writeSemCallback)
                  000074b8    00000006     driverlib.lib : uart.obj (.text:UARTRxErrorClear)
                  000074be    00000006     Boot.aem4f : Boot_sysctl.oem4f (.text:ti_catalog_arm_cortexm4_tiva_ce_Boot_sysCtlDelayI__I)
                  000074c4    00000004     --HOLE-- [fill = 0]
                  000074c8    00000006     sysbios.aem4f : BIOS.obj (.text:ti_sysbios_family_arm_lm4_TimestampProvider_Module_startup__E)
                  000074ce    00000002     --HOLE-- [fill = 0]
                  000074d0    00000006                   : BIOS.obj (.text:ti_sysbios_family_arm_m3_Hwi_restoreFxn__E)
                  000074d6    00000002     --HOLE-- [fill = 0]
                  000074d8    00000006                   : BIOS.obj (.text:ti_sysbios_gates_GateHwi_leave__E)
                  000074de    00000002     --HOLE-- [fill = 0]
                  000074e0    00000006                   : BIOS.obj (.text:ti_sysbios_heaps_HeapMem_isBlocking__E)
                  000074e6    00000002     --HOLE-- [fill = 0]
                  000074e8    00000006                   : BIOS.obj (.text:ti_sysbios_knl_Clock_stop__E)
                  000074ee    00000002     --HOLE-- [fill = 0]
                  000074f0    00000006                   : BIOS.obj (.text:ti_sysbios_knl_Queue_Instance_init__E)
                  000074f6    00000006     ti.targets.arm.rtsarm.aem4f : System.oem4f (.text:xdc_runtime_System_Module_startup__E)
                  000074fc    00000004     --HOLE-- [fill = 0]
                  00007500    00000004     sysbios.aem4f : BIOS.obj (.text:ti_sysbios_family_arm_lm4_Timer_getPeriod__E)
                  00007504    00000004     --HOLE-- [fill = 0]
                  00007508    00000004                   : BIOS.obj (.text:ti_sysbios_gates_GateHwi_query__E)
                  0000750c    00000004     --HOLE-- [fill = 0]
                  00007510    00000004                   : BIOS.obj (.text:ti_sysbios_gates_GateMutex_query__E)
                  00007514    00000004     --HOLE-- [fill = 0]
                  00007518    00000004                   : BIOS.obj (.text:ti_sysbios_knl_Task_startup__E)
                  0000751c    00000004     --HOLE-- [fill = 0]
                  00007520    00000002                   : BIOS.obj (.text:ti_sysbios_gates_GateHwi_Instance_init__E)

.const     0    00007524    00002972     
                  00007524    00001fa3     uartecho_pem4f.oem4f (.const:xdc_runtime_Text_charTab__A)
                  000094c7    00000001     uartecho_pem4f.oem4f (.const:xdc_runtime_Error_policy__C)
                  000094c8    00000104     uartecho_pem4f.oem4f (.const:xdc_runtime_Text_nodeTab__A)
                  000095cc    00000090     driverlib.lib : gpio.obj (.const:g_pui32GPIOBaseAddrs)
                  0000965c    00000060     uartecho_pem4f.oem4f (.const:ti_uia_loggers_LoggerStopMode_Module__FXNS__C)
                  000096bc    00000054     drivers_tivaware.aem4f : GPIOTiva.oem4f (.const:.string)
                  00009710    0000004c                            : UARTTiva.oem4f (.const)
                  0000975c    00000048     uartecho_pem4f.oem4f (.const:.string)
                  000097a4    00000048     drivers_tivaware.aem4f : GPIOTiva.oem4f (.const:gpioBaseAddresses)
                  000097ec    0000003c     uartecho_pem4f.oem4f (.const:ti_sysbios_knl_Task_Object__PARAMS__C)
                  00009828    00000030     uartecho_pem4f.oem4f (.const:ti_sysbios_family_arm_m3_Hwi_Object__PARAMS__C)
                  00009858    00000028     drivers_tivaware.aem4f : UARTTiva.oem4f (.const:UARTTiva_fxnTable)
                  00009880    00000028     uartecho_pem4f.oem4f (.const:ti_sysbios_heaps_HeapMem_Module__FXNS__C)
                  000098a8    00000028     uartecho_pem4f.oem4f (.const:ti_uia_loggers_LoggerStopMode_Object__PARAMS__C)
                  000098d0    00000028     uartecho_pem4f.oem4f (.const:xdc_runtime_Startup_sfxnTab__A)
                  000098f8    00000024     drivers_tivaware.aem4f : UART.oem4f (.const:UART_defaultParams)
                  0000991c    00000024     uartecho_pem4f.oem4f (.const:ti_sysbios_gates_GateHwi_Module__FXNS__C)
                  00009940    00000024     uartecho_pem4f.oem4f (.const:ti_sysbios_gates_GateMutex_Module__FXNS__C)
                  00009964    00000024     uartecho_pem4f.oem4f (.const:ti_sysbios_heaps_HeapMem_Object__PARAMS__C)
                  00009988    00000024     uartecho_pem4f.oem4f (.const:ti_sysbios_knl_Clock_Object__PARAMS__C)
                  000099ac    00000024     uartecho_pem4f.oem4f (.const:ti_sysbios_knl_Semaphore_Object__PARAMS__C)
                  000099d0    00000020     uartecho_pem4f.oem4f (.const:ti_sysbios_family_arm_m3_Hwi_Object__DESC__C)
                  000099f0    00000020     uartecho_pem4f.oem4f (.const:ti_sysbios_gates_GateHwi_Object__DESC__C)
                  00009a10    00000020     uartecho_pem4f.oem4f (.const:ti_sysbios_gates_GateMutex_Object__DESC__C)
                  00009a30    00000020     uartecho_pem4f.oem4f (.const:ti_sysbios_heaps_HeapMem_Object__DESC__C)
                  00009a50    00000020     uartecho_pem4f.oem4f (.const:ti_sysbios_knl_Clock_Object__DESC__C)
                  00009a70    00000020     uartecho_pem4f.oem4f (.const:ti_sysbios_knl_Queue_Object__DESC__C)
                  00009a90    00000020     uartecho_pem4f.oem4f (.const:ti_sysbios_knl_Semaphore_Object__DESC__C)
                  00009ab0    00000020     uartecho_pem4f.oem4f (.const:ti_sysbios_knl_Task_Object__DESC__C)
                  00009ad0    00000020     uartecho_pem4f.oem4f (.const:ti_uia_loggers_LoggerStopMode_Object__DESC__C)
                  00009af0    00000018     EK_TM4C123GXL.obj (.const:UART_config)
                  00009b08    00000018     uartecho_pem4f.oem4f (.const:ti_sysbios_gates_GateHwi_Object__PARAMS__C)
                  00009b20    00000018     uartecho_pem4f.oem4f (.const:ti_sysbios_gates_GateMutex_Object__PARAMS__C)
                  00009b38    00000018     uartecho_pem4f.oem4f (.const:ti_sysbios_knl_Queue_Object__PARAMS__C)
                  00009b50    00000018     EK_TM4C123GXL.obj (.const:uartTivaHWAttrs)
                  00009b68    00000017     uartecho.obj (.const:.string:$P$T0$1)
                  00009b7f    00000001     --HOLE-- [fill = 0]
                  00009b80    00000014     EK_TM4C123GXL.obj (.const:GPIOTiva_config)
                  00009b94    00000014     uartecho_pem4f.oem4f (.const:xdc_runtime_Startup_firstFxns__A)
                  00009ba8    00000014     uartecho_pem4f.oem4f (.const:xdc_runtime_Startup_sfxnRts__A)
                  00009bbc    00000008     uartecho_pem4f.oem4f (.const:ti_sysbios_family_arm_m3_Hwi_excHookFuncs__A)
                  00009bc4    00000008     uartecho_pem4f.oem4f (.const:ti_sysbios_knl_Idle_funcList__A)
                  00009bcc    00000008     uartecho_pem4f.oem4f (.const:ti_sysbios_knl_Idle_funcList__C)
                  00009bd4    00000008     uartecho_pem4f.oem4f (.const:xdc_runtime_Startup_firstFxns__C)
                  00009bdc    00000008     uartecho_pem4f.oem4f (.const:xdc_runtime_Startup_lastFxns__C)
                  00009be4    00000004     uartecho_pem4f.oem4f (.const:ti_catalog_arm_cortexm4_tiva_ce_Boot_A_mustUseEnhancedClockMode__C)
                  00009be8    00000004     uartecho_pem4f.oem4f (.const:ti_catalog_arm_cortexm4_tiva_ce_Boot_Module__diagsEnabled__C)
                  00009bec    00000004     uartecho_pem4f.oem4f (.const:ti_catalog_arm_cortexm4_tiva_ce_Boot_Module__diagsIncluded__C)
                  00009bf0    00000004     uartecho_pem4f.oem4f (.const:ti_catalog_arm_cortexm4_tiva_ce_Boot_Module__diagsMask__C)
                  00009bf4    00000004     uartecho_pem4f.oem4f (.const:ti_sysbios_family_arm_lm4_Timer_enableFunc__C)
                  00009bf8    00000004     uartecho_pem4f.oem4f (.const:ti_sysbios_family_arm_lm4_Timer_numTimerDevices__C)
                  00009bfc    00000004     uartecho_pem4f.oem4f (.const:ti_sysbios_family_arm_lm4_Timer_startupNeeded__C)
                  00009c00    00000004     uartecho_pem4f.oem4f (.const:ti_sysbios_family_arm_m3_Hwi_E_NMI__C)
                  00009c04    00000004     uartecho_pem4f.oem4f (.const:ti_sysbios_family_arm_m3_Hwi_E_alreadyDefined__C)
                  00009c08    00000004     uartecho_pem4f.oem4f (.const:ti_sysbios_family_arm_m3_Hwi_E_busFault__C)
                  00009c0c    00000004     uartecho_pem4f.oem4f (.const:ti_sysbios_family_arm_m3_Hwi_E_debugMon__C)
                  00009c10    00000004     uartecho_pem4f.oem4f (.const:ti_sysbios_family_arm_m3_Hwi_E_hardFault__C)
                  00009c14    00000004     uartecho_pem4f.oem4f (.const:ti_sysbios_family_arm_m3_Hwi_E_memFault__C)
                  00009c18    00000004     uartecho_pem4f.oem4f (.const:ti_sysbios_family_arm_m3_Hwi_E_noIsr__C)
                  00009c1c    00000004     uartecho_pem4f.oem4f (.const:ti_sysbios_family_arm_m3_Hwi_E_reserved__C)
                  00009c20    00000004     uartecho_pem4f.oem4f (.const:ti_sysbios_family_arm_m3_Hwi_E_svCall__C)
                  00009c24    00000004     uartecho_pem4f.oem4f (.const:ti_sysbios_family_arm_m3_Hwi_E_usageFault__C)
                  00009c28    00000004     uartecho_pem4f.oem4f (.const:ti_sysbios_family_arm_m3_Hwi_LD_end__C)
                  00009c2c    00000004     uartecho_pem4f.oem4f (.const:ti_sysbios_family_arm_m3_Hwi_LM_begin__C)
                  00009c30    00000004     uartecho_pem4f.oem4f (.const:ti_sysbios_family_arm_m3_Hwi_Module__diagsEnabled__C)
                  00009c34    00000004     uartecho_pem4f.oem4f (.const:ti_sysbios_family_arm_m3_Hwi_Module__diagsIncluded__C)
                  00009c38    00000004     uartecho_pem4f.oem4f (.const:ti_sysbios_family_arm_m3_Hwi_Module__diagsMask__C)
                  00009c3c    00000004     uartecho_pem4f.oem4f (.const:ti_sysbios_family_arm_m3_Hwi_Module__loggerFxn1__C)
                  00009c40    00000004     uartecho_pem4f.oem4f (.const:ti_sysbios_family_arm_m3_Hwi_Module__loggerFxn8__C)
                  00009c44    00000004     uartecho_pem4f.oem4f (.const:ti_sysbios_family_arm_m3_Hwi_Module__loggerObj__C)
                  00009c48    00000004     uartecho_pem4f.oem4f (.const:ti_sysbios_family_arm_m3_Hwi_NUM_INTERRUPTS__C)
                  00009c4c    00000004     uartecho_pem4f.oem4f (.const:ti_sysbios_family_arm_m3_Hwi_Object__count__C)
                  00009c50    00000004     uartecho_pem4f.oem4f (.const:ti_sysbios_family_arm_m3_Hwi_ccr__C)
                  00009c54    00000004     uartecho_pem4f.oem4f (.const:ti_sysbios_family_arm_m3_Hwi_excHandlerFunc__C)
                  00009c58    00000004     uartecho_pem4f.oem4f (.const:ti_sysbios_family_arm_m3_Hwi_excHookFuncs__C)
                  00009c5c    00000004     uartecho_pem4f.oem4f (.const:ti_sysbios_family_arm_m3_Hwi_nullIsrFunc__C)
                  00009c60    00000004     uartecho_pem4f.oem4f (.const:ti_sysbios_family_arm_m3_Hwi_priGroup__C)
                  00009c64    00000004     uartecho_pem4f.oem4f (.const:ti_sysbios_family_arm_m3_TaskSupport_stackAlignment__C)
                  00009c68    00000004     uartecho_pem4f.oem4f (.const:ti_sysbios_gates_GateMutex_A_badContext__C)
                  00009c6c    00000004     uartecho_pem4f.oem4f (.const:ti_sysbios_gates_GateMutex_Instance_State_sem__O)
                  00009c70    00000004     uartecho_pem4f.oem4f (.const:ti_sysbios_gates_GateMutex_Module__diagsEnabled__C)
                  00009c74    00000004     uartecho_pem4f.oem4f (.const:ti_sysbios_gates_GateMutex_Module__diagsIncluded__C)
                  00009c78    00000004     uartecho_pem4f.oem4f (.const:ti_sysbios_gates_GateMutex_Module__diagsMask__C)
                  00009c7c    00000004     uartecho_pem4f.oem4f (.const:ti_sysbios_hal_Hwi_E_stackOverflow__C)
                  00009c80    00000004     uartecho_pem4f.oem4f (.const:ti_sysbios_heaps_HeapMem_A_align__C)
                  00009c84    00000004     uartecho_pem4f.oem4f (.const:ti_sysbios_heaps_HeapMem_A_heapSize__C)
                  00009c88    00000004     uartecho_pem4f.oem4f (.const:ti_sysbios_heaps_HeapMem_A_invalidFree__C)
                  00009c8c    00000004     uartecho_pem4f.oem4f (.const:ti_sysbios_heaps_HeapMem_A_zeroBlock__C)
                  00009c90    00000004     uartecho_pem4f.oem4f (.const:ti_sysbios_heaps_HeapMem_E_memory__C)
                  00009c94    00000004     uartecho_pem4f.oem4f (.const:ti_sysbios_heaps_HeapMem_Module__diagsEnabled__C)
                  00009c98    00000004     uartecho_pem4f.oem4f (.const:ti_sysbios_heaps_HeapMem_Module__diagsIncluded__C)
                  00009c9c    00000004     uartecho_pem4f.oem4f (.const:ti_sysbios_heaps_HeapMem_Module__diagsMask__C)
                  00009ca0    00000004     uartecho_pem4f.oem4f (.const:ti_sysbios_heaps_HeapMem_Module__gateObj__C)
                  00009ca4    00000004     uartecho_pem4f.oem4f (.const:ti_sysbios_heaps_HeapMem_Object__count__C)
                  00009ca8    00000004     uartecho_pem4f.oem4f (.const:ti_sysbios_heaps_HeapMem_reqAlign__C)
                  00009cac    00000004     uartecho_pem4f.oem4f (.const:ti_sysbios_knl_Clock_A_badThreadType__C)
                  00009cb0    00000004     uartecho_pem4f.oem4f (.const:ti_sysbios_knl_Clock_LM_begin__C)
                  00009cb4    00000004     uartecho_pem4f.oem4f (.const:ti_sysbios_knl_Clock_LM_tick__C)
                  00009cb8    00000004     uartecho_pem4f.oem4f (.const:ti_sysbios_knl_Clock_LW_delayed__C)
                  00009cbc    00000004     uartecho_pem4f.oem4f (.const:ti_sysbios_knl_Clock_Module_State_clockQ__O)
                  00009cc0    00000004     uartecho_pem4f.oem4f (.const:ti_sysbios_knl_Clock_Module__diagsEnabled__C)
                  00009cc4    00000004     uartecho_pem4f.oem4f (.const:ti_sysbios_knl_Clock_Module__diagsIncluded__C)
                  00009cc8    00000004     uartecho_pem4f.oem4f (.const:ti_sysbios_knl_Clock_Module__diagsMask__C)
                  00009ccc    00000004     uartecho_pem4f.oem4f (.const:ti_sysbios_knl_Clock_Module__loggerFxn1__C)
                  00009cd0    00000004     uartecho_pem4f.oem4f (.const:ti_sysbios_knl_Clock_Module__loggerFxn2__C)
                  00009cd4    00000004     uartecho_pem4f.oem4f (.const:ti_sysbios_knl_Clock_Module__loggerObj__C)
                  00009cd8    00000004     uartecho_pem4f.oem4f (.const:ti_sysbios_knl_Semaphore_A_badContext__C)
                  00009cdc    00000004     uartecho_pem4f.oem4f (.const:ti_sysbios_knl_Semaphore_A_noEvents__C)
                  00009ce0    00000004     uartecho_pem4f.oem4f (.const:ti_sysbios_knl_Semaphore_A_overflow__C)
                  00009ce4    00000004     uartecho_pem4f.oem4f (.const:ti_sysbios_knl_Semaphore_A_pendTaskDisabled__C)
                  00009ce8    00000004     uartecho_pem4f.oem4f (.const:ti_sysbios_knl_Semaphore_Instance_State_pendQ__O)
                  00009cec    00000004     uartecho_pem4f.oem4f (.const:ti_sysbios_knl_Semaphore_LM_pend__C)
                  00009cf0    00000004     uartecho_pem4f.oem4f (.const:ti_sysbios_knl_Semaphore_LM_post__C)
                  00009cf4    00000004     uartecho_pem4f.oem4f (.const:ti_sysbios_knl_Semaphore_Module__diagsEnabled__C)
                  00009cf8    00000004     uartecho_pem4f.oem4f (.const:ti_sysbios_knl_Semaphore_Module__diagsIncluded__C)
                  00009cfc    00000004     uartecho_pem4f.oem4f (.const:ti_sysbios_knl_Semaphore_Module__diagsMask__C)
                  00009d00    00000004     uartecho_pem4f.oem4f (.const:ti_sysbios_knl_Semaphore_Module__loggerFxn2__C)
                  00009d04    00000004     uartecho_pem4f.oem4f (.const:ti_sysbios_knl_Semaphore_Module__loggerFxn4__C)
                  00009d08    00000004     uartecho_pem4f.oem4f (.const:ti_sysbios_knl_Semaphore_Module__loggerObj__C)
                  00009d0c    00000004     uartecho_pem4f.oem4f (.const:ti_sysbios_knl_Swi_LD_end__C)
                  00009d10    00000004     uartecho_pem4f.oem4f (.const:ti_sysbios_knl_Swi_LM_begin__C)
                  00009d14    00000004     uartecho_pem4f.oem4f (.const:ti_sysbios_knl_Swi_LM_post__C)
                  00009d18    00000004     uartecho_pem4f.oem4f (.const:ti_sysbios_knl_Swi_Module__diagsEnabled__C)
                  00009d1c    00000004     uartecho_pem4f.oem4f (.const:ti_sysbios_knl_Swi_Module__diagsIncluded__C)
                  00009d20    00000004     uartecho_pem4f.oem4f (.const:ti_sysbios_knl_Swi_Module__diagsMask__C)
                  00009d24    00000004     uartecho_pem4f.oem4f (.const:ti_sysbios_knl_Swi_Module__loggerFxn1__C)
                  00009d28    00000004     uartecho_pem4f.oem4f (.const:ti_sysbios_knl_Swi_Module__loggerFxn4__C)
                  00009d2c    00000004     uartecho_pem4f.oem4f (.const:ti_sysbios_knl_Swi_Module__loggerObj__C)
                  00009d30    00000004     uartecho_pem4f.oem4f (.const:ti_sysbios_knl_Swi_Object__count__C)
                  00009d34    00000004     uartecho_pem4f.oem4f (.const:ti_sysbios_knl_Task_A_badPriority__C)
                  00009d38    00000004     uartecho_pem4f.oem4f (.const:ti_sysbios_knl_Task_A_badTaskState__C)
                  00009d3c    00000004     uartecho_pem4f.oem4f (.const:ti_sysbios_knl_Task_A_badThreadType__C)
                  00009d40    00000004     uartecho_pem4f.oem4f (.const:ti_sysbios_knl_Task_A_noPendElem__C)
                  00009d44    00000004     uartecho_pem4f.oem4f (.const:ti_sysbios_knl_Task_E_spOutOfBounds__C)
                  00009d48    00000004     uartecho_pem4f.oem4f (.const:ti_sysbios_knl_Task_E_stackOverflow__C)
                  00009d4c    00000004     uartecho_pem4f.oem4f (.const:ti_sysbios_knl_Task_LD_block__C)
                  00009d50    00000004     uartecho_pem4f.oem4f (.const:ti_sysbios_knl_Task_LD_exit__C)
                  00009d54    00000004     uartecho_pem4f.oem4f (.const:ti_sysbios_knl_Task_LD_ready__C)
                  00009d58    00000004     uartecho_pem4f.oem4f (.const:ti_sysbios_knl_Task_LM_switch__C)
                  00009d5c    00000004     uartecho_pem4f.oem4f (.const:ti_sysbios_knl_Task_Module_State_inactiveQ__O)
                  00009d60    00000004     uartecho_pem4f.oem4f (.const:ti_sysbios_knl_Task_Module__diagsEnabled__C)
                  00009d64    00000004     uartecho_pem4f.oem4f (.const:ti_sysbios_knl_Task_Module__diagsIncluded__C)
                  00009d68    00000004     uartecho_pem4f.oem4f (.const:ti_sysbios_knl_Task_Module__diagsMask__C)
                  00009d6c    00000004     uartecho_pem4f.oem4f (.const:ti_sysbios_knl_Task_Module__loggerFxn2__C)
                  00009d70    00000004     uartecho_pem4f.oem4f (.const:ti_sysbios_knl_Task_Module__loggerFxn4__C)
                  00009d74    00000004     uartecho_pem4f.oem4f (.const:ti_sysbios_knl_Task_Module__loggerObj__C)
                  00009d78    00000004     uartecho_pem4f.oem4f (.const:ti_sysbios_knl_Task_Object__count__C)
                  00009d7c    00000004     uartecho_pem4f.oem4f (.const:ti_sysbios_knl_Task_allBlockedFunc__C)
                  00009d80    00000004     uartecho_pem4f.oem4f (.const:ti_sysbios_knl_Task_defaultStackHeap__C)
                  00009d84    00000004     uartecho_pem4f.oem4f (.const:ti_sysbios_knl_Task_defaultStackSize__C)
                  00009d88    00000004     uartecho_pem4f.oem4f (.const:ti_sysbios_knl_Task_numConstructedTasks__C)
                  00009d8c    00000004     uartecho_pem4f.oem4f (.const:ti_sysbios_utils_Load_LS_cpuLoad__C)
                  00009d90    00000004     uartecho_pem4f.oem4f (.const:ti_sysbios_utils_Load_Module__diagsEnabled__C)
                  00009d94    00000004     uartecho_pem4f.oem4f (.const:ti_sysbios_utils_Load_Module__diagsIncluded__C)
                  00009d98    00000004     uartecho_pem4f.oem4f (.const:ti_sysbios_utils_Load_Module__diagsMask__C)
                  00009d9c    00000004     uartecho_pem4f.oem4f (.const:ti_sysbios_utils_Load_Module__loggerFxn1__C)
                  00009da0    00000004     uartecho_pem4f.oem4f (.const:ti_sysbios_utils_Load_Module__loggerObj__C)
                  00009da4    00000004     uartecho_pem4f.oem4f (.const:ti_sysbios_utils_Load_postUpdate__C)
                  00009da8    00000004     uartecho_pem4f.oem4f (.const:ti_sysbios_utils_Load_windowInMs__C)
                  00009dac    00000004     uartecho_pem4f.oem4f (.const:ti_uia_loggers_LoggerStopMode_Module__diagsEnabled__C)
                  00009db0    00000004     uartecho_pem4f.oem4f (.const:ti_uia_loggers_LoggerStopMode_Module__diagsIncluded__C)
                  00009db4    00000004     uartecho_pem4f.oem4f (.const:ti_uia_loggers_LoggerStopMode_Module__diagsMask__C)
                  00009db8    00000004     uartecho_pem4f.oem4f (.const:ti_uia_loggers_LoggerStopMode_Object__count__C)
                  00009dbc    00000004     uartecho_pem4f.oem4f (.const:ti_uia_runtime_ILoggerSnapshot_Interface__BASE__C)
                  00009dc0    00000004     uartecho_pem4f.oem4f (.const:ti_uia_runtime_IUIATransfer_Interface__BASE__C)
                  00009dc4    00000004     uartecho_pem4f.oem4f (.const:xdc_runtime_Assert_E_assertFailed__C)
                  00009dc8    00000004     uartecho_pem4f.oem4f (.const:xdc_runtime_Core_A_initializedParams__C)
                  00009dcc    00000004     uartecho_pem4f.oem4f (.const:xdc_runtime_Core_Module__diagsEnabled__C)
                  00009dd0    00000004     uartecho_pem4f.oem4f (.const:xdc_runtime_Core_Module__diagsIncluded__C)
                  00009dd4    00000004     uartecho_pem4f.oem4f (.const:xdc_runtime_Core_Module__diagsMask__C)
                  00009dd8    00000004     uartecho_pem4f.oem4f (.const:xdc_runtime_Error_E_memory__C)
                  00009ddc    00000004     uartecho_pem4f.oem4f (.const:xdc_runtime_Error_Module__diagsEnabled__C)
                  00009de0    00000004     uartecho_pem4f.oem4f (.const:xdc_runtime_Error_Module__diagsIncluded__C)
                  00009de4    00000004     uartecho_pem4f.oem4f (.const:xdc_runtime_Error_Module__diagsMask__C)
                  00009de8    00000004     uartecho_pem4f.oem4f (.const:xdc_runtime_Error_Module__loggerFxn8__C)
                  00009dec    00000004     uartecho_pem4f.oem4f (.const:xdc_runtime_Error_Module__loggerObj__C)
                  00009df0    00000004     uartecho_pem4f.oem4f (.const:xdc_runtime_Error_policyFxn__C)
                  00009df4    00000004     uartecho_pem4f.oem4f (.const:xdc_runtime_Error_raiseHook__C)
                  00009df8    00000004     uartecho_pem4f.oem4f (.const:xdc_runtime_IFilterLogger_Interface__BASE__C)
                  00009dfc    00000004     uartecho_pem4f.oem4f (.const:xdc_runtime_IGateProvider_Interface__BASE__C)
                  00009e00    00000004     uartecho_pem4f.oem4f (.const:xdc_runtime_IHeap_Interface__BASE__C)
                  00009e04    00000004     uartecho_pem4f.oem4f (.const:xdc_runtime_ILogger_Interface__BASE__C)
                  00009e08    00000004     uartecho_pem4f.oem4f (.const:xdc_runtime_IModule_Interface__BASE__C)
                  00009e0c    00000004     uartecho_pem4f.oem4f (.const:xdc_runtime_Log_L_error__C)
                  00009e10    00000004     uartecho_pem4f.oem4f (.const:xdc_runtime_Memory_defaultHeapInstance__C)
                  00009e14    00000004     uartecho_pem4f.oem4f (.const:xdc_runtime_Startup_execImpl__C)
                  00009e18    00000004     uartecho_pem4f.oem4f (.const:xdc_runtime_Startup_lastFxns__A)
                  00009e1c    00000004     uartecho_pem4f.oem4f (.const:xdc_runtime_Startup_maxPasses__C)
                  00009e20    00000004     uartecho_pem4f.oem4f (.const:xdc_runtime_Startup_sfxnRts__C)
                  00009e24    00000004     uartecho_pem4f.oem4f (.const:xdc_runtime_Startup_sfxnTab__C)
                  00009e28    00000004     uartecho_pem4f.oem4f (.const:xdc_runtime_SysMin_bufSize__C)
                  00009e2c    00000004     uartecho_pem4f.oem4f (.const:xdc_runtime_SysMin_outputFunc__C)
                  00009e30    00000004     uartecho_pem4f.oem4f (.const:xdc_runtime_System_Module__gateObj__C)
                  00009e34    00000004     uartecho_pem4f.oem4f (.const:xdc_runtime_System_abortFxn__C)
                  00009e38    00000004     uartecho_pem4f.oem4f (.const:xdc_runtime_System_exitFxn__C)
                  00009e3c    00000004     uartecho_pem4f.oem4f (.const:xdc_runtime_System_extendFxn__C)
                  00009e40    00000004     uartecho_pem4f.oem4f (.const:xdc_runtime_System_maxAtexitHandlers__C)
                  00009e44    00000004     uartecho_pem4f.oem4f (.const:xdc_runtime_Text_charTab__C)
                  00009e48    00000004     uartecho_pem4f.oem4f (.const:xdc_runtime_Text_nameEmpty__C)
                  00009e4c    00000004     uartecho_pem4f.oem4f (.const:xdc_runtime_Text_nameStatic__C)
                  00009e50    00000004     uartecho_pem4f.oem4f (.const:xdc_runtime_Text_nameUnknown__C)
                  00009e54    00000004     uartecho_pem4f.oem4f (.const:xdc_runtime_Text_nodeTab__C)
                  00009e58    00000004     uartecho_pem4f.oem4f (.const:xdc_runtime_Text_visitRopeFxn__C)
                  00009e5c    00000002     uartecho_pem4f.oem4f (.const:ti_catalog_arm_cortexm4_tiva_ce_Boot_Module__id__C)
                  00009e5e    00000002     uartecho_pem4f.oem4f (.const:ti_sysbios_family_arm_lm4_TimestampProvider_useClockTimer__C)
                  00009e60    00000002     uartecho_pem4f.oem4f (.const:ti_sysbios_family_arm_m3_Hwi_Module__id__C)
                  00009e62    00000002     uartecho_pem4f.oem4f (.const:ti_sysbios_family_arm_m3_Hwi_Module__loggerDefined__C)
                  00009e64    00000002     uartecho_pem4f.oem4f (.const:ti_sysbios_gates_GateMutex_Module__id__C)
                  00009e66    00000002     uartecho_pem4f.oem4f (.const:ti_sysbios_hal_Hwi_Module__id__C)
                  00009e68    00000002     uartecho_pem4f.oem4f (.const:ti_sysbios_heaps_HeapMem_Module__id__C)
                  00009e6a    00000002     uartecho_pem4f.oem4f (.const:ti_sysbios_knl_Clock_Module__id__C)
                  00009e6c    00000002     uartecho_pem4f.oem4f (.const:ti_sysbios_knl_Clock_Module__loggerDefined__C)
                  00009e6e    00000002     uartecho_pem4f.oem4f (.const:ti_sysbios_knl_Semaphore_Module__id__C)
                  00009e70    00000002     uartecho_pem4f.oem4f (.const:ti_sysbios_knl_Semaphore_Module__loggerDefined__C)
                  00009e72    00000002     uartecho_pem4f.oem4f (.const:ti_sysbios_knl_Swi_Module__id__C)
                  00009e74    00000002     uartecho_pem4f.oem4f (.const:ti_sysbios_knl_Swi_Module__loggerDefined__C)
                  00009e76    00000002     uartecho_pem4f.oem4f (.const:ti_sysbios_knl_Task_Module__id__C)
                  00009e78    00000002     uartecho_pem4f.oem4f (.const:ti_sysbios_knl_Task_Module__loggerDefined__C)
                  00009e7a    00000002     uartecho_pem4f.oem4f (.const:ti_sysbios_utils_Load_Module__id__C)
                  00009e7c    00000002     uartecho_pem4f.oem4f (.const:ti_sysbios_utils_Load_Module__loggerDefined__C)
                  00009e7e    00000002     uartecho_pem4f.oem4f (.const:ti_sysbios_utils_Load_updateInIdle__C)
                  00009e80    00000002     uartecho_pem4f.oem4f (.const:ti_uia_loggers_LoggerStopMode_Module__id__C)
                  00009e82    00000002     uartecho_pem4f.oem4f (.const:ti_uia_loggers_LoggerStopMode_isTimestampEnabled__C)
                  00009e84    00000002     uartecho_pem4f.oem4f (.const:xdc_runtime_Core_Module__id__C)
                  00009e86    00000002     uartecho_pem4f.oem4f (.const:xdc_runtime_Error_Module__loggerDefined__C)
                  00009e88    00000002     uartecho_pem4f.oem4f (.const:xdc_runtime_Error_maxDepth__C)
                  00009e8a    00000002     uartecho_pem4f.oem4f (.const:xdc_runtime_Memory_Module__id__C)
                  00009e8c    00000002     uartecho_pem4f.oem4f (.const:xdc_runtime_SysMin_flushAtExit__C)
                  00009e8e    00000002     uartecho_pem4f.oem4f (.const:xdc_runtime_Text_charCnt__C)
                  00009e90    00000002     uartecho_pem4f.oem4f (.const:xdc_runtime_Text_isLoaded__C)
                  00009e92    00000002     uartecho_pem4f.oem4f (.const:xdc_runtime_Text_registryModsLastId__C)
                  00009e94    00000002     uartecho_pem4f.oem4f (.const:xdc_runtime_Text_unnamedModsLastId__C)

.cinit     0    00009e98    00000288     
                  00009e98    0000024f     (.cinit..data.load) [load image, compression = lzss]
                  0000a0e7    00000001     --HOLE-- [fill = 0]
                  0000a0e8    0000000c     (__TI_handler_table)
                  0000a0f4    00000004     --HOLE-- [fill = 0]
                  0000a0f8    00000008     (.cinit..bss.load) [load image, compression = zero_init]
                  0000a100    00000008     (.cinit..vecs.load) [load image, compression = zero_init]
                  0000a108    00000018     (__TI_cinit_table)

.init_array 
*          0    00000000    00000000     UNINITIALIZED

.resetVecs 
*          0    00000000    0000003c     
                  00000000    0000003c     uartecho_pem4f.oem4f (.resetVecs)

.bss       0    20000380    00001830     UNINITIALIZED
                  20000380    00000400     (.common:ti_sysbios_heaps_HeapMem_Instance_State_0_buf__A)
                  20000780    00000400     (.common:ti_uia_loggers_LoggerStopMode_Instance_State_2_packetArray__A)
                  20000b80    00000360     (.common:ti_sysbios_family_arm_m3_Hwi_dispatchTable)
                  20000ee0    00000300     (.common:task0Stack)
                  200011e0    00000200     uartecho_pem4f.oem4f (.bss:taskStackSection)
                  200013e0    00000020     (.common:uartTivaRingBuffer)
                  20001400    00000200     (.common:ti_uia_loggers_LoggerStopMode_Instance_State_1_packetArray__A)
                  20001600    00000120     rtsv7M4_T_le_v4SPD16_eabi.lib : trgmsg.c.obj (.bss:_CIOBUF_)
                  20001720    00000050     (.common:task0Struct)
                  20001770    00000008     (.common:parmbuf)
                  20001778    00000004     (.common:gpioInterruptVectors)
                  2000177c    00000004     --HOLE--
                  20001780    00000100     (.common:ti_uia_loggers_LoggerStopMode_Instance_State_0_packetArray__A)
                  20001880    000000cc     (.common:uartTivaObjects)
                  2000194c    00000090     drivers_tivaware.aem4f : GPIOTiva.oem4f (.bss:gpioCallbackInfo)
                  200019dc    00000080     (.common:xdc_runtime_SysMin_Module_State_0_outbuf__A)
                  20001a5c    00000024     --HOLE--
                  20001a80    00000030     (.common:ti_uia_loggers_LoggerStopMode_Instance_State_0_hdr__A)
                  20001ab0    00000050     --HOLE--
                  20001b00    00000030     (.common:ti_uia_loggers_LoggerStopMode_Instance_State_1_hdr__A)
                  20001b30    00000050     --HOLE--
                  20001b80    00000030     (.common:ti_uia_loggers_LoggerStopMode_Instance_State_2_hdr__A)

.data      0    20001bb0    000005ce     UNINITIALIZED
                  20001bb0    0000009c     uartecho_pem4f.oem4f (.data:ti_uia_loggers_LoggerStopMode_Object__table__V)
                  20001c4c    00000098     uartecho_pem4f.oem4f (.data:ti_sysbios_utils_Load_Module__state__V)
                  20001ce4    00000080     uartecho_pem4f.oem4f (.data:ti_sysbios_family_arm_lm4_Timer_Object__table__V)
                  20001d64    00000080     uartecho_pem4f.oem4f (.data:ti_sysbios_knl_Swi_Module_State_0_readyQ__A)
                  20001de4    00000080     uartecho_pem4f.oem4f (.data:ti_sysbios_knl_Task_Module_State_0_readyQ__A)
                  20001e64    0000004c     uartecho_pem4f.oem4f (.data:ti_sysbios_knl_Task_Object__table__V)
                  20001eb0    00000044     uartecho_pem4f.oem4f (.data:ti_sysbios_knl_Task_Module__state__V)
                  20001ef4    00000038     uartecho_pem4f.oem4f (.data:ti_sysbios_gates_GateMutex_Object__table__V)
                  20001f2c    00000034     uartecho_pem4f.oem4f (.data:ti_sysbios_family_arm_m3_Hwi_Module__state__V)
                  20001f60    00000030     uartecho_pem4f.oem4f (.data:ti_sysbios_family_arm_lm4_Timer_Module_State_0_device__A)
                  20001f90    00000030     uartecho_pem4f.oem4f (.data:ti_sysbios_family_arm_m3_Hwi_Object__table__V)
                  20001fc0    00000030     uartecho_pem4f.oem4f (.data:ti_sysbios_knl_Swi_Object__table__V)
                  20001ff0    0000002c     uartecho_pem4f.oem4f (.data:ti_sysbios_knl_Clock_Module__state__V)
                  2000201c    00000024     uartecho_pem4f.oem4f (.data:ti_sysbios_BIOS_Module__state__V)
                  20002040    0000001c     uartecho_pem4f.oem4f (.data:ti_sysbios_knl_Swi_Module__state__V)
                  2000205c    00000018     uartecho_pem4f.oem4f (.data:ti_sysbios_family_arm_lm4_Timer_Module_State_0_handles__A)
                  20002074    00000018     uartecho_pem4f.oem4f (.data:ti_sysbios_heaps_HeapMem_Object__table__V)
                  2000208c    00000014     EK_TM4C123GXL.obj (.data:gpioPinConfigs)
                  200020a0    0000000c     uartecho_pem4f.oem4f (.data:ti_sysbios_family_arm_lm4_Timer_Module__state__V)
                  200020ac    0000000c     uartecho_pem4f.oem4f (.data:ti_sysbios_knl_Task_Module__root__V)
                  200020b8    0000000c     uartecho_pem4f.oem4f (.data:ti_uia_runtime_QueueDescriptor_Module__state__V)
                  200020c4    0000000c     uartecho_pem4f.oem4f (.data:xdc_runtime_SysMin_Module__state__V)
                  200020d0    00000008     rtsv7M4_T_le_v4SPD16_eabi.lib : _lock.c.obj (.data:$O1$$)
                  200020d8    00000008     EK_TM4C123GXL.obj (.data:gpioCallbackFunctions)
                  200020e0    00000008     ti.uia.runtime.aem4f : QueueDescriptor.oem4f (.data)
                  200020e8    00000008     uartecho_pem4f.oem4f (.data:ti_sysbios_family_arm_lm4_TimestampProvider_Module__state__V)
                  200020f0    00000008     uartecho_pem4f.oem4f (.data:ti_sysbios_family_arm_m3_Hwi_Module__root__V)
                  200020f8    00000008     uartecho_pem4f.oem4f (.data:ti_sysbios_gates_GateHwi_Module__root__V)
                  20002100    00000008     uartecho_pem4f.oem4f (.data:ti_sysbios_gates_GateMutex_Module__root__V)
                  20002108    00000008     uartecho_pem4f.oem4f (.data:ti_sysbios_heaps_HeapMem_Module__root__V)
                  20002110    00000008     uartecho_pem4f.oem4f (.data:ti_sysbios_knl_Clock_Module__root__V)
                  20002118    00000008     uartecho_pem4f.oem4f (.data:ti_sysbios_knl_Queue_Module__root__V)
                  20002120    00000008     uartecho_pem4f.oem4f (.data:ti_sysbios_knl_Semaphore_Module__root__V)
                  20002128    00000008     uartecho_pem4f.oem4f (.data:ti_uia_loggers_LoggerStopMode_Module__root__V)
                  20002130    00000008     uartecho_pem4f.oem4f (.data:xdc_runtime_Registry_Module__state__V)
                  20002138    00000008     uartecho_pem4f.oem4f (.data:xdc_runtime_Startup_Module__state__V)
                  20002140    00000008     uartecho_pem4f.oem4f (.data:xdc_runtime_System_Module_State_0_atexitHandlers__A)
                  20002148    00000008     uartecho_pem4f.oem4f (.data:xdc_runtime_System_Module__state__V)
                  20002150    00000005     drivers_tivaware.aem4f : GPIOTiva.oem4f (.data)
                  20002155    00000001     --HOLE--
                  20002156    00000002     uartecho_pem4f.oem4f (.data:ti_sysbios_family_arm_m3_Hwi_Module_State_0_excActive__A)
                  20002158    00000004     drivers_tivaware.aem4f : UART.oem4f (.data)
                  2000215c    00000004     rtsv7M4_T_le_v4SPD16_eabi.lib : stkdepth_vars.c.obj (.data)
                  20002160    00000004     uartecho_pem4f.oem4f (.data:ti_sysbios_family_arm_m3_Hwi_Module_State_0_excContext__A)
                  20002164    00000004     uartecho_pem4f.oem4f (.data:ti_sysbios_family_arm_m3_Hwi_Module_State_0_excStack__A)
                  20002168    00000004     uartecho_pem4f.oem4f (.data:ti_sysbios_gates_GateHwi_Object__table__V)
                  2000216c    00000004     uartecho_pem4f.oem4f (.data:ti_sysbios_knl_Task_Module_State_0_idleTask__A)
                  20002170    00000004     uartecho_pem4f.oem4f (.data:ti_sysbios_utils_Load_Module_State_0_runningTask__A)
                  20002174    00000004     uartecho_pem4f.oem4f (.data:ti_sysbios_utils_Load_Module_State_0_taskStartTime__A)
                  20002178    00000004     uartecho_pem4f.oem4f (.data:xdc_runtime_Memory_Module__state__V)
                  2000217c    00000002     uartecho_pem4f.oem4f (.data:xdc_runtime_Error_Module__state__V)

.stack     0    20002180    00000300     UNINITIALIZED
                  20002180    00000300     --HOLE--

.bootVecs 
*          0    00000000    00000008     DSECT
                  00000000    00000008     boot.aem4f : boot.oem4f (.bootVecs)

.vecs      0    20000000    00000360     UNINITIALIZED
                  20000000    00000360     uartecho_pem4f.oem4f (.vecs)

xdc.meta   0    00000000    000000fd     COPY SECTION
                  00000000    000000fd     uartecho_pem4f.oem4f (xdc.meta)

MODULE SUMMARY

       Module                       code    ro data   rw data
       ------                       ----    -------   -------
    ./
[...]
00009c10  ti_sysbios_family_arm_m3_Hwi_E_hardFault__C                       
00009c14  ti_sysbios_family_arm_m3_Hwi_E_memFault__C                        
00009c18  ti_sysbios_family_arm_m3_Hwi_E_noIsr__C                           
00009c1c  ti_sysbios_family_arm_m3_Hwi_E_reserved__C                        
00009c20  ti_sysbios_family_arm_m3_Hwi_E_svCall__C                          
00009c24  ti_sysbios_family_arm_m3_Hwi_E_usageFault__C                      
00009c28  ti_sysbios_family_arm_m3_Hwi_LD_end__C                            
00009c2c  ti_sysbios_family_arm_m3_Hwi_LM_begin__C                          
00009c30  ti_sysbios_family_arm_m3_Hwi_Module__diagsEnabled__C              
00009c34  ti_sysbios_family_arm_m3_Hwi_Module__diagsIncluded__C             
00009c38  ti_sysbios_family_arm_m3_Hwi_Module__diagsMask__C                 
00009c3c  ti_sysbios_family_arm_m3_Hwi_Module__loggerFxn1__C                
00009c40  ti_sysbios_family_arm_m3_Hwi_Module__loggerFxn8__C                
00009c44  ti_sysbios_family_arm_m3_Hwi_Module__loggerObj__C                 
00009c48  ti_sysbios_family_arm_m3_Hwi_NUM_INTERRUPTS__C                    
00009c4c  ti_sysbios_family_arm_m3_Hwi_Object__count__C                     
00009c50  ti_sysbios_family_arm_m3_Hwi_ccr__C                               
00009c54  ti_sysbios_family_arm_m3_Hwi_excHandlerFunc__C                    
00009c58  ti_sysbios_family_arm_m3_Hwi_excHookFuncs__C                      
00009c5c  ti_sysbios_family_arm_m3_Hwi_nullIsrFunc__C                       
00009c60  ti_sysbios_family_arm_m3_Hwi_priGroup__C                          
00009c64  ti_sysbios_family_arm_m3_TaskSupport_stackAlignment__C            
00009c68  ti_sysbios_gates_GateMutex_A_badContext__C                        
00009c6c  ti_sysbios_gates_GateMutex_Instance_State_sem__O                  
00009c70  ti_sysbios_gates_GateMutex_Module__diagsEnabled__C                
00009c74  ti_sysbios_gates_GateMutex_Module__diagsIncluded__C               
00009c78  ti_sysbios_gates_GateMutex_Module__diagsMask__C                   
00009c7c  ti_sysbios_hal_Hwi_E_stackOverflow__C                             
00009c80  ti_sysbios_heaps_HeapMem_A_align__C                               
00009c84  ti_sysbios_heaps_HeapMem_A_heapSize__C                            
00009c88  ti_sysbios_heaps_HeapMem_A_invalidFree__C                         
00009c8c  ti_sysbios_heaps_HeapMem_A_zeroBlock__C                           
00009c90  ti_sysbios_heaps_HeapMem_E_memory__C                              
00009c94  ti_sysbios_heaps_HeapMem_Module__diagsEnabled__C                  
00009c98  ti_sysbios_heaps_HeapMem_Module__diagsIncluded__C                 
00009c9c  ti_sysbios_heaps_HeapMem_Module__diagsMask__C                     
00009ca0  ti_sysbios_heaps_HeapMem_Module__gateObj__C                       
00009ca4  ti_sysbios_heaps_HeapMem_Object__count__C                         
00009ca8  ti_sysbios_heaps_HeapMem_reqAlign__C                              
00009cac  ti_sysbios_knl_Clock_A_badThreadType__C                           
00009cb0  ti_sysbios_knl_Clock_LM_begin__C                                  
00009cb4  ti_sysbios_knl_Clock_LM_tick__C                                   
00009cb8  ti_sysbios_knl_Clock_LW_delayed__C                                
00009cbc  ti_sysbios_knl_Clock_Module_State_clockQ__O                       
00009cc0  ti_sysbios_knl_Clock_Module__diagsEnabled__C                      
00009cc4  ti_sysbios_knl_Clock_Module__diagsIncluded__C                     
00009cc8  ti_sysbios_knl_Clock_Module__diagsMask__C                         
00009ccc  ti_sysbios_knl_Clock_Module__loggerFxn1__C                        
00009cd0  ti_sysbios_knl_Clock_Module__loggerFxn2__C                        
00009cd4  ti_sysbios_knl_Clock_Module__loggerObj__C                         
00009cd8  ti_sysbios_knl_Semaphore_A_badContext__C                          
00009cdc  ti_sysbios_knl_Semaphore_A_noEvents__C                            
00009ce0  ti_sysbios_knl_Semaphore_A_overflow__C                            
00009ce4  ti_sysbios_knl_Semaphore_A_pendTaskDisabled__C                    
00009ce8  ti_sysbios_knl_Semaphore_Instance_State_pendQ__O                  
00009cec  ti_sysbios_knl_Semaphore_LM_pend__C                               
00009cf0  ti_sysbios_knl_Semaphore_LM_post__C                               
00009cf4  ti_sysbios_knl_Semaphore_Module__diagsEnabled__C                  
00009cf8  ti_sysbios_knl_Semaphore_Module__diagsIncluded__C                 
00009cfc  ti_sysbios_knl_Semaphore_Module__diagsMask__C                     
00009d00  ti_sysbios_knl_Semaphore_Module__loggerFxn2__C                    
00009d04  ti_sysbios_knl_Semaphore_Module__loggerFxn4__C                    
00009d08  ti_sysbios_knl_Semaphore_Module__loggerObj__C                     
00009d0c  ti_sysbios_knl_Swi_LD_end__C                                      
00009d10  ti_sysbios_knl_Swi_LM_begin__C                                    
00009d14  ti_sysbios_knl_Swi_LM_post__C                                     
00009d18  ti_sysbios_knl_Swi_Module__diagsEnabled__C                        
00009d1c  ti_sysbios_knl_Swi_Module__diagsIncluded__C                       
00009d20  ti_sysbios_knl_Swi_Module__diagsMask__C                           
00009d24  ti_sysbios_knl_Swi_Module__loggerFxn1__C                          
00009d28  ti_sysbios_knl_Swi_Module__loggerFxn4__C                          
00009d2c  ti_sysbios_knl_Swi_Module__loggerObj__C                           
00009d30  ti_sysbios_knl_Swi_Object__count__C                               
00009d34  ti_sysbios_knl_Task_A_badPriority__C                              
00009d38  ti_sysbios_knl_Task_A_badTaskState__C                             
00009d3c  ti_sysbios_knl_Task_A_badThreadType__C                            
00009d40  ti_sysbios_knl_Task_A_noPendElem__C                               
00009d44  ti_sysbios_knl_Task_E_spOutOfBounds__C                            
00009d48  ti_sysbios_knl_Task_E_stackOverflow__C                            
00009d4c  ti_sysbios_knl_Task_LD_block__C                                   
00009d50  ti_sysbios_knl_Task_LD_exit__C                                    
00009d54  ti_sysbios_knl_Task_LD_ready__C                                   
00009d58  ti_sysbios_knl_Task_LM_switch__C                                  
00009d5c  ti_sysbios_knl_Task_Module_State_inactiveQ__O                     
00009d60  ti_sysbios_knl_Task_Module__diagsEnabled__C                       
00009d64  ti_sysbios_knl_Task_Module__diagsIncluded__C                      
00009d68  ti_sysbios_knl_Task_Module__diagsMask__C                          
00009d6c  ti_sysbios_knl_Task_Module__loggerFxn2__C                         
00009d70  ti_sysbios_knl_Task_Module__loggerFxn4__C                         
00009d74  ti_sysbios_knl_Task_Module__loggerObj__C                          
00009d78  ti_sysbios_knl_Task_Object__count__C                              
00009d7c  ti_sysbios_knl_Task_allBlockedFunc__C                             
00009d80  ti_sysbios_knl_Task_defaultStackHeap__C                           
00009d84  ti_sysbios_knl_Task_defaultStackSize__C                           
00009d88  ti_sysbios_knl_Task_numConstructedTasks__C                        
00009d8c  ti_sysbios_utils_Load_LS_cpuLoad__C                               
00009d90  ti_sysbios_utils_Load_Module__diagsEnabled__C                     
00009d94  ti_sysbios_utils_Load_Module__diagsIncluded__C                    
00009d98  ti_sysbios_utils_Load_Module__diagsMask__C                        
00009d9c  ti_sysbios_utils_Load_Module__loggerFxn1__C                       
00009da0  ti_sysbios_utils_Load_Module__loggerObj__C                        
00009da4  ti_sysbios_utils_Load_postUpdate__C                               
00009da8  ti_sysbios_utils_Load_windowInMs__C                               
00009dac  ti_uia_loggers_LoggerStopMode_Module__diagsEnabled__C             
00009db0  ti_uia_loggers_LoggerStopMode_Module__diagsIncluded__C            
00009db4  ti_uia_loggers_LoggerStopMode_Module__diagsMask__C                
00009db8  ti_uia_loggers_LoggerStopMode_Object__count__C                    
00009dbc  ti_uia_runtime_ILoggerSnapshot_Interface__BASE__C                 
00009dc0  ti_uia_runtime_IUIATransfer_Interface__BASE__C                    
00009dc4  xdc_runtime_Assert_E_assertFailed__C                              
00009dc8  xdc_runtime_Core_A_initializedParams__C                           
00009dcc  xdc_runtime_Core_Module__diagsEnabled__C                          
00009dd0  xdc_runtime_Core_Module__diagsIncluded__C                         
00009dd4  xdc_runtime_Core_Module__diagsMask__C                             
00009dd8  xdc_runtime_Error_E_memory__C                                     
00009ddc  xdc_runtime_Error_Module__diagsEnabled__C                         
00009de0  xdc_runtime_Error_Module__diagsIncluded__C                        
00009de4  xdc_runtime_Error_Module__diagsMask__C                            
00009de8  xdc_runtime_Error_Module__loggerFxn8__C                           
00009dec  xdc_runtime_Error_Module__loggerObj__C                            
00009df0  xdc_runtime_Error_policyFxn__C                                    
00009df4  xdc_runtime_Error_raiseHook__C                                    
00009df8  xdc_runtime_IFilterLogger_Interface__BASE__C                      
00009dfc  xdc_runtime_IGateProvider_Interface__BASE__C                      
00009e00  xdc_runtime_IHeap_Interface__BASE__C                              
00009e04  xdc_runtime_ILogger_Interface__BASE__C                            
00009e08  xdc_runtime_IModule_Interface__BASE__C                            
00009e0c  xdc_runtime_Log_L_error__C                                        
00009e10  xdc_runtime_Memory_defaultHeapInstance__C                         
00009e14  xdc_runtime_Startup_execImpl__C                                   
00009e18  xdc_runtime_Startup_lastFxns__A                                   
00009e1c  xdc_runtime_Startup_maxPasses__C                                  
00009e20  xdc_runtime_Startup_sfxnRts__C                                    
00009e24  xdc_runtime_Startup_sfxnTab__C                                    
00009e28  xdc_runtime_SysMin_bufSize__C                                     
00009e2c  xdc_runtime_SysMin_outputFunc__C                                  
00009e30  xdc_runtime_System_Module__gateObj__C                             
00009e34  xdc_runtime_System_abortFxn__C                                    
00009e38  xdc_runtime_System_exitFxn__C                                     
00009e3c  xdc_runtime_System_extendFxn__C                                   
00009e40  xdc_runtime_System_maxAtexitHandlers__C                           
00009e44  xdc_runtime_Text_charTab__C                                       
00009e48  xdc_runtime_Text_nameEmpty__C                                     
00009e4c  xdc_runtime_Text_nameStatic__C                                    
00009e50  xdc_runtime_Text_nameUnknown__C                                   
00009e54  xdc_runtime_Text_nodeTab__C                                       
00009e58  xdc_runtime_Text_visitRopeFxn__C                                  
00009e5c  ti_catalog_arm_cortexm4_tiva_ce_Boot_Module__id__C                
00009e5e  ti_sysbios_family_arm_lm4_TimestampProvider_useClockTimer__C      
00009e60  ti_sysbios_family_arm_m3_Hwi_Module__id__C                        
00009e62  ti_sysbios_family_arm_m3_Hwi_Module__loggerDefined__C             
00009e64  ti_sysbios_gates_GateMutex_Module__id__C                          
00009e66  ti_sysbios_hal_Hwi_Module__id__C                                  
00009e68  ti_sysbios_heaps_HeapMem_Module__id__C                            
00009e6a  ti_sysbios_knl_Clock_Module__id__C                                
00009e6c  ti_sysbios_knl_Clock_Module__loggerDefined__C                     
00009e6e  ti_sysbios_knl_Semaphore_Module__id__C                            
00009e70  ti_sysbios_knl_Semaphore_Module__loggerDefined__C                 
00009e72  ti_sysbios_knl_Swi_Module__id__C                                  
00009e74  ti_sysbios_knl_Swi_Module__loggerDefined__C                       
00009e76  ti_sysbios_knl_Task_Module__id__C                                 
00009e78  ti_sysbios_knl_Task_Module__loggerDefined__C                      
00009e7a  ti_sysbios_utils_Load_Module__id__C                               
00009e7c  ti_sysbios_utils_Load_Module__loggerDefined__C                    
00009e7e  ti_sysbios_utils_Load_updateInIdle__C                             
00009e80  ti_uia_loggers_LoggerStopMode_Module__id__C                       
00009e82  ti_uia_loggers_LoggerStopMode_isTimestampEnabled__C               
00009e84  xdc_runtime_Core_Module__id__C                                    
00009e86  xdc_runtime_Error_Module__loggerDefined__C                        
00009e88  xdc_runtime_Error_maxDepth__C                                     
00009e8a  xdc_runtime_Memory_Module__id__C                                  
00009e8c  xdc_runtime_SysMin_flushAtExit__C                                 
00009e8e  xdc_runtime_Text_charCnt__C                                       
00009e90  xdc_runtime_Text_isLoaded__C                                      
00009e92  xdc_runtime_Text_registryModsLastId__C                            
00009e94  xdc_runtime_Text_unnamedModsLastId__C                             
00009e98  __TI_static_base__                                                
0000a0e8  __TI_Handler_Table_Base                                           
0000a0f4  __TI_Handler_Table_Limit                                          
0000a108  __TI_CINIT_Base                                                   
0000a120  __TI_CINIT_Limit                                                  
20000000  ti_sysbios_family_arm_m3_Hwi_ramVectors                           
20000380  ti_sysbios_heaps_HeapMem_Instance_State_0_buf__A                  
20000780  ti_uia_loggers_LoggerStopMode_Instance_State_2_packetArray__A     
20000b80  ti_sysbios_family_arm_m3_Hwi_dispatchTable                        
20000ee0  task0Stack                                                        
200011e0  ti_sysbios_knl_Task_Instance_State_0_stack__A                     
200013e0  uartTivaRingBuffer                                                
20001400  ti_uia_loggers_LoggerStopMode_Instance_State_1_packetArray__A     
20001600  __CIOBUF_                                                         
20001720  task0Struct                                                       
20001770  parmbuf                                                           
20001780  ti_uia_loggers_LoggerStopMode_Instance_State_0_packetArray__A     
20001880  uartTivaObjects                                                   
200019dc  xdc_runtime_SysMin_Module_State_0_outbuf__A                       
20001a80  ti_uia_loggers_LoggerStopMode_Instance_State_0_hdr__A             
20001b00  ti_uia_loggers_LoggerStopMode_Instance_State_1_hdr__A             
20001b80  ti_uia_loggers_LoggerStopMode_Instance_State_2_hdr__A             
20001bb0  ti_uia_loggers_LoggerStopMode_Object__table__V                    
20001c4c  ti_sysbios_utils_Load_Module__state__V                            
20001ce4  ti_sysbios_family_arm_lm4_Timer_Object__table__V                  
20001d64  ti_sysbios_knl_Swi_Module_State_0_readyQ__A                       
20001de4  ti_sysbios_knl_Task_Module_State_0_readyQ__A                      
20001e64  ti_sysbios_knl_Task_Object__table__V                              
20001eb0  ti_sysbios_knl_Task_Module__state__V                              
20001ef4  ti_sysbios_gates_GateMutex_Object__table__V                       
20001f2c  ti_sysbios_family_arm_m3_Hwi_Module__state__V                     
20001f60  ti_sysbios_family_arm_lm4_Timer_Module_State_0_device__A          
20001f90  ti_sysbios_family_arm_m3_Hwi_Object__table__V                     
20001fc0  ti_sysbios_knl_Swi_Object__table__V                               
20001ff0  ti_sysbios_knl_Clock_Module__state__V                             
2000201c  ti_sysbios_BIOS_Module__state__V                                  
20002040  ti_sysbios_knl_Swi_Module__state__V                               
2000205c  ti_sysbios_family_arm_lm4_Timer_Module_State_0_handles__A         
20002074  ti_sysbios_heaps_HeapMem_Object__table__V                         
2000208c  gpioPinConfigs                                                    
200020a0  ti_sysbios_family_arm_lm4_Timer_Module__state__V                  
200020ac  ti_sysbios_knl_Task_Module__root__V                               
200020b8  ti_uia_runtime_QueueDescriptor_Module__state__V                   
200020c4  xdc_runtime_SysMin_Module__state__V                               
200020d0  _lock                                                             
200020d4  _unlock                                                           
200020d8  gpioCallbackFunctions                                             
200020e0  ti_uia_runtime_QueueDescriptor_gPtrToFirstDescriptor              
200020e4  ti_uia_runtime_QueueDescriptor_gUpdateCount                       
200020e8  ti_sysbios_family_arm_lm4_TimestampProvider_Module__state__V      
200020f0  ti_sysbios_family_arm_m3_Hwi_Module__root__V                      
200020f8  ti_sysbios_gates_GateHwi_Module__root__V                          
20002100  ti_sysbios_gates_GateMutex_Module__root__V                        
20002108  ti_sysbios_heaps_HeapMem_Module__root__V                          
20002110  ti_sysbios_knl_Clock_Module__root__V                              
20002118  ti_sysbios_knl_Queue_Module__root__V                              
20002120  ti_sysbios_knl_Semaphore_Module__root__V                          
20002128  ti_uia_loggers_LoggerStopMode_Module__root__V                     
20002130  xdc_runtime_Registry_Module__state__V                             
20002138  xdc_runtime_Startup_Module__state__V                              
20002140  xdc_runtime_System_Module_State_0_atexitHandlers__A               
20002148  xdc_runtime_System_Module__state__V                               
20002156  ti_sysbios_family_arm_m3_Hwi_Module_State_0_excActive__A          
2000215c  main_func_sp                                                      
20002160  ti_sysbios_family_arm_m3_Hwi_Module_State_0_excContext__A         
20002164  ti_sysbios_family_arm_m3_Hwi_Module_State_0_excStack__A           
20002168  ti_sysbios_gates_GateHwi_Object__table__V                         
2000216c  ti_sysbios_knl_Task_Module_State_0_idleTask__A                    
20002170  ti_sysbios_utils_Load_Module_State_0_runningTask__A               
20002174  ti_sysbios_utils_Load_Module_State_0_taskStartTime__A             
20002178  xdc_runtime_Memory_Module__state__V                               
2000217c  xdc_runtime_Error_Module__state__V                                
20002180  __stack                                                           
20002480  __STACK_END                                                       
e000e000  ti_sysbios_family_arm_m3_Hwi_nvic                                 
ffffffff  __TI_pprof_out_hndl                                               
ffffffff  __TI_prof_data_size                                               
ffffffff  __TI_prof_data_start                                              
ffffffff  __binit__                                                         
ffffffff  __c_args__                                                        
ffffffff  binit                                                             
UNDEFED   SHT$$INIT_ARRAY$$Base                                             
UNDEFED   SHT$$INIT_ARRAY$$Limit                                            

[728 symbols]
