******************************************************************************
                  TI ARM Linker Unix v18.12.2                  
******************************************************************************
>> Linked Mon Jun  3 13:03:05 2019

OUTPUT FILE NAME:   <pwmled_EK_TM4C123GXL_TI.out>
ENTRY POINT SYMBOL: "_c_int00"  address: 00003411


MEMORY CONFIGURATION

         name            origin    length      used     unused   attr    fill
----------------------  --------  ---------  --------  --------  ----  --------
  FLASH                 00000000   00040000  000070c0  00038f40  R  X
  SRAM                  20000000   00008000  00001882  0000677e  RW X


SEGMENT ALLOCATION MAP

run origin  load origin   length   init length attrs members
----------  ----------- ---------- ----------- ----- -------
00000000    00000000    000070c8   000070c8    r-x
  00000000    00000000    0000003c   0000003c    r-- .resetVecs
  00000040    00000040    00004f6a   00004f6a    r-x .text
  00004fac    00004fac    00001f12   00001f12    r-- .const
  00006ec0    00006ec0    00000208   00000208    r-- .cinit
20000000    20000000    00001888   00000000    rw-
  20000000    20000000    00000360   00000000    rw- .vecs
  20000360    20000360    00000e00   00000000    rw- .bss
  20001160    20001160    00000422   00000000    rw- .data
  20001588    20001588    00000300   00000000    rw- .stack


SECTION ALLOCATION MAP

 output                                  attributes/
section   page    origin      length       input sections
--------  ----  ----------  ----------   ----------------
.text      0    00000040    00004f6a     
                  00000040    00000430     sysbios.aem4f : BIOS.obj (.text:ti_sysbios_family_arm_m3_Hwi_excDumpRegs__I)
                  00000470    0000034c     ti.targets.arm.rtsarm.aem4f : System.oem4f (.text:xdc_runtime_System_doPrint__I)
                  000007bc    00000004     rtsv7M4_T_le_v4SPD16_eabi.lib : exit.c.obj (.text:abort:abort)
                  000007c0    000001f4     sysbios.aem4f : BIOS.obj (.text:ti_sysbios_family_arm_m3_Hwi_excHandlerMax__I)
                  000009b4    00000004     pwmled_pem4f.oem4f (.text:ti_sysbios_BIOS_RtsGateProxy_enter__E)
                  000009b8    00000174     sysbios.aem4f : BIOS.obj (.text:ti_sysbios_family_arm_m3_Hwi_excBusFault__I)
                  00000b2c    00000170     drivers_tivaware.aem4f : PWMTiva.oem4f (.text:PWMTiva_open)
                  00000c9c    00000004     pwmled_pem4f.oem4f (.text:ti_sysbios_BIOS_RtsGateProxy_leave__E)
                  00000ca0    00000164     sysbios.aem4f : BIOS.obj (.text:ti_sysbios_family_arm_m3_Hwi_excUsageFault__I)
                  00000e04    00000004                   : BIOS.obj (.text:ti_sysbios_family_arm_lm4_Timer_masterEnable__I)
                  00000e08    00000154                   : BIOS.obj (.text:ti_sysbios_knl_Semaphore_pend__E)
                  00000f5c    00000150     drivers_tivaware.aem4f : GPIOTiva.oem4f (.text:GPIO_setConfig)
                  000010ac    00000004     pwmled_pem4f.oem4f (.text:ti_sysbios_family_arm_m3_TaskSupport_Module__startupDone__S)
                  000010b0    00000148     sysbios.aem4f : BIOS.obj (.text:ti_sysbios_family_arm_m3_Hwi_excMemFault__I)
                  000011f8    00000130     driverlib.lib : gpio.obj (.text:GPIOPadConfigSet)
                  00001328    00000118     ti.targets.arm.rtsarm.aem4f : Error.oem4f (.text:xdc_runtime_Error_policyDefault__E)
                  00001440    00000108     sysbios.aem4f : BIOS.obj (.text:ti_sysbios_family_arm_lm4_Timer_start__E)
                  00001548    00000100     Boot.aem4f : Boot_sysctl.oem4f (.text:ti_catalog_arm_cortexm4_tiva_ce_Boot_sysCtlClockSetI__I)
                  00001648    00000100     ti.targets.arm.rtsarm.aem4f : Core-mem.oem4f (.text:xdc_runtime_Core_createObject__I)
                  00001748    000000f8                                 : Startup.oem4f (.text:xdc_runtime_Startup_startMods__I)
                  00001840    000000f8     pwmled_pem4f.oem4f (.text:xdc_runtime_System_printfExtend__I)
                  00001938    000000f4     sysbios.aem4f : m3_Hwi_asm.obj (.text:ti_sysbios_family_arm_m3_Hwi_dispatch__I)
                  00001a2c    000000f0     drivers_tivaware.aem4f : PWMTiva.oem4f (.text:PWMTiva_setDuty)
                  00001b1c    00000004     pwmled_pem4f.oem4f (.text:ti_sysbios_heaps_HeapMem_Module_GateProxy_enter__E)
                  00001b20    000000dc     sysbios.aem4f : BIOS.obj (.text:ti_sysbios_knl_Task_sleep__E)
                  00001bfc    000000d8     pwmled.obj (.text:pwmLEDFxn)
                  00001cd4    000000d4     pwmled.obj (.text:main)
                  00001da8    000000d4     sysbios.aem4f : BIOS.obj (.text:ti_sysbios_heaps_HeapMem_alloc__E)
                  00001e7c    00000004     pwmled_pem4f.oem4f (.text:ti_sysbios_heaps_HeapMem_Module_GateProxy_leave__E)
                  00001e80    000000cc     sysbios.aem4f : BIOS.obj (.text:ti_sysbios_knl_Task_Instance_init__E)
                  00001f4c    000000cc     ti.targets.arm.rtsarm.aem4f : Core-smem.oem4f (.text:xdc_runtime_Core_constructObject__I)
                  00002018    000000bc     sysbios.aem4f : BIOS.obj (.text:ti_sysbios_family_arm_m3_Hwi_excDebugMon__I)
                  000020d4    00000004     pwmled_pem4f.oem4f (.text:ti_sysbios_knl_Clock_TimerProxy_getMaxTicks__E)
                  000020d8    000000bc     sysbios.aem4f : BIOS.obj (.text:ti_sysbios_family_arm_m3_Hwi_excHardFault__I)
                  00002194    00000004     pwmled_pem4f.oem4f (.text:ti_sysbios_knl_Queue_destruct)
                  00002198    000000bc     sysbios.aem4f : BIOS.obj (.text:ti_sysbios_knl_Task_Instance_finalize__E)
                  00002254    00000004     pwmled_pem4f.oem4f (.text:ti_sysbios_knl_Semaphore_destruct)
                  00002258    000000b4     sysbios.aem4f : BIOS.obj (.text:ti_sysbios_knl_Task_checkStacks__E)
                  0000230c    00000004     ti.targets.arm.rtsarm.aem4f : Error.oem4f (.text:xdc_runtime_Error_getSite__E)
                  00002310    000000ac     sysbios.aem4f : BIOS.obj (.text:ti_sysbios_family_arm_lm4_Timer_enableTiva__I)
                  000023bc    000000a0     auto_init.aem4f : auto_init.oem4f (.text)
                  0000245c    000000a0     ti.targets.arm.rtsarm.aem4f : Text.oem4f (.text:xdc_runtime_Text_putMod__E)
                  000024fc    0000009c     rtsv7M4_T_le_v4SPD16_eabi.lib : memcpy_t2.asm.obj (.text)
                  00002598    0000009a     ti.targets.arm.rtsarm.aem4f : Text.oem4f (.text:xdc_runtime_Text_putSite__E)
                  00002632    00000002     rtsv7M4_T_le_v4SPD16_eabi.lib : _lock.c.obj (.text:_nop)
                  00002634    00000098     Boot.aem4f : Boot.oem4f (.text:ti_catalog_arm_cortexm4_tiva_ce_Boot_sysCtlClockSet__E)
                  000026cc    00000004     pwmled_pem4f.oem4f (.text:xdc_runtime_System_Module_GateProxy_enter__E)
                  000026d0    00000094     sysbios.aem4f : BIOS.obj (.text:ti_sysbios_family_arm_m3_Hwi_Instance_init__E)
                  00002764    00000004     pwmled_pem4f.oem4f (.text:xdc_runtime_System_Module_GateProxy_leave__E)
                  00002768    00000094     sysbios.aem4f : BIOS.obj (.text:ti_sysbios_family_arm_m3_Hwi_initNVIC__E)
                  000027fc    00000004     ti.targets.arm.rtsarm.aem4f : System.oem4f (.text:xdc_runtime_System_aprintf_va__F)
                  00002800    00000094     sysbios.aem4f : BIOS.obj (.text:ti_sysbios_knl_Task_postInit__I)
                  00002894    0000008c     drivers_tivaware.aem4f : GPIOTiva.oem4f (.text:GPIO_init)
                  00002920    0000008c     sysbios.aem4f : m3_TaskSupport_asm.obj (.text:ti_sysbios_family_arm_m3_TaskSupport_buildTaskStack)
                  000029ac    00000088     drivers_tivaware.aem4f : PWMTiva.oem4f (.text:PWMTiva_control)
                  00002a34    00000004     ti.targets.arm.rtsarm.aem4f : System.oem4f (.text:xdc_runtime_System_printf_va__F)
                  00002a38    00000084     sysbios.aem4f : BIOS.obj (.text:ti_sysbios_family_arm_m3_Hwi_postInit__I)
                  00002abc    00000002     rtsv7M4_T_le_v4SPD16_eabi.lib : div0.asm.obj (.text)
                  00002abe    00000002     pwmled_pem4f.oem4f (.text:ti_sysbios_BIOS_nullFunc__I)
                  00002ac0    0000007c     sysbios.aem4f : BIOS.obj (.text:ti_sysbios_heaps_HeapMem_free__E)
                  00002b3c    0000007a     rtsv7M4_T_le_v4SPD16_eabi.lib : memset_t2.asm.obj (.text)
                  00002bb6    00000002     pwmled_pem4f.oem4f (.text:xdc_runtime_Startup_reset__I)
                  00002bb8    00000070     sysbios.aem4f : BIOS.obj (.text:ti_sysbios_knl_Clock_workFunc__E)
                  00002c28    00000070                   : BIOS.obj (.text:ti_sysbios_knl_Task_exit__E)
                  00002c98    0000006d     ti.targets.arm.rtsarm.aem4f : System.oem4f (.text:xdc_runtime_System_formatNum__I)
                  00002d05    00000003     --HOLE-- [fill = 0]
                  00002d08    0000006c     sysbios.aem4f : BIOS.obj (.text:ti_sysbios_knl_Swi_restoreHwi__E)
                  00002d74    0000006c     ti.targets.arm.rtsarm.aem4f : Error.oem4f (.text:xdc_runtime_Error_print__E)
                  00002de0    0000006c                                 : Memory.oem4f (.text:xdc_runtime_Memory_alloc__E)
                  00002e4c    0000006a     drivers_tivaware.aem4f : PWMTiva.oem4f (.text:PWMTiva_close)
                  00002eb6    00000068     rtsv7M4_T_le_v4SPD16_eabi.lib : copy_decompress_lzss.c.obj (.text:decompress:lzss:__TI_decompress_lzss)
                  00002f1e    00000066     ti.targets.arm.rtsarm.aem4f : Core-mem.oem4f (.text:xdc_runtime_Core_deleteObject__I)
                  00002f84    00000064     drivers_tivaware.aem4f : GPIOTiva.oem4f (.text:GPIO_hwiIntFxn)
                  00002fe8    00000064     sysbios.aem4f : BIOS.obj (.text:ti_sysbios_family_arm_lm4_Timer_Module_startup__E)
                  0000304c    00000064     pwmled_pem4f.oem4f (.text:ti_sysbios_family_arm_m3_Hwi_create)
                  000030b0    00000064     sysbios.aem4f : BIOS.obj (.text:ti_sysbios_family_arm_m3_Hwi_dispatchC__I)
                  00003114    00000004     --HOLE-- [fill = 0]
                  00003118    00000064                   : BIOS.obj (.text:ti_sysbios_knl_Semaphore_post__E)
                  0000317c    00000004     --HOLE-- [fill = 0]
                  00003180    00000060                   : BIOS.obj (.text:ti_sysbios_knl_Task_schedule__I)
                  000031e0    0000005c                   : BIOS.obj (.text:ti_sysbios_knl_Swi_run__I)
                  0000323c    00000004     --HOLE-- [fill = 0]
                  00003240    0000005c                   : BIOS.obj (.text:ti_sysbios_knl_Swi_schedule__I)
                  0000329c    00000004     --HOLE-- [fill = 0]
                  000032a0    0000005c                   : BIOS.obj (.text:ti_sysbios_knl_Task_Module_startup__E)
                  000032fc    00000004     --HOLE-- [fill = 0]
                  00003300    0000005c                   : BIOS.obj (.text:ti_sysbios_knl_Task_startCore__E)
                  0000335c    0000005b     ti.targets.arm.rtsarm.aem4f : Text.oem4f (.text:xdc_runtime_Text_putLab__E)
                  000033b7    00000001     --HOLE-- [fill = 0]
                  000033b8    00000058     rtsv7M4_T_le_v4SPD16_eabi.lib : hostwrite.c.obj (.text:HOSTwrite)
                  00003410    00000058     boot.aem4f : boot.oem4f (.text)
                  00003468    00000058     sysbios.aem4f : m3_Hwi_asm_switch.obj (.text:ti_sysbios_family_arm_m3_Hwi_initStacks__E)
                  000034c0    00000056     driverlib.lib : gpio.obj (.text:GPIOIntTypeSet)
                  00003516    00000002     --HOLE-- [fill = 0]
                  00003518    00000054     sysbios.aem4f : BIOS.obj (.text:ti_sysbios_family_arm_lm4_Timer_initDevice__I)
                  0000356c    00000054     pwmled_pem4f.oem4f (.text:ti_sysbios_knl_Task_construct)
                  000035c0    00000054     ti.targets.arm.rtsarm.aem4f : Assert.oem4f (.text:xdc_runtime_Assert_raise__I)
                  00003614    00000050     drivers_tivaware.aem4f : GPIOTiva.oem4f (.text:GPIO_setCallback)
                  00003664    00000050                            : GPIOTiva.oem4f (.text:GPIO_write)
                  000036b4    00000004     --HOLE-- [fill = 0]
                  000036b8    00000050     sysbios.aem4f : BIOS.obj (.text:ti_sysbios_family_arm_m3_Hwi_Module_startup__E)
                  00003708    00000050     ti.targets.arm.rtsarm.aem4f : Startup.oem4f (.text:xdc_runtime_Startup_exec__E)
                  00003758    00000050                                 : Text.oem4f (.text:xdc_runtime_Text_visitRope2__I)
                  000037a8    0000004c     rtsv7M4_T_le_v4SPD16_eabi.lib : cpy_tbl.c.obj (.text:copy_in)
                  000037f4    00000004     --HOLE-- [fill = 0]
                  000037f8    0000004c     sysbios.aem4f : BIOS.obj (.text:ti_sysbios_heaps_HeapMem_getStats__E)
                  00003844    00000004     --HOLE-- [fill = 0]
                  00003848    0000004c                   : BIOS.obj (.text:ti_sysbios_knl_Swi_runLoop__I)
                  00003894    00000004     --HOLE-- [fill = 0]
                  00003898    0000004c                   : BIOS.obj (.text:ti_sysbios_knl_Task_allBlockedFunction__I)
                  000038e4    00000048     driverlib.lib : gpio.obj (.text:GPIOPinConfigure)
                  0000392c    00000004     --HOLE-- [fill = 0]
                  00003930    00000048     sysbios.aem4f : BIOS.obj (.text:ti_sysbios_family_arm_lm4_Timer_enableTimers__I)
                  00003978    00000048                   : BIOS.obj (.text:ti_sysbios_family_arm_m3_Hwi_disableInterrupt__E)
                  000039c0    00000048                   : BIOS.obj (.text:ti_sysbios_family_arm_m3_Hwi_enableInterrupt__E)
                  00003a08    00000048                   : BIOS.obj (.text:ti_sysbios_family_arm_m3_Hwi_excReserved__I)
                  00003a50    00000046     ti.targets.arm.rtsarm.aem4f : Core-params.oem4f (.text:xdc_runtime_Core_assignParams__I)
                  00003a96    00000002     --HOLE-- [fill = 0]
                  00003a98    00000044     sysbios.aem4f : BIOS.obj (.text:ti_sysbios_family_arm_lm4_Timer_isrStub__E)
                  00003adc    00000004     --HOLE-- [fill = 0]
                  00003ae0    00000044                   : BIOS.obj (.text:ti_sysbios_family_arm_m3_Hwi_getStackInfo__E)
                  00003b24    00000004     --HOLE-- [fill = 0]
                  00003b28    00000044                   : BIOS.obj (.text:ti_sysbios_knl_Swi_post__E)
                  00003b6c    00000044     ti.targets.arm.rtsarm.aem4f : Error.oem4f (.text:xdc_runtime_Error_setX__E)
                  00003bb0    00000044                                 : SysMin.oem4f (.text:xdc_runtime_SysMin_flush__E)
                  00003bf4    00000044                                 : Text.oem4f (.text:xdc_runtime_Text_xprintf__I)
                  00003c38    00000040     EK_TM4C123GXL.obj (.text:EK_TM4C123GXL_initGeneral)
                  00003c78    00000040     rtsv7M4_T_le_v4SPD16_eabi.lib : u_divt2.asm.obj (.text)
                  00003cb8    00000040     sysbios.aem4f : BIOS.obj (.text:ti_sysbios_family_arm_lm4_Timer_startup__E)
                  00003cf8    00000040                   : BIOS.obj (.text:ti_sysbios_heaps_HeapMem_Instance_init__E)
                  00003d38    0000003c                   : BIOS.obj (.text:ti_sysbios_family_arm_m3_Hwi_excSvCall__I)
                  00003d74    00000004     --HOLE-- [fill = 0]
                  00003d78    0000003c                   : BIOS.obj (.text:ti_sysbios_heaps_HeapMem_init__I)
                  00003db4    00000004     --HOLE-- [fill = 0]
                  00003db8    0000003c                   : BIOS.obj (.text:ti_sysbios_knl_Swi_restore__E)
                  00003df4    00000038     drivers_tivaware.aem4f : PWM.oem4f (.text:PWM_init)
                  00003e2c    00000038     rtsv7M4_T_le_v4SPD16_eabi.lib : trgmsg.c.obj (.text:__TI_writemsg)
                  00003e64    00000004     --HOLE-- [fill = 0]
                  00003e68    00000038     sysbios.aem4f : BIOS.obj (.text:ti_sysbios_family_arm_m3_Hwi_excNoIsr__I)
                  00003ea0    00000038                   : BIOS.obj (.text:ti_sysbios_knl_Task_processVitalTaskFlag__I)
                  00003ed8    00000038     ti.targets.arm.rtsarm.aem4f : SysMin.oem4f (.text:xdc_runtime_SysMin_putch__E)
                  00003f10    00000038                                 : System.oem4f (.text:xdc_runtime_System_atexit__E)
                  00003f48    00000034     EK_TM4C123GXL.obj (.text:EK_TM4C123GXL_initPWM)
                  00003f7c    00000034     driverlib.lib : sysctl.obj (.text:SysCtlPeripheralEnable)
                  00003fb0    00000034     rtsv7M4_T_le_v4SPD16_eabi.lib : trgmsg.c.obj (.text:__TI_readmsg)
                  00003fe4    00000004     --HOLE-- [fill = 0]
                  00003fe8    00000034     sysbios.aem4f : BIOS.obj (.text:ti_sysbios_family_arm_m3_Hwi_Instance_finalize__E)
                  0000401c    00000004     --HOLE-- [fill = 0]
                  00004020    00000034                   : BIOS.obj (.text:ti_sysbios_family_arm_m3_Hwi_excNmi__I)
                  00004054    00000004     --HOLE-- [fill = 0]
                  00004058    00000034                   : BIOS.obj (.text:ti_sysbios_hal_Hwi_checkStack)
                  0000408c    00000034     ti.targets.arm.rtsarm.aem4f : Core-label.oem4f (.text:xdc_runtime_Core_assignLabel__I)
                  000040c0    00000033                                 : Text.oem4f (.text:xdc_runtime_Text_printVisFxn__I)
                  000040f3    00000005     --HOLE-- [fill = 0]
                  000040f8    00000032     sysbios.aem4f : BIOS.obj (.text:ti_sysbios_hal_Hwi_initStack)
                  0000412a    00000002     --HOLE-- [fill = 0]
                  0000412c    00000030     EK_TM4C123GXL.obj (.text:EK_TM4C123GXL_initGPIO)
                  0000415c    00000030     drivers_tivaware.aem4f : PWMTiva.oem4f (.text:PWMTiva_init)
                  0000418c    00000030                            : PWM.oem4f (.text:PWM_open)
                  000041bc    00000030     pwmled_pem4f.oem4f (.text:ti_sysbios_BIOS_atExitFunc__I)
                  000041ec    00000004     --HOLE-- [fill = 0]
                  000041f0    00000030     sysbios.aem4f : BIOS.obj (.text:ti_sysbios_family_arm_lm4_Timer_stop__E)
                  00004220    00000030                   : BIOS.obj (.text:ti_sysbios_family_arm_m3_TaskSupport_start__E)
                  00004250    00000030     pwmled_pem4f.oem4f (.text:ti_sysbios_gates_GateHwi_Object__create__S)
                  00004280    00000030     pwmled_pem4f.oem4f (.text:ti_sysbios_gates_GateMutex_Object__create__S)
                  000042b0    00000030     sysbios.aem4f : BIOS.obj (.text:ti_sysbios_gates_GateMutex_enter__E)
                  000042e0    00000030     pwmled_pem4f.oem4f (.text:ti_sysbios_heaps_HeapMem_Object__create__S)
                  00004310    00000030     pwmled_pem4f.oem4f (.text:ti_sysbios_knl_Semaphore_construct)
                  00004340    00000030     sysbios.aem4f : BIOS.obj (.text:ti_sysbios_knl_Semaphore_pendTimeout__I)
                  00004370    00000030                   : BIOS.obj (.text:ti_sysbios_knl_Task_unblockI__E)
                  000043a0    00000030     ti.targets.arm.rtsarm.aem4f : SysMin.oem4f (.text:xdc_runtime_SysMin_abort__E)
                  000043d0    00000030                                 : System.oem4f (.text:xdc_runtime_System_processAtExit__E)
                  00004400    0000002c     pwmled_pem4f.oem4f (.text:ti_sysbios_knl_Clock_doTick__I)
                  0000442c    0000002c     pwmled_pem4f.oem4f (.text:ti_sysbios_knl_Queue_construct)
                  00004458    0000002c     sysbios.aem4f : BIOS.obj (.text:ti_sysbios_knl_Task_restore__E)
                  00004484    0000002c     ti.targets.arm.rtsarm.aem4f : Text.oem4f (.text:xdc_runtime_Text_cordText__E)
                  000044b0    0000002a     driverlib.lib : gpio.obj (.text:GPIODirModeSet)
                  000044da    0000002a     ti.targets.arm.rtsarm.aem4f : System.oem4f (.text:xdc_runtime_System_putchar__I)
                  00004504    00000004     --HOLE-- [fill = 0]
                  00004508    00000028     sysbios.aem4f : BIOS.obj (.text:ti_sysbios_knl_Swi_Module_startup__E)
                  00004530    00000026                   : m3_Hwi_asm.obj (.text:ti_sysbios_family_arm_m3_Hwi_pendSV__I)
                  00004556    00000026     ti.targets.arm.rtsarm.aem4f : System.oem4f (.text:xdc_runtime_System_avprintf__E)
                  0000457c    00000024     pwmled_pem4f.oem4f (.text:ti_sysbios_BIOS_errorRaiseHook__I)
                  000045a0    00000024     pwmled_pem4f.oem4f (.text:ti_sysbios_BIOS_registerRTSLock__I)
                  000045c4    00000024     pwmled_pem4f.oem4f (.text:ti_sysbios_BIOS_removeRTSLock__I)
                  000045e8    00000024     pwmled_pem4f.oem4f (.text:ti_sysbios_BIOS_startFunc__I)
                  0000460c    00000024     pwmled_pem4f.oem4f (.text:ti_sysbios_gates_GateMutex_Object__delete__S)
                  00004630    00000024     sysbios.aem4f : BIOS.obj (.text:ti_sysbios_knl_Clock_Module_startup__E)
                  00004654    00000004     --HOLE-- [fill = 0]
                  00004658    00000024                   : BIOS.obj (.text:ti_sysbios_knl_Semaphore_Instance_init__E)
                  0000467c    00000004     --HOLE-- [fill = 0]
                  00004680    00000024                   : BIOS.obj (.text:ti_sysbios_knl_Task_restoreHwi__E)
                  000046a4    00000024     ti.targets.arm.rtsarm.aem4f : System.oem4f (.text:xdc_runtime_System_vprintf__E)
                  000046c8    00000022     driverlib.lib : pwm.obj (.text:PWMGenConfigure)
                  000046ea    00000022     drivers_tivaware.aem4f : PWMTiva.oem4f (.text:PWMTiva_getPeriodCounts)
                  0000470c    00000004     --HOLE-- [fill = 0]
                  00004710    00000022     sysbios.aem4f : BIOS.obj (.text:ti_sysbios_family_arm_lm4_Timer_write__I)
                  00004732    00000022     pwmled_pem4f.oem4f (.text:xdc_runtime_SysMin_output__I)
                  00004754    00000020     pwmled_pem4f.oem4f (.text:ti_sysbios_BIOS_rtsLock__I)
                  00004774    00000020     sysbios.aem4f : m3_Hwi_asm.obj (.text:ti_sysbios_family_arm_m3_Hwi_excHandlerAsm__I)
                  00004794    00000004     --HOLE-- [fill = 0]
                  00004798    00000020                   : BIOS.obj (.text:ti_sysbios_family_arm_m3_Hwi_excHandler__I)
                  000047b8    00000020     pwmled_pem4f.oem4f (.text:ti_sysbios_gates_GateHwi_Object__delete__S)
                  000047d8    00000020     pwmled_pem4f.oem4f (.text:ti_sysbios_heaps_HeapMem_Object__delete__S)
                  000047f8    00000020     sysbios.aem4f : BIOS.obj (.text:ti_sysbios_knl_Idle_run__E)
                  00004818    00000020     pwmled_pem4f.oem4f (.text:ti_sysbios_knl_Semaphore_Object__destruct__S)
                  00004838    00000020     ti.targets.arm.rtsarm.aem4f : Registry.oem4f (.text:xdc_runtime_Registry_findById__E)
                  00004858    00000020                                 : SysMin.oem4f (.text:xdc_runtime_SysMin_Module_startup__E)
                  00004878    0000001e     driverlib.lib : pwm.obj (.text:PWMPulseWidthSet)
                  00004896    0000001e     drivers_tivaware.aem4f : PWMTiva.oem4f (.text:PWMTiva_getPeriodMicroSecs)
                  000048b4    0000001e     sysbios.aem4f : m3_Hwi_asm_switch.obj (.text:ti_sysbios_family_xxx_Hwi_switchAndRunFunc)
                  000048d2    0000001c     drivers_tivaware.aem4f : GPIOTiva.oem4f (.text:getGpioIntIndex)
                  000048ee    00000002     --HOLE-- [fill = 0]
                  000048f0    0000001c     sysbios.aem4f : BIOS.obj (.text:ti_sysbios_gates_GateMutex_Instance_init__E)
                  0000490c    0000001c     pwmled_pem4f.oem4f (.text:ti_sysbios_knl_Queue_Object__destruct__S)
                  00004928    0000001c     sysbios.aem4f : BIOS.obj (.text:ti_sysbios_knl_Queue_put__E)
                  00004944    00000004     --HOLE-- [fill = 0]
                  00004948    0000001c                   : BIOS.obj (.text:ti_sysbios_knl_Task_enter__I)
                  00004964    0000001c     ti.targets.arm.rtsarm.aem4f : Error.oem4f (.text:xdc_runtime_Error_raiseX__E)
                  00004980    0000001c                                 : Memory.oem4f (.text:xdc_runtime_Memory_valloc__E)
                  0000499c    0000001c                                 : SysMin.oem4f (.text:xdc_runtime_SysMin_exit__E)
                  000049b8    0000001c                                 : System.oem4f (.text:xdc_runtime_System_abort__E)
                  000049d4    0000001a     pwmled_pem4f.oem4f (.text:ti_sysbios_family_arm_m3_Hwi_Handle__label__S)
                  000049ee    0000001a     pwmled_pem4f.oem4f (.text:ti_sysbios_gates_GateHwi_Handle__label__S)
                  00004a08    0000001a     pwmled_pem4f.oem4f (.text:ti_sysbios_gates_GateMutex_Handle__label__S)
                  00004a22    0000001a     pwmled_pem4f.oem4f (.text:ti_sysbios_heaps_HeapMem_Handle__label__S)
                  00004a3c    0000001a     pwmled_pem4f.oem4f (.text:ti_sysbios_knl_Swi_Handle__label__S)
                  00004a56    0000001a     pwmled_pem4f.oem4f (.text:ti_sysbios_knl_Task_Handle__label__S)
                  00004a70    0000001a     pwmled_pem4f.oem4f (.text:xdc_runtime_System_aprintf__E)
                  00004a8a    0000001a     pwmled_pem4f.oem4f (.text:xdc_runtime_System_printf__E)
                  00004aa4    00000018     rtsv7M4_T_le_v4SPD16_eabi.lib : args_main.c.obj (.text:_args_main)
                  00004abc    00000018     pwmled_pem4f.oem4f (.text:ti_sysbios_BIOS_rtsUnlock__I)
                  00004ad4    00000018     pwmled_pem4f.oem4f (.text:ti_sysbios_family_arm_lm4_Timer_Module__startupDone__F)
                  00004aec    00000018     pwmled_pem4f.oem4f (.text:ti_sysbios_family_arm_m3_Hwi_Module__startupDone__F)
                  00004b04    00000018     sysbios.aem4f : m3_TaskSupport_asm.obj (.text:ti_sysbios_family_arm_m3_TaskSupport_swap__E)
                  00004b1c    00000004     --HOLE-- [fill = 0]
                  00004b20    00000018                   : BIOS.obj (.text:ti_sysbios_gates_GateMutex_leave__E)
                  00004b38    00000018                   : BIOS.obj (.text:ti_sysbios_knl_Task_sleepTimeout__I)
                  00004b50    00000018     ti.targets.arm.rtsarm.aem4f : Error.oem4f (.text:xdc_runtime_Error_check__E)
                  00004b68    00000018                                 : System.oem4f (.text:xdc_runtime_System_exit__E)
                  00004b80    00000018                                 : Text.oem4f (.text:xdc_runtime_Text_ropeText__E)
                  00004b98    00000016     pwmled_pem4f.oem4f (.text:ti_sysbios_BIOS_exitFunc__I)
                  00004bae    00000016     pwmled.obj (.text:ti_sysbios_knl_Task_Params_init)
                  00004bc4    00000014     driverlib.lib : pwm.obj (.text:PWMClockSet)
                  00004bd8    00000014                   : sysctl.obj (.text:SysCtlPWMClockSet)
                  00004bec    00000014     rtsv7M4_T_le_v4SPD16_eabi.lib : strlen.c.obj (.text:strlen)
                  00004c00    00000014     pwmled_pem4f.oem4f (.text:ti_sysbios_family_arm_m3_Hwi_Object__get__S)
                  00004c14    00000004     --HOLE-- [fill = 0]
                  00004c18    00000014     sysbios.aem4f : BIOS.obj (.text:ti_sysbios_family_arm_m3_Hwi_switchFromBootStack__E)
                  00004c2c    00000014     pwmled_pem4f.oem4f (.text:ti_sysbios_heaps_HeapMem_Object__get__S)
                  00004c40    00000014     pwmled_pem4f.oem4f (.text:ti_sysbios_knl_Swi_Object__get__S)
                  00004c54    00000012     driverlib.lib : gpio.obj (.text:GPIOPinTypeGPIOInput)
                  00004c66    00000012                   : gpio.obj (.text:GPIOPinTypePWM)
                  00004c78    00000012                   : pwm.obj (.text:PWMGenPeriodGet)
                  00004c8a    00000012                   : pwm.obj (.text:PWMOutputInvert)
                  00004c9c    00000012                   : pwm.obj (.text:PWMOutputState)
                  00004cae    00000002     --HOLE-- [fill = 0]
                  00004cb0    00000012     sysbios.aem4f : BIOS.obj (.text:ti_sysbios_hal_Hwi_Module_startup__E)
                  00004cc2    00000012     pwmled_pem4f.oem4f (.text:xdc_runtime_Startup_exec__I)
                  00004cd4    00000010     driverlib.lib : pwm.obj (.text:PWMGenPeriodSet)
                  00004ce4    00000010     drivers_tivaware.aem4f : PWM.oem4f (.text:PWM_Params_init)
                  00004cf4    00000004     --HOLE-- [fill = 0]
                  00004cf8    00000010     sysbios.aem4f : BIOS.obj (.text:ti_sysbios_BIOS_getCpuFreq__E)
                  00004d08    00000010                   : BIOS.obj (.text:ti_sysbios_BIOS_setThreadType__E)
                  00004d18    00000010                   : BIOS.obj (.text:ti_sysbios_BIOS_start__E)
                  00004d28    00000010                   : m3_TaskSupport_asm.obj (.text:ti_sysbios_family_arm_m3_TaskSupport_glue)
                  00004d38    00000010                   : BIOS.obj (.text:ti_sysbios_gates_GateMutex_Instance_finalize__E)
                  00004d48    00000010                   : BIOS.obj (.text:ti_sysbios_knl_Semaphore_Instance_finalize__E)
                  00004d58    00000010                   : BIOS.obj (.text:ti_sysbios_knl_Swi_disable__E)
                  00004d68    00000010     pwmled_pem4f.oem4f (.text:ti_sysbios_knl_Task_Object__get__S)
                  00004d78    00000010     sysbios.aem4f : BIOS.obj (.text:ti_sysbios_knl_Task_disable__E)
                  00004d88    00000010     ti.targets.arm.rtsarm.aem4f : Gate.oem4f (.text:xdc_runtime_Gate_leaveSystem__E)
                  00004d98    00000010                                 : Memory.oem4f (.text:xdc_runtime_Memory_free__E)
                  00004da8    00000010                                 : SysMin.oem4f (.text:xdc_runtime_SysMin_ready__E)
                  00004db8    00000010                                 : System.oem4f (.text:xdc_runtime_System_vsnprintf__E)
                  00004dc8    00000010     pwmled_pem4f.oem4f (.text:xdc_runtime_Text_visitRope__I)
                  00004dd8    0000000e     driverlib.lib : gpio.obj (.text:GPIOIntStatus)
                  00004de6    0000000e     rtsv7M4_T_le_v4SPD16_eabi.lib : copy_decompress_none.c.obj (.text:decompress:none:__TI_decompress_none)
                  00004df4    00000004     --HOLE-- [fill = 0]
                  00004df8    0000000e     sysbios.aem4f : BIOS.obj (.text:ti_sysbios_knl_Idle_loop__E)
                  00004e06    00000002     --HOLE-- [fill = 0]
                  00004e08    0000000e                   : BIOS.obj (.text:ti_sysbios_knl_Queue_empty__E)
                  00004e16    00000002     --HOLE-- [fill = 0]
                  00004e18    0000000c     pwmled_pem4f.oem4f (.text:.bootCodeSection:ti_catalog_arm_cortexm4_tiva_ce_Boot_init__I)
                  00004e24    0000000c     driverlib.lib : pwm.obj (.text:PWMGenDisable)
                  00004e30    0000000c                   : pwm.obj (.text:PWMGenEnable)
                  00004e3c    0000000c     rtsv7M4_T_le_v4SPD16_eabi.lib : _lock.c.obj (.text:_register_lock)
                  00004e48    0000000c                                   : _lock.c.obj (.text:_register_unlock)
                  00004e54    0000000c                                   : copy_zero_init.c.obj (.text:decompress:ZI:__TI_zero_init)
                  00004e60    0000000c     sysbios.aem4f : BIOS.obj (.text:ti_sysbios_family_arm_lm4_Timer_getMaxTicks__E)
                  00004e6c    0000000c     pwmled_pem4f.oem4f (.text:ti_sysbios_family_arm_m3_Hwi_Params__init__S)
                  00004e78    0000000c     sysbios.aem4f : BIOS.obj (.text:ti_sysbios_family_arm_m3_Hwi_disableFxn__E)
                  00004e84    00000004     --HOLE-- [fill = 0]
                  00004e88    0000000c                   : BIOS.obj (.text:ti_sysbios_family_arm_m3_TaskSupport_checkStack__E)
                  00004e94    00000004     --HOLE-- [fill = 0]
                  00004e98    0000000c                   : BIOS.obj (.text:ti_sysbios_family_arm_m3_TaskSupport_getStackAlignment__E)
                  00004ea4    00000004     --HOLE-- [fill = 0]
                  00004ea8    0000000c                   : BIOS.obj (.text:ti_sysbios_gates_GateHwi_enter__E)
                  00004eb4    0000000c     pwmled_pem4f.oem4f (.text:ti_sysbios_knl_Queue_Object__get__S)
                  00004ec0    0000000c     pwmled_pem4f.oem4f (.text:ti_sysbios_knl_Task_Params__init__S)
                  00004ecc    0000000c     pwmled.obj (.text:ti_sysbios_knl_Task_handle)
                  00004ed8    0000000c     ti.targets.arm.rtsarm.aem4f : Error.oem4f (.text:xdc_runtime_Error_init__E)
                  00004ee4    0000000c                                 : Gate.oem4f (.text:xdc_runtime_Gate_enterSystem__E)
                  00004ef0    0000000c                                 : Memory.oem4f (.text:xdc_runtime_Memory_calloc__E)
                  00004efc    0000000c                                 : Memory.oem4f (.text:xdc_runtime_Memory_getMaxDefaultTypeAlign__E)
                  00004f08    0000000a     drivers_tivaware.aem4f : PWM.oem4f (.text:PWM_setDuty)
                  00004f12    0000000a     pwmled_pem4f.oem4f (.text:xdc_runtime_IHeap_alloc)
                  00004f1c    0000000a     pwmled_pem4f.oem4f (.text:xdc_runtime_IHeap_free)
                  00004f26    00000008     sysbios.aem4f : BIOS.obj (.text:ti_sysbios_family_arm_lm4_Timer_masterDisable__I)
                  00004f2e    00000002     --HOLE-- [fill = 0]
                  00004f30    00000008                   : BIOS.obj (.text:ti_sysbios_family_arm_m3_Hwi_doSwiRestore__I)
                  00004f38    00000008                   : BIOS.obj (.text:ti_sysbios_family_arm_m3_Hwi_startup__E)
                  00004f40    00000006     driverlib.lib : gpio.obj (.text:GPIOIntClear)
                  00004f46    00000006                   : gpio.obj (.text:GPIOPinWrite)
                  00004f4c    00000006     Boot.aem4f : Boot_sysctl.oem4f (.text:ti_catalog_arm_cortexm4_tiva_ce_Boot_sysCtlDelayI__I)
                  00004f52    00000006     ti.targets.arm.rtsarm.aem4f : System.oem4f (.text:xdc_runtime_System_Module_startup__E)
                  00004f58    00000006     sysbios.aem4f : BIOS.obj (.text:ti_sysbios_family_arm_m3_Hwi_doTaskRestore__I)
                  00004f5e    00000002     --HOLE-- [fill = 0]
                  00004f60    00000006                   : BIOS.obj (.text:ti_sysbios_family_arm_m3_Hwi_restoreFxn__E)
                  00004f66    00000002     --HOLE-- [fill = 0]
                  00004f68    00000006                   : BIOS.obj (.text:ti_sysbios_gates_GateHwi_leave__E)
                  00004f6e    00000002     --HOLE-- [fill = 0]
                  00004f70    00000006                   : BIOS.obj (.text:ti_sysbios_heaps_HeapMem_isBlocking__E)
                  00004f76    00000002     --HOLE-- [fill = 0]
                  00004f78    00000006                   : BIOS.obj (.text:ti_sysbios_knl_Queue_Instance_init__E)
                  00004f7e    00000002     --HOLE-- [fill = 0]
                  00004f80    00000006                   : BIOS.obj (.text:ti_sysbios_knl_Swi_startup__E)
                  00004f86    00000002     --HOLE-- [fill = 0]
                  00004f88    00000004                   : BIOS.obj (.text:ti_sysbios_gates_GateHwi_query__E)
                  00004f8c    00000004     --HOLE-- [fill = 0]
                  00004f90    00000004                   : BIOS.obj (.text:ti_sysbios_gates_GateMutex_query__E)
                  00004f94    00000004     --HOLE-- [fill = 0]
                  00004f98    00000004                   : BIOS.obj (.text:ti_sysbios_knl_Task_startup__E)
                  00004f9c    00000004     --HOLE-- [fill = 0]
                  00004fa0    00000002                   : BIOS.obj (.text:ti_sysbios_gates_GateHwi_Instance_init__E)
                  00004fa2    00000006     --HOLE-- [fill = 0]
                  00004fa8    00000002                   : BIOS.obj (.text:ti_sysbios_knl_Clock_logTick__E)

.const     0    00004fac    00001f12     
                  00004fac    00001861     pwmled_pem4f.oem4f (.const:xdc_runtime_Text_charTab__A)
                  0000680d    00000001     pwmled_pem4f.oem4f (.const:xdc_runtime_Error_policy__C)
                  0000680e    000000bc     pwmled_pem4f.oem4f (.const:xdc_runtime_Text_nodeTab__A)
                  000068ca    00000002     pwmled_pem4f.oem4f (.const:ti_catalog_arm_cortexm4_tiva_ce_Boot_Module__id__C)
                  000068cc    00000090     driverlib.lib : gpio.obj (.const:g_pui32GPIOBaseAddrs)
                  0000695c    00000054     drivers_tivaware.aem4f : GPIOTiva.oem4f (.const:.string)
                  000069b0    00000048     pwmled_pem4f.oem4f (.const:.string)
                  000069f8    00000048     drivers_tivaware.aem4f : GPIOTiva.oem4f (.const:gpioBaseAddresses)
                  00006a40    0000003c     pwmled_pem4f.oem4f (.const:ti_sysbios_knl_Task_Object__PARAMS__C)
                  00006a7c    00000030     pwmled_pem4f.oem4f (.const:ti_sysbios_family_arm_m3_Hwi_Object__PARAMS__C)
                  00006aac    00000028     pwmled_pem4f.oem4f (.const:ti_sysbios_heaps_HeapMem_Module__FXNS__C)
                  00006ad4    00000024     EK_TM4C123GXL.obj (.const:PWM_config)
                  00006af8    00000024     pwmled_pem4f.oem4f (.const:ti_sysbios_gates_GateHwi_Module__FXNS__C)
                  00006b1c    00000024     pwmled_pem4f.oem4f (.const:ti_sysbios_gates_GateMutex_Module__FXNS__C)
                  00006b40    00000024     pwmled_pem4f.oem4f (.const:ti_sysbios_heaps_HeapMem_Object__PARAMS__C)
                  00006b64    00000024     pwmled_pem4f.oem4f (.const:ti_sysbios_knl_Semaphore_Object__PARAMS__C)
                  00006b88    00000020     drivers_tivaware.aem4f : PWMTiva.oem4f (.const)
                  00006ba8    00000020     pwmled_pem4f.oem4f (.const:ti_sysbios_family_arm_m3_Hwi_Object__DESC__C)
                  00006bc8    00000020     pwmled_pem4f.oem4f (.const:ti_sysbios_gates_GateHwi_Object__DESC__C)
                  00006be8    00000020     pwmled_pem4f.oem4f (.const:ti_sysbios_gates_GateMutex_Object__DESC__C)
                  00006c08    00000020     pwmled_pem4f.oem4f (.const:ti_sysbios_heaps_HeapMem_Object__DESC__C)
                  00006c28    00000020     pwmled_pem4f.oem4f (.const:ti_sysbios_knl_Queue_Object__DESC__C)
                  00006c48    00000020     pwmled_pem4f.oem4f (.const:ti_sysbios_knl_Semaphore_Object__DESC__C)
                  00006c68    00000020     pwmled_pem4f.oem4f (.const:ti_sysbios_knl_Task_Object__DESC__C)
                  00006c88    00000020     pwmled_pem4f.oem4f (.const:xdc_runtime_Startup_sfxnTab__A)
                  00006ca8    00000018     EK_TM4C123GXL.obj (.const:pwmTivaHWAttrs)
                  00006cc0    00000018     pwmled_pem4f.oem4f (.const:ti_sysbios_gates_GateHwi_Object__PARAMS__C)
                  00006cd8    00000018     pwmled_pem4f.oem4f (.const:ti_sysbios_gates_GateMutex_Object__PARAMS__C)
                  00006cf0    00000018     pwmled_pem4f.oem4f (.const:ti_sysbios_knl_Queue_Object__PARAMS__C)
                  00006d08    00000014     EK_TM4C123GXL.obj (.const:GPIOTiva_config)
                  00006d1c    00000014     pwmled_pem4f.oem4f (.const:xdc_runtime_Startup_firstFxns__A)
                  00006d30    00000010     pwmled_pem4f.oem4f (.const:xdc_runtime_Startup_sfxnRts__A)
                  00006d40    0000000c     drivers_tivaware.aem4f : PWM.oem4f (.const)
                  00006d4c    00000008     pwmled_pem4f.oem4f (.const:ti_sysbios_family_arm_m3_Hwi_excHookFuncs__A)
                  00006d54    00000008     pwmled_pem4f.oem4f (.const:ti_sysbios_knl_Idle_funcList__C)
                  00006d5c    00000008     pwmled_pem4f.oem4f (.const:xdc_runtime_Startup_firstFxns__C)
                  00006d64    00000008     pwmled_pem4f.oem4f (.const:xdc_runtime_Startup_lastFxns__C)
                  00006d6c    00000004     pwmled_pem4f.oem4f (.const:ti_catalog_arm_cortexm4_tiva_ce_Boot_A_mustUseEnhancedClockMode__C)
                  00006d70    00000004     pwmled_pem4f.oem4f (.const:ti_catalog_arm_cortexm4_tiva_ce_Boot_Module__diagsEnabled__C)
                  00006d74    00000004     pwmled_pem4f.oem4f (.const:ti_catalog_arm_cortexm4_tiva_ce_Boot_Module__diagsIncluded__C)
                  00006d78    00000004     pwmled_pem4f.oem4f (.const:ti_catalog_arm_cortexm4_tiva_ce_Boot_Module__diagsMask__C)
                  00006d7c    00000004     pwmled_pem4f.oem4f (.const:ti_sysbios_family_arm_lm4_Timer_enableFunc__C)
                  00006d80    00000004     pwmled_pem4f.oem4f (.const:ti_sysbios_family_arm_lm4_Timer_numTimerDevices__C)
                  00006d84    00000004     pwmled_pem4f.oem4f (.const:ti_sysbios_family_arm_lm4_Timer_startupNeeded__C)
                  00006d88    00000004     pwmled_pem4f.oem4f (.const:ti_sysbios_family_arm_m3_Hwi_E_NMI__C)
                  00006d8c    00000004     pwmled_pem4f.oem4f (.const:ti_sysbios_family_arm_m3_Hwi_E_alreadyDefined__C)
                  00006d90    00000004     pwmled_pem4f.oem4f (.const:ti_sysbios_family_arm_m3_Hwi_E_busFault__C)
                  00006d94    00000004     pwmled_pem4f.oem4f (.const:ti_sysbios_family_arm_m3_Hwi_E_debugMon__C)
                  00006d98    00000004     pwmled_pem4f.oem4f (.const:ti_sysbios_family_arm_m3_Hwi_E_hardFault__C)
                  00006d9c    00000004     pwmled_pem4f.oem4f (.const:ti_sysbios_family_arm_m3_Hwi_E_memFault__C)
                  00006da0    00000004     pwmled_pem4f.oem4f (.const:ti_sysbios_family_arm_m3_Hwi_E_noIsr__C)
                  00006da4    00000004     pwmled_pem4f.oem4f (.const:ti_sysbios_family_arm_m3_Hwi_E_reserved__C)
                  00006da8    00000004     pwmled_pem4f.oem4f (.const:ti_sysbios_family_arm_m3_Hwi_E_svCall__C)
                  00006dac    00000004     pwmled_pem4f.oem4f (.const:ti_sysbios_family_arm_m3_Hwi_E_usageFault__C)
                  00006db0    00000004     pwmled_pem4f.oem4f (.const:ti_sysbios_family_arm_m3_Hwi_NUM_INTERRUPTS__C)
                  00006db4    00000004     pwmled_pem4f.oem4f (.const:ti_sysbios_family_arm_m3_Hwi_Object__count__C)
                  00006db8    00000004     pwmled_pem4f.oem4f (.const:ti_sysbios_family_arm_m3_Hwi_ccr__C)
                  00006dbc    00000004     pwmled_pem4f.oem4f (.const:ti_sysbios_family_arm_m3_Hwi_excHandlerFunc__C)
                  00006dc0    00000004     pwmled_pem4f.oem4f (.const:ti_sysbios_family_arm_m3_Hwi_excHookFuncs__C)
                  00006dc4    00000004     pwmled_pem4f.oem4f (.const:ti_sysbios_family_arm_m3_Hwi_nullIsrFunc__C)
                  00006dc8    00000004     pwmled_pem4f.oem4f (.const:ti_sysbios_family_arm_m3_Hwi_priGroup__C)
                  00006dcc    00000004     pwmled_pem4f.oem4f (.const:ti_sysbios_family_arm_m3_TaskSupport_stackAlignment__C)
                  00006dd0    00000004     pwmled_pem4f.oem4f (.const:ti_sysbios_gates_GateMutex_Instance_State_sem__O)
                  00006dd4    00000004     pwmled_pem4f.oem4f (.const:ti_sysbios_hal_Hwi_E_stackOverflow__C)
                  00006dd8    00000004     pwmled_pem4f.oem4f (.const:ti_sysbios_heaps_HeapMem_E_memory__C)
                  00006ddc    00000004     pwmled_pem4f.oem4f (.const:ti_sysbios_heaps_HeapMem_Module__gateObj__C)
                  00006de0    00000004     pwmled_pem4f.oem4f (.const:ti_sysbios_heaps_HeapMem_Object__count__C)
                  00006de4    00000004     pwmled_pem4f.oem4f (.const:ti_sysbios_heaps_HeapMem_reqAlign__C)
                  00006de8    00000004     pwmled_pem4f.oem4f (.const:ti_sysbios_knl_Clock_Module_State_clockQ__O)
                  00006dec    00000004     pwmled_pem4f.oem4f (.const:ti_sysbios_knl_Idle_funcList__A)
                  00006df0    00000004     pwmled_pem4f.oem4f (.const:ti_sysbios_knl_Semaphore_Instance_State_pendQ__O)
                  00006df4    00000004     pwmled_pem4f.oem4f (.const:ti_sysbios_knl_Swi_Object__count__C)
                  00006df8    00000004     pwmled_pem4f.oem4f (.const:ti_sysbios_knl_Task_E_spOutOfBounds__C)
                  00006dfc    00000004     pwmled_pem4f.oem4f (.const:ti_sysbios_knl_Task_E_stackOverflow__C)
                  00006e00    00000004     pwmled_pem4f.oem4f (.const:ti_sysbios_knl_Task_Module_State_inactiveQ__O)
                  00006e04    00000004     pwmled_pem4f.oem4f (.const:ti_sysbios_knl_Task_Object__count__C)
                  00006e08    00000004     pwmled_pem4f.oem4f (.const:ti_sysbios_knl_Task_allBlockedFunc__C)
                  00006e0c    00000004     pwmled_pem4f.oem4f (.const:ti_sysbios_knl_Task_defaultStackHeap__C)
                  00006e10    00000004     pwmled_pem4f.oem4f (.const:ti_sysbios_knl_Task_defaultStackSize__C)
                  00006e14    00000004     pwmled_pem4f.oem4f (.const:ti_sysbios_knl_Task_numConstructedTasks__C)
                  00006e18    00000004     pwmled_pem4f.oem4f (.const:xdc_runtime_Assert_E_assertFailed__C)
                  00006e1c    00000004     pwmled_pem4f.oem4f (.const:xdc_runtime_Core_A_initializedParams__C)
                  00006e20    00000004     pwmled_pem4f.oem4f (.const:xdc_runtime_Core_Module__diagsEnabled__C)
                  00006e24    00000004     pwmled_pem4f.oem4f (.const:xdc_runtime_Core_Module__diagsIncluded__C)
                  00006e28    00000004     pwmled_pem4f.oem4f (.const:xdc_runtime_Core_Module__diagsMask__C)
                  00006e2c    00000004     pwmled_pem4f.oem4f (.const:xdc_runtime_Error_E_memory__C)
                  00006e30    00000004     pwmled_pem4f.oem4f (.const:xdc_runtime_Error_Module__diagsEnabled__C)
                  00006e34    00000004     pwmled_pem4f.oem4f (.const:xdc_runtime_Error_Module__diagsIncluded__C)
                  00006e38    00000004     pwmled_pem4f.oem4f (.const:xdc_runtime_Error_Module__diagsMask__C)
                  00006e3c    00000004     pwmled_pem4f.oem4f (.const:xdc_runtime_Error_Module__loggerFxn8__C)
                  00006e40    00000004     pwmled_pem4f.oem4f (.const:xdc_runtime_Error_Module__loggerObj__C)
                  00006e44    00000004     pwmled_pem4f.oem4f (.const:xdc_runtime_Error_policyFxn__C)
                  00006e48    00000004     pwmled_pem4f.oem4f (.const:xdc_runtime_Error_raiseHook__C)
                  00006e4c    00000004     pwmled_pem4f.oem4f (.const:xdc_runtime_IGateProvider_Interface__BASE__C)
                  00006e50    00000004     pwmled_pem4f.oem4f (.const:xdc_runtime_IHeap_Interface__BASE__C)
                  00006e54    00000004     pwmled_pem4f.oem4f (.const:xdc_runtime_IModule_Interface__BASE__C)
                  00006e58    00000004     pwmled_pem4f.oem4f (.const:xdc_runtime_Log_L_error__C)
                  00006e5c    00000004     pwmled_pem4f.oem4f (.const:xdc_runtime_Memory_defaultHeapInstance__C)
                  00006e60    00000004     pwmled_pem4f.oem4f (.const:xdc_runtime_Startup_execImpl__C)
                  00006e64    00000004     pwmled_pem4f.oem4f (.const:xdc_runtime_Startup_maxPasses__C)
                  00006e68    00000004     pwmled_pem4f.oem4f (.const:xdc_runtime_Startup_sfxnRts__C)
                  00006e6c    00000004     pwmled_pem4f.oem4f (.const:xdc_runtime_Startup_sfxnTab__C)
                  00006e70    00000004     pwmled_pem4f.oem4f (.const:xdc_runtime_SysMin_bufSize__C)
                  00006e74    00000004     pwmled_pem4f.oem4f (.const:xdc_runtime_SysMin_outputFunc__C)
                  00006e78    00000004     pwmled_pem4f.oem4f (.const:xdc_runtime_System_Module__gateObj__C)
                  00006e7c    00000004     pwmled_pem4f.oem4f (.const:xdc_runtime_System_abortFxn__C)
                  00006e80    00000004     pwmled_pem4f.oem4f (.const:xdc_runtime_System_exitFxn__C)
                  00006e84    00000004     pwmled_pem4f.oem4f (.const:xdc_runtime_System_extendFxn__C)
                  00006e88    00000004     pwmled_pem4f.oem4f (.const:xdc_runtime_System_maxAtexitHandlers__C)
                  00006e8c    00000004     pwmled_pem4f.oem4f (.const:xdc_runtime_Text_charTab__C)
                  00006e90    00000004     pwmled_pem4f.oem4f (.const:xdc_runtime_Text_nameEmpty__C)
                  00006e94    00000004     pwmled_pem4f.oem4f (.const:xdc_runtime_Text_nameStatic__C)
                  00006e98    00000004     pwmled_pem4f.oem4f (.const:xdc_runtime_Text_nameUnknown__C)
                  00006e9c    00000004     pwmled_pem4f.oem4f (.const:xdc_runtime_Text_nodeTab__C)
                  00006ea0    00000004     pwmled_pem4f.oem4f (.const:xdc_runtime_Text_visitRopeFxn__C)
                  00006ea4    00000002     pwmled_pem4f.oem4f (.const:ti_sysbios_family_arm_m3_Hwi_Module__id__C)
                  00006ea6    00000002     pwmled_pem4f.oem4f (.const:ti_sysbios_hal_Hwi_Module__id__C)
                  00006ea8    00000002     pwmled_pem4f.oem4f (.const:ti_sysbios_heaps_HeapMem_Module__id__C)
                  00006eaa    00000002     pwmled_pem4f.oem4f (.const:ti_sysbios_knl_Task_Module__id__C)
                  00006eac    00000002     pwmled_pem4f.oem4f (.const:xdc_runtime_Core_Module__id__C)
                  00006eae    00000002     pwmled_pem4f.oem4f (.const:xdc_runtime_Error_Module__loggerDefined__C)
                  00006eb0    00000002     pwmled_pem4f.oem4f (.const:xdc_runtime_Error_maxDepth__C)
                  00006eb2    00000002     pwmled_pem4f.oem4f (.const:xdc_runtime_Memory_Module__id__C)
                  00006eb4    00000002     pwmled_pem4f.oem4f (.const:xdc_runtime_SysMin_flushAtExit__C)
                  00006eb6    00000002     pwmled_pem4f.oem4f (.const:xdc_runtime_Text_charCnt__C)
                  00006eb8    00000002     pwmled_pem4f.oem4f (.const:xdc_runtime_Text_isLoaded__C)
                  00006eba    00000002     pwmled_pem4f.oem4f (.const:xdc_runtime_Text_registryModsLastId__C)
                  00006ebc    00000002     pwmled_pem4f.oem4f (.const:xdc_runtime_Text_unnamedModsLastId__C)

.cinit     0    00006ec0    00000208     
                  00006ec0    000001cd     (.cinit..data.load) [load image, compression = lzss]
                  0000708d    00000003     --HOLE-- [fill = 0]
                  00007090    0000000c     (__TI_handler_table)
                  0000709c    00000004     --HOLE-- [fill = 0]
                  000070a0    00000008     (.cinit..bss.load) [load image, compression = zero_init]
                  000070a8    00000008     (.cinit..vecs.load) [load image, compression = zero_init]
                  000070b0    00000018     (__TI_cinit_table)

.init_array 
*          0    00000000    00000000     UNINITIALIZED

.resetVecs 
*          0    00000000    0000003c     
                  00000000    0000003c     pwmled_pem4f.oem4f (.resetVecs)

.bss       0    20000360    00000e00     UNINITIALIZED
                  20000360    00000400     (.common:ti_sysbios_heaps_HeapMem_Instance_State_0_buf__A)
                  20000760    00000360     (.common:ti_sysbios_family_arm_m3_Hwi_dispatchTable)
                  20000ac0    00000200     pwmled_pem4f.oem4f (.bss:taskStackSection)
                  20000cc0    00000200     (.common:tsk0Stack)
                  20000ec0    00000120     rtsv7M4_T_le_v4SPD16_eabi.lib : trgmsg.c.obj (.bss:_CIOBUF_)
                  20000fe0    00000090     drivers_tivaware.aem4f : GPIOTiva.oem4f (.bss:gpioCallbackInfo)
                  20001070    00000080     (.common:xdc_runtime_SysMin_Module_State_0_outbuf__A)
                  200010f0    00000050     (.common:tsk0Struct)
                  20001140    00000010     (.common:pwmTivaObjects)
                  20001150    00000008     (.common:parmbuf)
                  20001158    00000004     (.common:gpioInterruptVectors)
                  2000115c    00000004     (.common:task)

.data      0    20001160    00000422     UNINITIALIZED
                  20001160    00000080     pwmled_pem4f.oem4f (.data:ti_sysbios_knl_Swi_Module_State_0_readyQ__A)
                  200011e0    00000080     pwmled_pem4f.oem4f (.data:ti_sysbios_knl_Task_Module_State_0_readyQ__A)
                  20001260    0000004c     pwmled_pem4f.oem4f (.data:ti_sysbios_knl_Task_Object__table__V)
                  200012ac    00000044     pwmled_pem4f.oem4f (.data:ti_sysbios_knl_Task_Module__state__V)
                  200012f0    00000040     pwmled_pem4f.oem4f (.data:ti_sysbios_family_arm_lm4_Timer_Object__table__V)
                  20001330    00000038     pwmled_pem4f.oem4f (.data:ti_sysbios_gates_GateMutex_Object__table__V)
                  20001368    00000034     pwmled_pem4f.oem4f (.data:ti_sysbios_family_arm_m3_Hwi_Module__state__V)
                  2000139c    00000030     pwmled_pem4f.oem4f (.data:ti_sysbios_family_arm_lm4_Timer_Module_State_0_device__A)
                  200013cc    00000030     pwmled_pem4f.oem4f (.data:ti_sysbios_knl_Swi_Object__table__V)
                  200013fc    0000002c     pwmled_pem4f.oem4f (.data:ti_sysbios_knl_Clock_Module__state__V)
                  20001428    00000024     pwmled_pem4f.oem4f (.data:ti_sysbios_BIOS_Module__state__V)
                  2000144c    0000001c     pwmled_pem4f.oem4f (.data:ti_sysbios_knl_Swi_Module__state__V)
                  20001468    00000018     drivers_tivaware.aem4f : PWMTiva.oem4f (.data)
                  20001480    00000018     pwmled_pem4f.oem4f (.data:ti_sysbios_family_arm_lm4_Timer_Module_State_0_handles__A)
                  20001498    00000018     pwmled_pem4f.oem4f (.data:ti_sysbios_family_arm_m3_Hwi_Object__table__V)
                  200014b0    00000018     pwmled_pem4f.oem4f (.data:ti_sysbios_heaps_HeapMem_Object__table__V)
                  200014c8    00000014     EK_TM4C123GXL.obj (.data:gpioPinConfigs)
                  200014dc    0000000c     pwmled_pem4f.oem4f (.data:ti_sysbios_family_arm_lm4_Timer_Module__state__V)
                  200014e8    0000000c     pwmled_pem4f.oem4f (.data:xdc_runtime_SysMin_Module__state__V)
                  200014f4    00000008     rtsv7M4_T_le_v4SPD16_eabi.lib : _lock.c.obj (.data:$O1$$)
                  200014fc    00000008     EK_TM4C123GXL.obj (.data:gpioCallbackFunctions)
                  20001504    00000008     pwmled_pem4f.oem4f (.data:ti_sysbios_family_arm_m3_Hwi_Module__root__V)
                  2000150c    00000008     pwmled_pem4f.oem4f (.data:ti_sysbios_gates_GateHwi_Module__root__V)
                  20001514    00000008     pwmled_pem4f.oem4f (.data:ti_sysbios_gates_GateMutex_Module__root__V)
                  2000151c    00000008     pwmled_pem4f.oem4f (.data:ti_sysbios_heaps_HeapMem_Module__root__V)
                  20001524    00000008     pwmled_pem4f.oem4f (.data:ti_sysbios_knl_Queue_Module__root__V)
                  2000152c    00000008     pwmled_pem4f.oem4f (.data:ti_sysbios_knl_Semaphore_Module__root__V)
                  20001534    00000008     pwmled_pem4f.oem4f (.data:ti_sysbios_knl_Task_Module__root__V)
                  2000153c    00000008     pwmled_pem4f.oem4f (.data:xdc_runtime_Registry_Module__state__V)
                  20001544    00000008     pwmled_pem4f.oem4f (.data:xdc_runtime_Startup_Module__state__V)
                  2000154c    00000008     pwmled_pem4f.oem4f (.data:xdc_runtime_System_Module_State_0_atexitHandlers__A)
                  20001554    00000008     pwmled_pem4f.oem4f (.data:xdc_runtime_System_Module__state__V)
                  2000155c    00000005     drivers_tivaware.aem4f : GPIOTiva.oem4f (.data)
                  20001561    00000001     --HOLE--
                  20001562    00000002     pwmled_pem4f.oem4f (.data:ti_sysbios_family_arm_m3_Hwi_Module_State_0_excActive__A)
                  20001564    00000004     drivers_tivaware.aem4f : PWM.oem4f (.data)
                  20001568    00000004     rtsv7M4_T_le_v4SPD16_eabi.lib : stkdepth_vars.c.obj (.data)
                  2000156c    00000004     pwmled_pem4f.oem4f (.data:ti_sysbios_family_arm_m3_Hwi_Module_State_0_excContext__A)
                  20001570    00000004     pwmled_pem4f.oem4f (.data:ti_sysbios_family_arm_m3_Hwi_Module_State_0_excStack__A)
                  20001574    00000004     pwmled_pem4f.oem4f (.data:ti_sysbios_gates_GateHwi_Object__table__V)
                  20001578    00000004     pwmled_pem4f.oem4f (.data:ti_sysbios_knl_Task_Module_State_0_idleTask__A)
                  2000157c    00000004     pwmled_pem4f.oem4f (.data:xdc_runtime_Memory_Module__state__V)
                  20001580    00000002     pwmled_pem4f.oem4f (.data:xdc_runtime_Error_Module__state__V)

.stack     0    20001588    00000300     UNINITIALIZED
                  20001588    00000300     --HOLE--

.bootVecs 
*          0    00000000    00000008     DSECT
                  00000000    00000008     boot.aem4f : boot.oem4f (.bootVecs)

.vecs      0    20000000    00000360     UNINITIALIZED
                  20000000    00000360     pwmled_pem4f.oem4f (.vecs)

xdc.meta   0    00000000    000000f9     COPY SECTION
                  00000000    000000f9     pwmled_pem4f.oem4f (xdc.meta)

MODULE SUMMARY

       Module                       code    ro data   rw data
       ------                       ----    -------   -------
    ./
       pwmled.obj                   462     0         596    
       EK_TM4C123GXL.obj            164     80        44     
    +--+----------------------------+-------+---------+---------+
       Total:                       626     80        640    
                                                             
    /home/dell/Documents/work/ccs_workspace/pwmled_EK_TM4C123GXL_TI/Debug/configPkg/package/cfg/
       pwmled_pem4f.oem4f           1654    7590      4376   
    +--+----------------------------+-------+---------+---------+
       Total:                       1654    7590      4376   
                                                             
    /home/dell/Documents/work/ccs_workspace/pwmled_EK_TM4C123GXL_TI/src/sysbios/sysbios.aem4f
       BIOS.obj                     9070    0         0      
       m3_Hwi_asm.obj               314     0         0      
       m3_TaskSupport_asm.obj       180     0         0      
       m3_Hwi_asm_switch.obj        118     0         0      
    +--+----------------------------+-------+---------+---------+
       Total:                       9682    0         0      
                                                             
    /home/dell/ti/ccs9/ccs/tools/compiler/ti-cgt-arm_18.12.2.LTS/lib/rtsv7M4_T_le_v4SPD16_eabi.lib
       trgmsg.c.obj                 108     0         288    
       memcpy_t2.asm.obj            156     0         0      
       memset_t2.asm.obj            122     0         0      
       copy_decompress_lzss.c.obj   104     0         0      
       hostwrite.c.obj              88      0         0      
       cpy_tbl.c.obj                76      0         0      
       u_divt2.asm.obj              64      0         0      
       _lock.c.obj                  26      0         8      
       args_main.c.obj              24      0         0      
       strlen.c.obj                 20      0         0      
       copy_decompress_none.c.obj   14      0         0      
       copy_zero_init.c.obj         12      0         0      
       hostopen.c.obj               0       0         8      
       exit.c.obj                   4       0         0      
       stkdepth_vars.c.obj          0       0         4      
       div0.asm.obj                 2       0         0      
    +--+----------------------------+-------+---------+---------+
       Total:                       820     0         308    
                                                             
    /home/dell/ti/tirtos_tivac_2_16_00_08/products/TivaWare_C_Series-2.1.1.71b/driverlib/ccs/Debug/driverlib.lib
       gpio.obj                     566     144       0      
       pwm.obj                      178     0         0      
       sysctl.obj                   72      0         0      
    +--+----------------------------+-------+---------+---------+
       Total:                       816     144       0      
                                                             
    /home/dell/ti/tirtos_tivac_2_16_00_08/products/bios_6_45_01_29/packages/ti/catalog/arm/cortexm4/tiva/ce/lib/Boot.aem4f
       Boot_sysctl.oem4f            262     0         0      
       Boot.oem4f                   152     0         0      
    +--+----------------------------+-------+---------+---------+
       Total:                       414     0         0      
                                                             
    /home/dell/ti/tirtos_tivac_2_16_00_08/products/bios_6_45_01_29/packages/ti/targets/arm/rtsarm/lib/auto_init.aem4f
       auto_init.oem4f              160     0         0      
    +--+----------------------------+-------+---------+---------+
       Total:                       160     0         0      
                                                             
    /home/dell/ti/tirtos_tivac_2_16_00_08/products/bios_6_45_01_29/packages/ti/targets/arm/rtsarm/lib/boot.aem4f
       boot.oem4f                   88      0         0      
    +--+----------------------------+-------+---------+---------+
       Total:                       88      0         0      
                                                             
    /home/dell/ti/tirtos_tivac_2_16_00_08/products/bios_6_45_01_29/packages/ti/targets/arm/rtsarm/lib/ti.targets.arm.rtsarm.aem4f
       System.oem4f                 1255    0         0      
       Text.oem4f                   672     0         0      
       Error.oem4f                  524     0         0      
       Core-mem.oem4f               358     0         0      
       Startup.oem4f                328     0         0      
       SysMin.oem4f                 248     0         0      
       Core-smem.oem4f              204     0         0      
       Memory.oem4f                 176     0         0      
       Assert.oem4f                 84      0         0      
       Core-params.oem4f            70      0         0      
       Core-label.oem4f             52      0         0      
       Registry.oem4f               32      0         0      
       Gate.oem4f                   28      0         0      
    +--+----------------------------+-------+---------+---------+
       Total:                       4031    0         0      
                                                             
    /home/dell/ti/tirtos_tivac_2_16_00_08/products/tidrivers_tivac_2_16_00_08/packages/ti/drivers/lib/drivers_tivaware.aem4f
       GPIOTiva.oem4f               764     156       153    
       PWMTiva.oem4f                962     32        24     
       PWM.oem4f                    130     12        4      
    +--+----------------------------+-------+---------+---------+
       Total:                       1856    200       181    
                                                             
       Stack:                       0       0         768    
       Linker Generated:            0       513       0      
    +--+----------------------------+-------+---------+---------+
       Grand Total:                 20147   8527      6273   


LINKER GENERATED COPY TABLES

__TI_cinit_table @ 000070b0 records: 3, size/record: 8, table size: 24
	.data: load addr=00006ec0, load size=000001cd bytes, run addr=20001160, run size=00000422 bytes, compression=lzss
	.bss: load addr=000070a0, load size=00000008 bytes, run addr=20000360, run size=00000e00 bytes, compression=zero_init
	.vecs: load addr=000070a8, load size=00000008 bytes, run addr=20000000, run size=00000360 bytes, compression=zero_init


LINKER GENERATED HANDLER TABLE

__TI_handler_table @ 00007090 records: 3, size/record: 4, table size: 12
	index: 0, handler: __TI_decompress_lzss
	index: 1, handler: __TI_decompress_none
	index: 2, handler: __TI_zero_init


GLOBAL SYMBOLS: SORTED ALPHABETICALLY BY Name 

address   name                                                              
-------   ----                                                              
000007bd  C$$EXIT                                                           
00003e5b  C$$IO$$                                                           
0000412d  EK_TM4C123GXL_initGPIO                                            
00003c39  EK_TM4C123GXL_initGeneral                                         
00003f49  EK_TM4C123GXL_initPWM                                             
000044b1  GPIODirModeSet                                                    
00004f41  GPIOIntClear                                                      
00004dd9  GPIOIntStatus                                                     
000034c1  GPIOIntTypeSet                                                    
000011f9  GPIOPadConfigSet                                                  
000038e5  GPIOPinConfigure                                                  
00004c55  GPIOPinTypeGPIOInput                                              
00004c67  GPIOPinTypePWM                                                    
00004f47  GPIOPinWrite                                                      
00006d08  GPIOTiva_config                                                   
00002f85  GPIO_hwiIntFxn                                                    
00002895  GPIO_init                                                         
00003615  GPIO_setCallback                                                  
00000f5d  GPIO_setConfig                                                    
00003665  GPIO_write                                                        
000033b9  HOSTwrite                                                         
00004bc5  PWMClockSet                                                       
000046c9  PWMGenConfigure                                                   
00004e25  PWMGenDisable                                                     
00004e31  PWMGenEnable                                                      
00004c79  PWMGenPeriodGet                                                   
00004cd5  PWMGenPeriodSet                                                   
00004c8b  PWMOutputInvert                                                   
00004c9d  PWMOutputState                                                    
00004879  PWMPulseWidthSet                                                  
00006ba6  PWMTiva_MAX_MATCH_VALUE                                           
00006ba4  PWMTiva_MAX_PRESCALAR                                             
00002e4d  PWMTiva_close                                                     
000029ad  PWMTiva_control                                                   
00006b88  PWMTiva_fxnTable                                                  
000046eb  PWMTiva_getPeriodCounts                                           
00004897  PWMTiva_getPeriodMicroSecs                                        
0000415d  PWMTiva_init                                                      
00000b2d  PWMTiva_open                                                      
00001a2d  PWMTiva_setDuty                                                   
00004ce5  PWM_Params_init                                                   
00006ad4  PWM_config                                                        
00006d40  PWM_defaultParams                                                 
00003df5  PWM_init                                                          
0000418d  PWM_open                                                          
00004f09  PWM_setDuty                                                       
UNDEFED   SHT$$INIT_ARRAY$$Base                                             
UNDEFED   SHT$$INIT_ARRAY$$Limit                                            
00004bd9  SysCtlPWMClockSet                                                 
00003f7d  SysCtlPeripheralEnable                                            
00000000  __ASM__                                                           
20000ec0  __CIOBUF_                                                         
00000077  __ISA__                                                           
0000008a  __PLAT__                                                          
20001888  __STACK_END                                                       
00000300  __STACK_SIZE                                                      
000000ab  __TARG__                                                          
000070b0  __TI_CINIT_Base                                                   
000070c8  __TI_CINIT_Limit                                                  
00007090  __TI_Handler_Table_Base                                           
0000709c  __TI_Handler_Table_Limit                                          
000023bd  __TI_auto_init                                                    
00002eb7  __TI_decompress_lzss                                              
00004de7  __TI_decompress_none                                              
ffffffff  __TI_pprof_out_hndl                                               
ffffffff  __TI_prof_data_size                                               
ffffffff  __TI_prof_data_start                                              
00003fb1  __TI_readmsg                                                      
00006ec0  __TI_static_base__                                                
00003e2d  __TI_writemsg                                                     
00004e55  __TI_zero_init                                                    
000000d1  __TRDR__                                                          
00002abd  __aeabi_idiv0                                                     
00002abd  __aeabi_ldiv0                                                     
00002b3d  __aeabi_memclr                                                    
00002b3d  __aeabi_memclr4                                                   
00002b3d  __aeabi_memclr8                                                   
000024fd  __aeabi_memcpy                                                    
000024fd  __aeabi_memcpy4                                                   
000024fd  __aeabi_memcpy8                                                   
00002b3f  __aeabi_memset                                                    
00002b3f  __aeabi_memset4                                                   
00002b3f  __aeabi_memset8                                                   
00003c79  __aeabi_uidiv                                                     
00003c79  __aeabi_uidivmod                                                  
ffffffff  __binit__                                                         
ffffffff  __c_args__                                                        
20001588  __stack                                                           
00004aa5  _args_main                                                        
00003411  _c_int00                                                          
200014f4  _lock                                                             
00002633  _nop                                                              
00004e3d  _register_lock                                                    
00004e49  _register_unlock                                                  
200014f8  _unlock                                                           
000007bd  abort                                                             
ffffffff  binit                                                             
000037a9  copy_in                                                           
200014fc  gpioCallbackFunctions                                             
200014c8  gpioPinConfigs                                                    
00001cd5  main                                                              
20001568  main_func_sp                                                      
000024fd  memcpy                                                            
00002b45  memset                                                            
00004d79  osi_TaskDisable                                                   
00004d19  osi_start                                                         
20001150  parmbuf                                                           
00001bfd  pwmLEDFxn                                                         
00006ca8  pwmTivaHWAttrs                                                    
20001140  pwmTivaObjects                                                    
00004bed  strlen                                                            
2000115c  task                                                              
00006d6c  ti_catalog_arm_cortexm4_tiva_ce_Boot_A_mustUseEnhancedClockMode__C
00006d70  ti_catalog_arm_cortexm4_tiva_ce_Boot_Module__diagsEnabled__C      
00006d74  ti_catalog_arm_cortexm4_tiva_ce_Boot_Module__diagsIncluded__C     
00006d78  ti_catalog_arm_cortexm4_tiva_ce_Boot_Module__diagsMask__C         
000068ca  ti_catalog_arm_cortexm4_tiva_ce_Boot_Module__id__C                
00004e19  ti_catalog_arm_cortexm4_tiva_ce_Boot_init__I                      
00001549  ti_catalog_arm_cortexm4_tiva_ce_Boot_sysCtlClockSetI__I           
00002635  ti_catalog_arm_cortexm4_tiva_ce_Boot_sysCtlClockSet__E            
00004f4d  ti_catalog_arm_cortexm4_tiva_ce_Boot_sysCtlDelayI__I              
20001428  ti_sysbios_BIOS_Module__state__V                                  
00004a09  ti_sysbios_BIOS_RtsGateProxy_Handle__label__S                     
0000460d  ti_sysbios_BIOS_RtsGateProxy_Object__delete__S                    
000009b5  ti_sysbios_BIOS_RtsGateProxy_enter__E                             
00000c9d  ti_sysbios_BIOS_RtsGateProxy_leave__E                             
00004f91  ti_sysbios_BIOS_RtsGateProxy_query__E                             
000041bd  ti_sysbios_BIOS_atExitFunc__I                                     
0000457d  ti_sysbios_BIOS_errorRaiseHook__I                                 
00004b99  ti_sysbios_BIOS_exitFunc__I                                       
00004cf9  ti_sysbios_BIOS_getCpuFreq__E                                     
00002abf  ti_sysbios_BIOS_nullFunc__I                                       
000045a1  ti_sysbios_BIOS_registerRTSLock__I                                
000045c5  ti_sysbios_BIOS_removeRTSLock__I                                  
00004755  ti_sysbios_BIOS_rtsLock__I                                        
00004abd  ti_sysbios_BIOS_rtsUnlock__I                                      
00004d09  ti_sysbios_BIOS_setThreadType__E                                  
000045e9  ti_sysbios_BIOS_startFunc__I                                      
00004d19  ti_sysbios_BIOS_start__E                                          
2000139c  ti_sysbios_family_arm_lm4_Timer_Module_State_0_device__A          
20001480  ti_sysbios_family_arm_lm4_Timer_Module_State_0_handles__A         
00004ad5  ti_sysbios_family_arm_lm4_Timer_Module__startupDone__F            
00004ad5  ti_sysbios_family_arm_lm4_Timer_Module__startupDone__S            
200014dc  ti_sysbios_family_arm_lm4_Timer_Module__state__V                  
00002fe9  ti_sysbios_family_arm_lm4_Timer_Module_startup__E                 
200012f0  ti_sysbios_family_arm_lm4_Timer_Object__table__V                  
00006d7c  ti_sysbios_family_arm_lm4_Timer_enableFunc__C                     
00003931  ti_sysbios_family_arm_lm4_Timer_enableTimers__I                   
00002311  ti_sysbios_family_arm_lm4_Timer_enableTiva__I                     
00004e61  ti_sysbios_family_arm_lm4_Timer_getMaxTicks__E                    
00003519  ti_sysbios_family_arm_lm4_Timer_initDevice__I                     
00003a99  ti_sysbios_family_arm_lm4_Timer_isrStub__E                        
00004f27  ti_sysbios_family_arm_lm4_Timer_masterDisable__I                  
00000e05  ti_sysbios_family_arm_lm4_Timer_masterEnable__I                   
00006d80  ti_sysbios_family_arm_lm4_Timer_numTimerDevices__C                
00001441  ti_sysbios_family_arm_lm4_Timer_start__E                          
00006d84  ti_sysbios_family_arm_lm4_Timer_startupNeeded__C                  
00003cb9  ti_sysbios_family_arm_lm4_Timer_startup__E                        
000041f1  ti_sysbios_family_arm_lm4_Timer_stop__E                           
00004711  ti_sysbios_family_arm_lm4_Timer_write__I                          
00006d88  ti_sysbios_family_arm_m3_Hwi_E_NMI__C                             
00006d8c  ti_sysbios_family_arm_m3_Hwi_E_alreadyDefined__C                  
00006d90  ti_sysbios_family_arm_m3_Hwi_E_busFault__C                        
00006d94  ti_sysbios_family_arm_m3_Hwi_E_debugMon__C                        
00006d98  ti_sysbios_family_arm_m3_Hwi_E_hardFault__C                       
00006d9c  ti_sysbios_family_arm_m3_Hwi_E_memFault__C                        
00006da0  ti_sysbios_family_arm_m3_Hwi_E_noIsr__C                           
00006da4  ti_sysbios_family_arm_m3_Hwi_E_reserved__C                        
00006da8  ti_sysbios_family_arm_m3_Hwi_E_svCall__C                          
00006dac  ti_sysbios_family_arm_m3_Hwi_E_usageFault__C                      
000049d5  ti_sysbios_family_arm_m3_Hwi_Handle__label__S                     
00003fe9  ti_sysbios_family_arm_m3_Hwi_Instance_finalize__E                 
000026d1  ti_sysbios_family_arm_m3_Hwi_Instance_init__E                     
20001562  ti_sysbios_family_arm_m3_Hwi_Module_State_0_excActive__A          
2000156c  ti_sysbios_family_arm_m3_Hwi_Module_State_0_excContext__A         
20001570  ti_sysbios_family_arm_m3_Hwi_Module_State_0_excStack__A           
00006ea4  ti_sysbios_family_arm_m3_Hwi_Module__id__C                        
20001504  ti_sysbios_family_arm_m3_Hwi_Module__root__V                      
00004aed  ti_sysbios_family_arm_m3_Hwi_Module__startupDone__F               
00004aed  ti_sysbios_family_arm_m3_Hwi_Module__startupDone__S               
20001368  ti_sysbios_family_arm_m3_Hwi_Module__state__V                     
000036b9  ti_sysbios_family_arm_m3_Hwi_Module_startup__E                    
00006db0  ti_sysbios_family_arm_m3_Hwi_NUM_INTERRUPTS__C                    
00006ba8  ti_sysbios_family_arm_m3_Hwi_Object__DESC__C                      
00006a7c  ti_sysbios_family_arm_m3_Hwi_Object__PARAMS__C                    
00006db4  ti_sysbios_family_arm_m3_Hwi_Object__count__C                     
00004c01  ti_sysbios_family_arm_m3_Hwi_Object__get__S                       
20001498  ti_sysbios_family_arm_m3_Hwi_Object__table__V                     
00004e6d  ti_sysbios_family_arm_m3_Hwi_Params__init__S                      
00006db8  ti_sysbios_family_arm_m3_Hwi_ccr__C                               
0000304d  ti_sysbios_family_arm_m3_Hwi_create                               
00004e79  ti_sysbios_family_arm_m3_Hwi_disableFxn__E                        
00003979  ti_sysbios_family_arm_m3_Hwi_disableInterrupt__E                  
000030b1  ti_sysbios_family_arm_m3_Hwi_dispatchC__I                         
20000760  ti_sysbios_family_arm_m3_Hwi_dispatchTable                        
[...]
00004d39  ti_sysbios_gates_GateMutex_Instance_finalize__E                   
00004d49  ti_sysbios_knl_Semaphore_Instance_finalize__E                     
00004d59  ti_sysbios_knl_Swi_disable__E                                     
00004d69  ti_sysbios_knl_Task_Object__get__S                                
00004d79  osi_TaskDisable                                                   
00004d79  ti_sysbios_knl_Task_disable__E                                    
00004d89  xdc_runtime_Gate_leaveSystem__E                                   
00004d99  xdc_runtime_Memory_free__E                                        
00004da9  xdc_runtime_SysMin_ready__E                                       
00004da9  xdc_runtime_System_SupportProxy_ready__E                          
00004db9  xdc_runtime_System_vsnprintf__E                                   
00004dc9  xdc_runtime_Text_visitRope__I                                     
00004dd9  GPIOIntStatus                                                     
00004de7  __TI_decompress_none                                              
00004df9  ti_sysbios_knl_Idle_loop__E                                       
00004e09  ti_sysbios_knl_Queue_empty__E                                     
00004e19  ti_catalog_arm_cortexm4_tiva_ce_Boot_init__I                      
00004e25  PWMGenDisable                                                     
00004e31  PWMGenEnable                                                      
00004e3d  _register_lock                                                    
00004e49  _register_unlock                                                  
00004e55  __TI_zero_init                                                    
00004e61  ti_sysbios_family_arm_lm4_Timer_getMaxTicks__E                    
00004e6d  ti_sysbios_family_arm_m3_Hwi_Params__init__S                      
00004e6d  ti_sysbios_hal_Hwi_HwiProxy_Params__init__S                       
00004e79  ti_sysbios_family_arm_m3_Hwi_disableFxn__E                        
00004e79  ti_sysbios_hal_Hwi_HwiProxy_disable__E                            
00004e89  ti_sysbios_family_arm_m3_TaskSupport_checkStack__E                
00004e89  ti_sysbios_knl_Task_SupportProxy_checkStack__E                    
00004e99  ti_sysbios_family_arm_m3_TaskSupport_getStackAlignment__E         
00004e99  ti_sysbios_knl_Task_SupportProxy_getStackAlignment__E             
00004ea9  ti_sysbios_gates_GateHwi_enter__E                                 
00004eb5  ti_sysbios_knl_Queue_Object__get__S                               
00004ec1  ti_sysbios_knl_Task_Params__init__S                               
00004ed9  xdc_runtime_Error_init__E                                         
00004ee5  xdc_runtime_Gate_enterSystem__E                                   
00004ef1  xdc_runtime_Memory_calloc__E                                      
00004efd  xdc_runtime_Memory_getMaxDefaultTypeAlign__E                      
00004f09  PWM_setDuty                                                       
00004f13  xdc_runtime_Memory_HeapProxy_alloc__E                             
00004f1d  xdc_runtime_Memory_HeapProxy_free__E                              
00004f27  ti_sysbios_family_arm_lm4_Timer_masterDisable__I                  
00004f31  ti_sysbios_family_arm_m3_Hwi_doSwiRestore__I                      
00004f39  ti_sysbios_family_arm_m3_Hwi_startup__E                           
00004f39  ti_sysbios_hal_Hwi_HwiProxy_startup__E                            
00004f39  ti_sysbios_hal_Hwi_startup__E                                     
00004f41  GPIOIntClear                                                      
00004f47  GPIOPinWrite                                                      
00004f4d  ti_catalog_arm_cortexm4_tiva_ce_Boot_sysCtlDelayI__I              
00004f53  xdc_runtime_System_Module_startup__E                              
00004f59  ti_sysbios_family_arm_m3_Hwi_doTaskRestore__I                     
00004f61  ti_sysbios_family_arm_m3_Hwi_restoreFxn__E                        
00004f61  ti_sysbios_hal_Hwi_HwiProxy_restore__E                            
00004f69  ti_sysbios_gates_GateHwi_leave__E                                 
00004f71  ti_sysbios_heaps_HeapMem_isBlocking__E                            
00004f79  ti_sysbios_knl_Queue_Instance_init__E                             
00004f81  ti_sysbios_knl_Swi_startup__E                                     
00004f89  ti_sysbios_gates_GateHwi_query__E                                 
00004f89  xdc_runtime_Main_Module_GateProxy_query__E                        
00004f89  xdc_runtime_System_Module_GateProxy_query__E                      
00004f91  ti_sysbios_BIOS_RtsGateProxy_query__E                             
00004f91  ti_sysbios_gates_GateMutex_query__E                               
00004f91  ti_sysbios_heaps_HeapMem_Module_GateProxy_query__E                
00004f99  ti_sysbios_knl_Task_startup__E                                    
00004fa1  ti_sysbios_gates_GateHwi_Instance_init__E                         
00004fa9  ti_sysbios_knl_Clock_logTick__E                                   
00004fac  xdc_runtime_Text_charTab__A                                       
0000680d  xdc_runtime_Error_policy__C                                       
0000680e  xdc_runtime_Text_nodeTab__A                                       
000068ca  ti_catalog_arm_cortexm4_tiva_ce_Boot_Module__id__C                
00006a40  ti_sysbios_knl_Task_Object__PARAMS__C                             
00006a7c  ti_sysbios_family_arm_m3_Hwi_Object__PARAMS__C                    
00006aac  ti_sysbios_heaps_HeapMem_Module__FXNS__C                          
00006ad4  PWM_config                                                        
00006af8  ti_sysbios_gates_GateHwi_Module__FXNS__C                          
00006b1c  ti_sysbios_gates_GateMutex_Module__FXNS__C                        
00006b40  ti_sysbios_heaps_HeapMem_Object__PARAMS__C                        
00006b64  ti_sysbios_knl_Semaphore_Object__PARAMS__C                        
00006b88  PWMTiva_fxnTable                                                  
00006ba4  PWMTiva_MAX_PRESCALAR                                             
00006ba6  PWMTiva_MAX_MATCH_VALUE                                           
00006ba8  ti_sysbios_family_arm_m3_Hwi_Object__DESC__C                      
00006bc8  ti_sysbios_gates_GateHwi_Object__DESC__C                          
00006be8  ti_sysbios_gates_GateMutex_Object__DESC__C                        
00006c08  ti_sysbios_heaps_HeapMem_Object__DESC__C                          
00006c28  ti_sysbios_knl_Queue_Object__DESC__C                              
00006c48  ti_sysbios_knl_Semaphore_Object__DESC__C                          
00006c68  ti_sysbios_knl_Task_Object__DESC__C                               
00006c88  xdc_runtime_Startup_sfxnTab__A                                    
00006ca8  pwmTivaHWAttrs                                                    
00006cc0  ti_sysbios_gates_GateHwi_Object__PARAMS__C                        
00006cd8  ti_sysbios_gates_GateMutex_Object__PARAMS__C                      
00006cf0  ti_sysbios_knl_Queue_Object__PARAMS__C                            
00006d08  GPIOTiva_config                                                   
00006d1c  xdc_runtime_Startup_firstFxns__A                                  
00006d30  xdc_runtime_Startup_sfxnRts__A                                    
00006d40  PWM_defaultParams                                                 
00006d4c  ti_sysbios_family_arm_m3_Hwi_excHookFuncs__A                      
00006d54  ti_sysbios_knl_Idle_funcList__C                                   
00006d5c  xdc_runtime_Startup_firstFxns__C                                  
00006d64  xdc_runtime_Startup_lastFxns__C                                   
00006d6c  ti_catalog_arm_cortexm4_tiva_ce_Boot_A_mustUseEnhancedClockMode__C
00006d70  ti_catalog_arm_cortexm4_tiva_ce_Boot_Module__diagsEnabled__C      
00006d74  ti_catalog_arm_cortexm4_tiva_ce_Boot_Module__diagsIncluded__C     
00006d78  ti_catalog_arm_cortexm4_tiva_ce_Boot_Module__diagsMask__C         
00006d7c  ti_sysbios_family_arm_lm4_Timer_enableFunc__C                     
00006d80  ti_sysbios_family_arm_lm4_Timer_numTimerDevices__C                
00006d84  ti_sysbios_family_arm_lm4_Timer_startupNeeded__C                  
00006d88  ti_sysbios_family_arm_m3_Hwi_E_NMI__C                             
00006d8c  ti_sysbios_family_arm_m3_Hwi_E_alreadyDefined__C                  
00006d90  ti_sysbios_family_arm_m3_Hwi_E_busFault__C                        
00006d94  ti_sysbios_family_arm_m3_Hwi_E_debugMon__C                        
00006d98  ti_sysbios_family_arm_m3_Hwi_E_hardFault__C                       
00006d9c  ti_sysbios_family_arm_m3_Hwi_E_memFault__C                        
00006da0  ti_sysbios_family_arm_m3_Hwi_E_noIsr__C                           
00006da4  ti_sysbios_family_arm_m3_Hwi_E_reserved__C                        
00006da8  ti_sysbios_family_arm_m3_Hwi_E_svCall__C                          
00006dac  ti_sysbios_family_arm_m3_Hwi_E_usageFault__C                      
00006db0  ti_sysbios_family_arm_m3_Hwi_NUM_INTERRUPTS__C                    
00006db4  ti_sysbios_family_arm_m3_Hwi_Object__count__C                     
00006db8  ti_sysbios_family_arm_m3_Hwi_ccr__C                               
00006dbc  ti_sysbios_family_arm_m3_Hwi_excHandlerFunc__C                    
00006dc0  ti_sysbios_family_arm_m3_Hwi_excHookFuncs__C                      
00006dc4  ti_sysbios_family_arm_m3_Hwi_nullIsrFunc__C                       
00006dc8  ti_sysbios_family_arm_m3_Hwi_priGroup__C                          
00006dcc  ti_sysbios_family_arm_m3_TaskSupport_stackAlignment__C            
00006dd0  ti_sysbios_gates_GateMutex_Instance_State_sem__O                  
00006dd4  ti_sysbios_hal_Hwi_E_stackOverflow__C                             
00006dd8  ti_sysbios_heaps_HeapMem_E_memory__C                              
00006ddc  ti_sysbios_heaps_HeapMem_Module__gateObj__C                       
00006de0  ti_sysbios_heaps_HeapMem_Object__count__C                         
00006de4  ti_sysbios_heaps_HeapMem_reqAlign__C                              
00006de8  ti_sysbios_knl_Clock_Module_State_clockQ__O                       
00006dec  ti_sysbios_knl_Idle_funcList__A                                   
00006df0  ti_sysbios_knl_Semaphore_Instance_State_pendQ__O                  
00006df4  ti_sysbios_knl_Swi_Object__count__C                               
00006df8  ti_sysbios_knl_Task_E_spOutOfBounds__C                            
00006dfc  ti_sysbios_knl_Task_E_stackOverflow__C                            
00006e00  ti_sysbios_knl_Task_Module_State_inactiveQ__O                     
00006e04  ti_sysbios_knl_Task_Object__count__C                              
00006e08  ti_sysbios_knl_Task_allBlockedFunc__C                             
00006e0c  ti_sysbios_knl_Task_defaultStackHeap__C                           
00006e10  ti_sysbios_knl_Task_defaultStackSize__C                           
00006e14  ti_sysbios_knl_Task_numConstructedTasks__C                        
00006e18  xdc_runtime_Assert_E_assertFailed__C                              
00006e1c  xdc_runtime_Core_A_initializedParams__C                           
00006e20  xdc_runtime_Core_Module__diagsEnabled__C                          
00006e24  xdc_runtime_Core_Module__diagsIncluded__C                         
00006e28  xdc_runtime_Core_Module__diagsMask__C                             
00006e2c  xdc_runtime_Error_E_memory__C                                     
00006e30  xdc_runtime_Error_Module__diagsEnabled__C                         
00006e34  xdc_runtime_Error_Module__diagsIncluded__C                        
00006e38  xdc_runtime_Error_Module__diagsMask__C                            
00006e3c  xdc_runtime_Error_Module__loggerFxn8__C                           
00006e40  xdc_runtime_Error_Module__loggerObj__C                            
00006e44  xdc_runtime_Error_policyFxn__C                                    
00006e48  xdc_runtime_Error_raiseHook__C                                    
00006e4c  xdc_runtime_IGateProvider_Interface__BASE__C                      
00006e50  xdc_runtime_IHeap_Interface__BASE__C                              
00006e54  xdc_runtime_IModule_Interface__BASE__C                            
00006e58  xdc_runtime_Log_L_error__C                                        
00006e5c  xdc_runtime_Memory_defaultHeapInstance__C                         
00006e60  xdc_runtime_Startup_execImpl__C                                   
00006e64  xdc_runtime_Startup_maxPasses__C                                  
00006e68  xdc_runtime_Startup_sfxnRts__C                                    
00006e6c  xdc_runtime_Startup_sfxnTab__C                                    
00006e70  xdc_runtime_SysMin_bufSize__C                                     
00006e74  xdc_runtime_SysMin_outputFunc__C                                  
00006e78  xdc_runtime_System_Module__gateObj__C                             
00006e7c  xdc_runtime_System_abortFxn__C                                    
00006e80  xdc_runtime_System_exitFxn__C                                     
00006e84  xdc_runtime_System_extendFxn__C                                   
00006e88  xdc_runtime_System_maxAtexitHandlers__C                           
00006e8c  xdc_runtime_Text_charTab__C                                       
00006e90  xdc_runtime_Text_nameEmpty__C                                     
00006e94  xdc_runtime_Text_nameStatic__C                                    
00006e98  xdc_runtime_Text_nameUnknown__C                                   
00006e9c  xdc_runtime_Text_nodeTab__C                                       
00006ea0  xdc_runtime_Text_visitRopeFxn__C                                  
00006ea4  ti_sysbios_family_arm_m3_Hwi_Module__id__C                        
00006ea6  ti_sysbios_hal_Hwi_Module__id__C                                  
00006ea8  ti_sysbios_heaps_HeapMem_Module__id__C                            
00006eaa  ti_sysbios_knl_Task_Module__id__C                                 
00006eac  xdc_runtime_Core_Module__id__C                                    
00006eae  xdc_runtime_Error_Module__loggerDefined__C                        
00006eb0  xdc_runtime_Error_maxDepth__C                                     
00006eb2  xdc_runtime_Memory_Module__id__C                                  
00006eb4  xdc_runtime_SysMin_flushAtExit__C                                 
00006eb6  xdc_runtime_Text_charCnt__C                                       
00006eb8  xdc_runtime_Text_isLoaded__C                                      
00006eba  xdc_runtime_Text_registryModsLastId__C                            
00006ebc  xdc_runtime_Text_unnamedModsLastId__C                             
00006ec0  __TI_static_base__                                                
00007090  __TI_Handler_Table_Base                                           
0000709c  __TI_Handler_Table_Limit                                          
000070b0  __TI_CINIT_Base                                                   
000070c8  __TI_CINIT_Limit                                                  
20000000  ti_sysbios_family_arm_m3_Hwi_ramVectors                           
20000360  ti_sysbios_heaps_HeapMem_Instance_State_0_buf__A                  
20000760  ti_sysbios_family_arm_m3_Hwi_dispatchTable                        
20000ac0  ti_sysbios_knl_Task_Instance_State_0_stack__A                     
20000cc0  tsk0Stack                                                         
20000ec0  __CIOBUF_                                                         
20001070  xdc_runtime_SysMin_Module_State_0_outbuf__A                       
200010f0  tsk0Struct                                                        
20001140  pwmTivaObjects                                                    
20001150  parmbuf                                                           
2000115c  task                                                              
20001160  ti_sysbios_knl_Swi_Module_State_0_readyQ__A                       
200011e0  ti_sysbios_knl_Task_Module_State_0_readyQ__A                      
20001260  ti_sysbios_knl_Task_Object__table__V                              
200012ac  ti_sysbios_knl_Task_Module__state__V                              
200012f0  ti_sysbios_family_arm_lm4_Timer_Object__table__V                  
20001330  ti_sysbios_gates_GateMutex_Object__table__V                       
20001368  ti_sysbios_family_arm_m3_Hwi_Module__state__V                     
2000139c  ti_sysbios_family_arm_lm4_Timer_Module_State_0_device__A          
200013cc  ti_sysbios_knl_Swi_Object__table__V                               
200013fc  ti_sysbios_knl_Clock_Module__state__V                             
20001428  ti_sysbios_BIOS_Module__state__V                                  
2000144c  ti_sysbios_knl_Swi_Module__state__V                               
20001480  ti_sysbios_family_arm_lm4_Timer_Module_State_0_handles__A         
20001498  ti_sysbios_family_arm_m3_Hwi_Object__table__V                     
200014b0  ti_sysbios_heaps_HeapMem_Object__table__V                         
200014c8  gpioPinConfigs                                                    
200014dc  ti_sysbios_family_arm_lm4_Timer_Module__state__V                  
200014e8  xdc_runtime_SysMin_Module__state__V                               
200014f4  _lock                                                             
200014f8  _unlock                                                           
200014fc  gpioCallbackFunctions                                             
20001504  ti_sysbios_family_arm_m3_Hwi_Module__root__V                      
2000150c  ti_sysbios_gates_GateHwi_Module__root__V                          
20001514  ti_sysbios_gates_GateMutex_Module__root__V                        
2000151c  ti_sysbios_heaps_HeapMem_Module__root__V                          
20001524  ti_sysbios_knl_Queue_Module__root__V                              
2000152c  ti_sysbios_knl_Semaphore_Module__root__V                          
20001534  ti_sysbios_knl_Task_Module__root__V                               
2000153c  xdc_runtime_Registry_Module__state__V                             
20001544  xdc_runtime_Startup_Module__state__V                              
2000154c  xdc_runtime_System_Module_State_0_atexitHandlers__A               
20001554  xdc_runtime_System_Module__state__V                               
20001562  ti_sysbios_family_arm_m3_Hwi_Module_State_0_excActive__A          
20001568  main_func_sp                                                      
2000156c  ti_sysbios_family_arm_m3_Hwi_Module_State_0_excContext__A         
20001570  ti_sysbios_family_arm_m3_Hwi_Module_State_0_excStack__A           
20001574  ti_sysbios_gates_GateHwi_Object__table__V                         
20001578  ti_sysbios_knl_Task_Module_State_0_idleTask__A                    
2000157c  xdc_runtime_Memory_Module__state__V                               
20001580  xdc_runtime_Error_Module__state__V                                
20001588  __stack                                                           
20001888  __STACK_END                                                       
e000e000  ti_sysbios_family_arm_m3_Hwi_nvic                                 
ffffffff  __TI_pprof_out_hndl                                               
ffffffff  __TI_prof_data_size                                               
ffffffff  __TI_prof_data_start                                              
ffffffff  __binit__                                                         
ffffffff  __c_args__                                                        
ffffffff  binit                                                             
UNDEFED   SHT$$INIT_ARRAY$$Base                                             
UNDEFED   SHT$$INIT_ARRAY$$Limit                                            

[546 symbols]
